Renesas Optimizing Linker (W2.04.00 )             02-May-2016 16:14:33

*** Options ***

-subcommand=LinkerSubCommand.tmp
-input="./src/S12ADC.obj"
-input="./src/main.obj"
-input="./src/LowLevelDrivers/MTU2a/MTU_C3.obj"
-input="./src/LowLevelDrivers/MTU2a/MTU_C4.obj"
-input="./src/LowLevelDrivers/MTU2a/MTU_C5U.obj"
-input="./src/LowLevelDrivers/MTU2a/MTU_C5W.obj"
-input="./src/LowLevelDrivers/CMT.obj"
-input="./src/LowLevelDrivers/I2C.obj"
-input="./src/Ducted_Drivers/AHRS.obj"
-input="./src/Ducted_Drivers/AHRS_Mahony.obj"
-input="./src/Ducted_Drivers/AverageFilter.obj"
-input="./src/Ducted_Drivers/HMC5883L.obj"
-input="./src/Ducted_Drivers/IMU_write_read.obj"
-input="./src/Ducted_Drivers/Kalman.obj"
-input="./src/Ducted_Drivers/MPU6050.obj"
-input="./src/Ducted_Drivers/MS5611-01BA01.obj"
-input="./src/Ducted_Drivers/Motor.obj"
-input="./src/Ducted_Drivers/PID.obj"
-input="./src/Ducted_Drivers/RC_CH1.obj"
-input="./src/Ducted_Drivers/Servo.obj"
-input="./src/Ducted_Drivers/Sonar.obj"
-input="./src/Ducted_Drivers/WatchDogTimer.obj"
-input="./r_rspi_rx600/src/r_rspi_rx600.obj"
-input="./r_riic_rx600/src/r_riic_rx600.obj"
-input="./r_riic_rx600/src/r_riic_rx600_master.obj"
-input="./r_glyph/src/r_glyph.obj"
-input="./r_glyph/src/r_glyph_register.obj"
-input="./r_glyph/src/glyph/glyph.obj"
-input="./r_glyph/src/glyph/fonts/font_8x8.obj"
-input="./r_glyph/src/glyph/drivers/st7579_lcd.obj"
-input="./r_bsp/board/rdkrx63n/lowlvl.obj"
-input="./r_bsp/board/rdkrx63n/dbsct.obj"
-input="./r_bsp/board/rdkrx63n/flash_options.obj"
-input="./r_bsp/board/rdkrx63n/hwsetup.obj"
-input="./r_bsp/board/rdkrx63n/lcd.obj"
-input="./r_bsp/board/rdkrx63n/lowsrc.obj"
-input="./r_bsp/board/rdkrx63n/resetprg.obj"
-input="./r_bsp/board/rdkrx63n/sbrk.obj"
-input="./r_bsp/board/rdkrx63n/vecttbl.obj"
-start=SI,SU,B_1,R_1,B_2,R_2,B,R/0,C_1,C_2,C,C$*,L*,D*,P,W*/0FFF80000,FIXEDVECT/0FFFFFF90
-library=C:\Users\Enrico\git\DUCTED~1\DUCTED~1\Debug\ADC_OneShot.lib
-noprelink
-list=ADC_OneShot.map
-show
-nooptimize
-debug
-output=C:\Users\Enrico\git\Ducted_Fan\Ducted_Fan\Debug\ADC_OneShot.abs
-nocompress
-nologo
-nomessage
-rom=D=R,D_1=R_1,D_2=R_2
-vect=_undefined_interrupt_source_isr

*** Error information ***

*** Mapping List ***

SECTION                            START      END         SIZE   ALIGN

SI
                                  00000000  000003ff       400   4
SU
                                  00000400  000013ff      1000   4
B_1
                                  00001400  00001495        96   1
R_1
                                  00001496  00001501        6c   1
B_2
                                  00001502  00001503         2   2
R_2
                                  00001504  00001515        12   2
B
                                  00001518  000021cf       cb8   4
R
                                  000021d0  0000290f       740   4
$ADDR_C_FF7FFFE8
                                  ff7fffe8  ff7fffff        18   1
C_1
                                  fff80000  fff80ad1       ad2   1
C_2
                                  fff80ad2  fff80cd3       202   2
C
                                  fff80cd4  fff80edf       20c   4
C$DSEC
                                  fff80ee0  fff80f03        24   4
C$BSEC
                                  fff80f04  fff80f1b        18   4
C$VECT
                                  fff80f1c  fff8131b       400   4
L
                                  fff8131c  fff814e0       1c5   4
D
                                  fff814e4  fff81c23       740   4
D_1
                                  fff81c24  fff81c8f        6c   1
D_2
                                  fff81c90  fff81ca1        12   2
P
                                  fff81ca2  fff8a3b7      8716   1
W
                                  fff8a3b8  fff8a3b8         0   4
W_1
                                  fff8a3b8  fff8a3db        24   1
W_2
                                  fff8a3dc  fff8a431        56   2
$ADDR_C_FFFFFF80
                                  ffffff80  ffffff8f        10   1
FIXEDVECT
                                  ffffff90  ffffffff        70   4

*** Symbol List ***

SECTION=
FILE=                               START        END    SIZE
  SYMBOL                            ADDR        SIZE    INFO      COUNTS  OPT

SECTION=SI
FILE=.\r_bsp\board\rdkrx63n\resetprg.obj
                                  00000000  000003ff       400

SECTION=SU
FILE=.\r_bsp\board\rdkrx63n\resetprg.obj
                                  00000400  000013ff      1000

SECTION=B_1
FILE=.\src\main.obj
                                  00001400  0000145f        60
  _lcd_buffer
                                  00001400        60   data ,l         3
FILE=.\src\LowLevelDrivers\CMT.obj
                                  00001460  00001467         8
  _timers
                                  00001460         8   data ,g         2
FILE=.\src\Ducted_Drivers\MS5611-01BA01.obj
                                  00001468  0000146d         6
  _Buffer_Rx1
                                  00001468         3   data ,g         3
  _Buffer_Tx1
                                  0000146b         1   data ,g         3
  _Buffer_Rx2
                                  0000146c         1   data ,g         0
  _Buffer_Tx2
                                  0000146d         1   data ,g         1
FILE=.\r_bsp\board\rdkrx63n\lowsrc.obj
                                  0000146e  00001495        28
  _flmod
                                  0000146e        14   data ,g         5
  _sml_buf
                                  00001482        14   data ,g         0

SECTION=R_1
FILE=.\src\Ducted_Drivers\HMC5883L.obj
                                  00001496  000014a3         e
  _ENABLE_REG
                                  00001496         1   data ,g         1
  _DISABLE_REG
                                  00001497         1   data ,g         0
  _CONFIG_6A
                                  00001498         1   data ,g         1
  _CONFIG_MST_CTR
                                  00001499         1   data ,g         1
  _CONFIG_SLV0_ADDR_R
                                  0000149a         1   data ,g         1
  _CONFIG_SLV0_ADDR_W
                                  0000149b         1   data ,g         2
  _CONFIG_SLV0_REG_DATA
                                  0000149c         1   data ,g         1
  _CONFIG_SLV0_CTRL_1
                                  0000149d         1   data ,g         2
  _CONFIG_SLV0_CTRL_2
                                  0000149e         1   data ,g         1
  _CONFIG_SLV0_CTRL_Enable
                                  0000149f         1   data ,g         2
  _CONFIG_INT_PIN_CFG
                                  000014a0         1   data ,g         0
  _CONFIG_REG_A
                                  000014a1         1   data ,g         1
  _CONFIG_REG_B
                                  000014a2         1   data ,g         1
  _CONFIG_MODE_REG
                                  000014a3         1   data ,g         1
FILE=.\src\Ducted_Drivers\MPU6050.obj
                                  000014a4  000014a9         6
  _DISABLE
                                  000014a4         1   data ,g         1
  _INITIAL
                                  000014a5         1   data ,g         1
  _ENABLE
                                  000014a6         1   data ,g         1
  _RATE_1000
                                  000014a7         1   data ,g         1
  _D_GYRO_SELF_TEST
                                  000014a8         1   data ,g         1
  _GYRO_CLOCK
                                  000014a9         1   data ,g         1
FILE=.\r_rspi_rx600\src\r_rspi_rx600.obj
                                  000014aa  000014ac         3
  _rspi_initialized
                                  000014aa         3   data ,l         1
FILE=.\r_riic_rx600\src\r_riic_rx600.obj
                                  000014ad  000014b0         4
  _g_riic_locked
                                  000014ad         2   data ,l         5
  _riic_initialized
                                  000014af         2   data ,l         2
FILE=xfiles
                                  000014b1  00001500        50
  _ebuf
                                  000014b1        50   data ,l         5
FILE=xstate
                                  00001501  00001501         1
  __Mbcurmax
                                  00001501         1   data ,g         1

SECTION=B_2
FILE=.\src\main.obj
                                  00001502  00001503         2
  _analogRead
                                  00001502         2   data ,g         3

SECTION=R_2
FILE=.\src\Ducted_Drivers\RC_CH1.obj
                                  00001504  00001505         2
  _rc_count
                                  00001504         2   data ,l         3
FILE=.\src\Ducted_Drivers\Sonar.obj
                                  00001506  00001507         2
  _sonar_echo_count
                                  00001506         2   data ,l         3
FILE=sqrtf
                                  00001508  00001515         e
  _cf1S
                                  00001508         e   data ,l         1

SECTION=B
FILE=.\src\main.obj
                                  00001518  00001cc7       7b0
  _desiredState
                                  00001518       310   data ,g         2
  _currentState
                                  00001828       310   data ,g         1
  _z_axis_PID
                                  00001b38        20   data ,g         2
  _Pitch_PID
                                  00001b58        20   data ,g         2
  _Roll_PID
                                  00001b78        20   data ,g         2
  _pitchAVG
                                  00001b98        7c   data ,g         2
  _rollAVG
                                  00001c14        7c   data ,g         2
  _outValue
                                  00001c90         4   data ,g         1
  _altitudeValue
                                  00001c94         4   data ,g         3
  _sonarWDT
                                  00001c98        10   data ,g         4
  _mainWDT
                                  00001ca8        10   data ,g         3
  _rcWDT
                                  00001cb8        10   data ,g         4
FILE=.\src\Ducted_Drivers\Kalman.obj
                                  00001cc8  00001d57        90
  _pitchKalman
                                  00001cc8         4   data ,g         2
  _rollKalman
                                  00001ccc         4   data ,g         2
  _yawKalman
                                  00001cd0         4   data ,g         1
  _kalman1
                                  00001cd4        2c   data ,g         1
  _kalman2
                                  00001d00        2c   data ,g         1
  _kalman3
                                  00001d2c        2c   data ,g         1
FILE=.\src\Ducted_Drivers\MS5611-01BA01.obj
                                  00001d58  00001d77        20
  _C
                                  00001d58        20   data ,g         2
FILE=.\r_bsp\board\rdkrx63n\lcd.obj
                                  00001d78  00001d7b         4
  _lcd_handle
                                  00001d78         4   data ,g         3
FILE=.\r_bsp\board\rdkrx63n\lowsrc.obj
                                  00001d7c  00001dcb        50
  __Files
                                  00001d7c        50   data ,g         4
FILE=.\r_bsp\board\rdkrx63n\sbrk.obj
                                  00001dcc  000021cb       400
  _heap_area
                                  00001dcc       400   data ,l         2
FILE=_errno
                                  000021cc  000021cf         4
  __errno
                                  000021cc         4   data ,g         a

SECTION=R
FILE=.\src\main.obj
                                  000021d0  000021d7         8
  _dt
                                  000021d0         4   data ,g         2
  _sonarDistance
                                  000021d4         4   data ,l         3
FILE=.\src\LowLevelDrivers\CMT.obj
                                  000021d8  000021db         4
  _general_timer_mS
                                  000021d8         4   data ,g         3
FILE=.\src\Ducted_Drivers\AHRS.obj
                                  000021dc  000021ef        14
  _q0
                                  000021dc         4   data ,l         8
  _q1
                                  000021e0         4   data ,l         8
  _q2
                                  000021e4         4   data ,l         8
  _q3
                                  000021e8         4   data ,l         8
  _beta
                                  000021ec         4   data ,g         3
FILE=.\src\Ducted_Drivers\AHRS_Mahony.obj
                                  000021f0  00002213        24
  _q0
                                  000021f0         4   data ,g         7
  _q1
                                  000021f4         4   data ,g         9
  _q2
                                  000021f8         4   data ,g         7
  _q3
                                  000021fc         4   data ,g         7
  _twoKp
                                  00002200         4   data ,g         3
  _twoKi
                                  00002204         4   data ,g         3
  _integralFBx
                                  00002208         4   data ,g         6
  _integralFBy
                                  0000220c         4   data ,g         6
  _integralFBz
                                  00002210         4   data ,g         6
FILE=.\src\Ducted_Drivers\HMC5883L.obj
                                  00002214  00002223        10
  _MAG_XOUT_OFFSET
                                  00002214         4   data ,l         1
  _MAG_YOUT_OFFSET
                                  00002218         4   data ,l         1
  _MAG_ZOUT_OFFSET
                                  0000221c         4   data ,l         1
  _HMC5883L_MG_PER_DIGIT
                                  00002220         4   data ,l         1
FILE=.\src\Ducted_Drivers\MPU6050.obj
                                  00002224  00002233        10
  _GYRO_XOUT_OFFSET
                                  00002224         4   data ,l         3
  _GYRO_YOUT_OFFSET
                                  00002228         4   data ,l         3
  _GYRO_ZOUT_OFFSET
                                  0000222c         4   data ,l         3
  _OFFSET_ERROR
                                  00002230         4   data ,l         1
FILE=.\src\Ducted_Drivers\RC_CH1.obj
                                  00002234  00002237         4
  _rc_state
                                  00002234         4   data ,l         5
FILE=.\src\Ducted_Drivers\Sonar.obj
                                  00002238  0000223b         4
  _sonar_state
                                  00002238         4   data ,l         7
FILE=.\r_rspi_rx600\src\r_rspi_rx600.obj
                                  0000223c  00002257        1c
  _g_rspi_locked_id
                                  0000223c         c   data ,l         9
  _rspi_semaphore
                                  00002248         4   data ,l         1
  _g_rspi_channels
                                  0000224c         c   data ,g         5
FILE=.\r_riic_rx600\src\r_riic_rx600.obj
                                  00002258  00002273        1c
  _g_riic_channels
                                  00002258         8   data ,g        17
  _g_riic_mode
                                  00002260         8   data ,g         4
  _g_riic_state
                                  00002268         8   data ,g         0
  _riic_semaphore
                                  00002270         4   data ,l         2
FILE=.\r_glyph\src\glyph\fonts\font_8x8.obj
                                  00002274  00002673       400
  _Font8x8_table
                                  00002274       400   data ,g         2
FILE=.\r_bsp\board\rdkrx63n\lowsrc.obj
                                  00002674  00002687        14
  _env_list
                                  00002674        10   data ,g         1
  _environ
                                  00002684         4   data ,g         0
FILE=.\r_bsp\board\rdkrx63n\sbrk.obj
                                  00002688  0000268b         4
  _brk
                                  00002688         4   data ,l         1
FILE=sqrtf
                                  0000268c  0000268f         4
  _nan_value
                                  0000268c         4   data ,l         1
FILE=xfiles
                                  00002690  00002767        d8
  __Stdin
                                  00002690        48   data ,g         8
  __Stdout
                                  000026d8        48   data ,g         9
  __Stderr
                                  00002720        48   data ,g         4
FILE=malloc
                                  00002768  0000276f         8
  __Aldata
                                  00002768         8   data ,g         3
FILE=sincosfsub
                                  00002770  000027ab        3c
  _sinf_coeff
                                  00002770        10   data ,l         1
  _cosf_coeff
                                  00002780        10   data ,l         1
  _pi4ptr_table
                                  00002790         c   data ,l         1
  _sub_table
                                  0000279c        10   data ,l         1
FILE=xprintf
                                  000027ac  000027af         4
  _stderr
                                  000027ac         4   data ,g         0
FILE=xctype
                                  000027b0  000027b7         8
  __Ctype
                                  000027b0         4   data ,g         2
  __Tls_setup__Ctype
                                  000027b4         4   data ,g         1
FILE=xstate
                                  000027b8  000027ff        48
  __Tls_setup__Mbcurmax
                                  000027b8         4   data ,g         1
  __Mbstate
                                  000027bc        40   data ,g         2
  __Tls_setup__Mbstate
                                  000027fc         4   data ,g         2
FILE=localeco
                                  00002800  00002853        54
  __Locale
                                  00002800        50   data ,g         1
  __Tls_setup__Locale
                                  00002850         4   data ,g         0
FILE=xwcstate
                                  00002854  00002897        44
  __Wcstate
                                  00002854        40   data ,g         2
  __Tls_setup__Wcstate
                                  00002894         4   data ,g         2
FILE=xfvalues
                                  00002898  0000290f        78
  __FDenorm
                                  00002898        10   data ,g         0
  __FEps
                                  000028a8        10   data ,g         0
  __FHugeval
                                  000028b8        10   data ,g         0
  __FInf
                                  000028c8        10   data ,g         1
  __FNan
                                  000028d8        10   data ,g         0
  __FSnan
                                  000028e8        10   data ,g         0
  __FRteps
                                  000028f8        10   data ,g         0
  __FXbig
                                  00002908         4   data ,g         0
  __FZero
                                  0000290c         4   data ,g         0

SECTION=$ADDR_C_FF7FFFE8
FILE=.\r_bsp\board\rdkrx63n\flash_options.obj
                                  ff7fffe8  ff7fffff        18
  _user_boot_settings
                                  ff7fffe8        18   data ,g         0

SECTION=C_1
FILE=.\r_glyph\src\glyph\fonts\font_8x8.obj
                                  fff80000  fff809ff       a00
  _Font8x8_char_0
                                  fff80000         a   data ,g         1
  _Font8x8_char_1
                                  fff8000a         a   data ,g         1
  _Font8x8_char_2
                                  fff80014         a   data ,g         1
  _Font8x8_char_3
                                  fff8001e         a   data ,g         1
  _Font8x8_char_4
                                  fff80028         a   data ,g         1
  _Font8x8_char_5
                                  fff80032         a   data ,g         1
  _Font8x8_char_6
                                  fff8003c         a   data ,g         1
  _Font8x8_char_7
                                  fff80046         a   data ,g         1
  _Font8x8_char_8
                                  fff80050         a   data ,g         1
  _Font8x8_char_9
                                  fff8005a         a   data ,g         1
  _Font8x8_char_10
                                  fff80064         a   data ,g         1
  _Font8x8_char_11
                                  fff8006e         a   data ,g         1
  _Font8x8_char_12
                                  fff80078         a   data ,g         1
  _Font8x8_char_13
                                  fff80082         a   data ,g         1
  _Font8x8_char_14
                                  fff8008c         a   data ,g         1
  _Font8x8_char_15
                                  fff80096         a   data ,g         1
  _Font8x8_char_16
                                  fff800a0         a   data ,g         1
  _Font8x8_char_17
                                  fff800aa         a   data ,g         1
  _Font8x8_char_18
                                  fff800b4         a   data ,g         1
  _Font8x8_char_19
                                  fff800be         a   data ,g         1
  _Font8x8_char_20
                                  fff800c8         a   data ,g         1
  _Font8x8_char_21
                                  fff800d2         a   data ,g         1
  _Font8x8_char_22
                                  fff800dc         a   data ,g         1
  _Font8x8_char_23
                                  fff800e6         a   data ,g         1
  _Font8x8_char_24
                                  fff800f0         a   data ,g         1
  _Font8x8_char_25
                                  fff800fa         a   data ,g         1
  _Font8x8_char_26
                                  fff80104         a   data ,g         1
  _Font8x8_char_27
                                  fff8010e         a   data ,g         1
  _Font8x8_char_28
                                  fff80118         a   data ,g         1
  _Font8x8_char_29
                                  fff80122         a   data ,g         1
  _Font8x8_char_30
                                  fff8012c         a   data ,g         1
  _Font8x8_char_31
                                  fff80136         a   data ,g         1
  _Font8x8_char_32
                                  fff80140         a   data ,g         1
  _Font8x8_char_33
                                  fff8014a         a   data ,g         1
  _Font8x8_char_34
                                  fff80154         a   data ,g         1
  _Font8x8_char_35
                                  fff8015e         a   data ,g         1
  _Font8x8_char_36
                                  fff80168         a   data ,g         1
  _Font8x8_char_37
                                  fff80172         a   data ,g         1
  _Font8x8_char_38
                                  fff8017c         a   data ,g         1
  _Font8x8_char_39
                                  fff80186         a   data ,g         1
  _Font8x8_char_40
                                  fff80190         a   data ,g         1
  _Font8x8_char_41
                                  fff8019a         a   data ,g         1
  _Font8x8_char_42
                                  fff801a4         a   data ,g         1
  _Font8x8_char_43
                                  fff801ae         a   data ,g         1
  _Font8x8_char_44
                                  fff801b8         a   data ,g         1
  _Font8x8_char_45
                                  fff801c2         a   data ,g         1
  _Font8x8_char_46
                                  fff801cc         a   data ,g         1
  _Font8x8_char_47
                                  fff801d6         a   data ,g         1
  _Font8x8_char_48
                                  fff801e0         a   data ,g         1
  _Font8x8_char_49
                                  fff801ea         a   data ,g         1
  _Font8x8_char_50
                                  fff801f4         a   data ,g         1
  _Font8x8_char_51
                                  fff801fe         a   data ,g         1
  _Font8x8_char_52
                                  fff80208         a   data ,g         1
  _Font8x8_char_53
                                  fff80212         a   data ,g         1
  _Font8x8_char_54
                                  fff8021c         a   data ,g         1
  _Font8x8_char_55
                                  fff80226         a   data ,g         1
  _Font8x8_char_56
                                  fff80230         a   data ,g         1
  _Font8x8_char_57
                                  fff8023a         a   data ,g         1
  _Font8x8_char_58
                                  fff80244         a   data ,g         1
  _Font8x8_char_59
                                  fff8024e         a   data ,g         1
  _Font8x8_char_60
                                  fff80258         a   data ,g         1
  _Font8x8_char_61
                                  fff80262         a   data ,g         1
  _Font8x8_char_62
                                  fff8026c         a   data ,g         1
  _Font8x8_char_63
                                  fff80276         a   data ,g         1
  _Font8x8_char_64
                                  fff80280         a   data ,g         1
  _Font8x8_char_65
                                  fff8028a         a   data ,g         1
  _Font8x8_char_66
                                  fff80294         a   data ,g         1
  _Font8x8_char_67
                                  fff8029e         a   data ,g         1
  _Font8x8_char_68
                                  fff802a8         a   data ,g         1
  _Font8x8_char_69
                                  fff802b2         a   data ,g         1
  _Font8x8_char_70
                                  fff802bc         a   data ,g         1
  _Font8x8_char_71
                                  fff802c6         a   data ,g         1
  _Font8x8_char_72
                                  fff802d0         a   data ,g         1
  _Font8x8_char_73
                                  fff802da         a   data ,g         1
  _Font8x8_char_74
                                  fff802e4         a   data ,g         1
  _Font8x8_char_75
                                  fff802ee         a   data ,g         1
  _Font8x8_char_76
                                  fff802f8         a   data ,g         1
  _Font8x8_char_77
                                  fff80302         a   data ,g         1
  _Font8x8_char_78
                                  fff8030c         a   data ,g         1
  _Font8x8_char_79
                                  fff80316         a   data ,g         1
  _Font8x8_char_80
                                  fff80320         a   data ,g         1
  _Font8x8_char_81
                                  fff8032a         a   data ,g         1
  _Font8x8_char_82
                                  fff80334         a   data ,g         1
  _Font8x8_char_83
                                  fff8033e         a   data ,g         1
  _Font8x8_char_84
                                  fff80348         a   data ,g         1
  _Font8x8_char_85
                                  fff80352         a   data ,g         1
  _Font8x8_char_86
                                  fff8035c         a   data ,g         1
  _Font8x8_char_87
                                  fff80366         a   data ,g         1
  _Font8x8_char_88
                                  fff80370         a   data ,g         1
  _Font8x8_char_89
                                  fff8037a         a   data ,g         1
  _Font8x8_char_90
                                  fff80384         a   data ,g         1
  _Font8x8_char_91
                                  fff8038e         a   data ,g         1
  _Font8x8_char_92
                                  fff80398         a   data ,g         1
  _Font8x8_char_93
                                  fff803a2         a   data ,g         1
  _Font8x8_char_94
                                  fff803ac         a   data ,g         1
  _Font8x8_char_95
                                  fff803b6         a   data ,g         1
  _Font8x8_char_96
                                  fff803c0         a   data ,g         1
  _Font8x8_char_97
                                  fff803ca         a   data ,g         1
  _Font8x8_char_98
                                  fff803d4         a   data ,g         1
  _Font8x8_char_99
                                  fff803de         a   data ,g         1
  _Font8x8_char_100
                                  fff803e8         a   data ,g         1
  _Font8x8_char_101
                                  fff803f2         a   data ,g         1
  _Font8x8_char_102
                                  fff803fc         a   data ,g         1
  _Font8x8_char_103
                                  fff80406         a   data ,g         1
  _Font8x8_char_104
                                  fff80410         a   data ,g         1
  _Font8x8_char_105
                                  fff8041a         a   data ,g         1
  _Font8x8_char_106
                                  fff80424         a   data ,g         1
  _Font8x8_char_107
                                  fff8042e         a   data ,g         1
  _Font8x8_char_108
                                  fff80438         a   data ,g         1
  _Font8x8_char_109
                                  fff80442         a   data ,g         1
  _Font8x8_char_110
                                  fff8044c         a   data ,g         1
  _Font8x8_char_111
                                  fff80456         a   data ,g         1
  _Font8x8_char_112
                                  fff80460         a   data ,g         1
  _Font8x8_char_113
                                  fff8046a         a   data ,g         1
  _Font8x8_char_114
                                  fff80474         a   data ,g         1
  _Font8x8_char_115
                                  fff8047e         a   data ,g         1
  _Font8x8_char_116
                                  fff80488         a   data ,g         1
  _Font8x8_char_117
                                  fff80492         a   data ,g         1
  _Font8x8_char_118
                                  fff8049c         a   data ,g         1
  _Font8x8_char_119
                                  fff804a6         a   data ,g         1
  _Font8x8_char_120
                                  fff804b0         a   data ,g         1
  _Font8x8_char_121
                                  fff804ba         a   data ,g         1
  _Font8x8_char_122
                                  fff804c4         a   data ,g         1
  _Font8x8_char_123
                                  fff804ce         a   data ,g         1
  _Font8x8_char_124
                                  fff804d8         a   data ,g         1
  _Font8x8_char_125
                                  fff804e2         a   data ,g         1
  _Font8x8_char_126
                                  fff804ec         a   data ,g         1
  _Font8x8_char_127
                                  fff804f6         a   data ,g         1
  _Font8x8_char_128
                                  fff80500         a   data ,g         1
  _Font8x8_char_129
                                  fff8050a         a   data ,g         1
  _Font8x8_char_130
                                  fff80514         a   data ,g         1
  _Font8x8_char_131
                                  fff8051e         a   data ,g         1
  _Font8x8_char_132
                                  fff80528         a   data ,g         1
  _Font8x8_char_133
                                  fff80532         a   data ,g         1
  _Font8x8_char_134
                                  fff8053c         a   data ,g         1
  _Font8x8_char_135
                                  fff80546         a   data ,g         1
  _Font8x8_char_136
                                  fff80550         a   data ,g         1
  _Font8x8_char_137
                                  fff8055a         a   data ,g         1
  _Font8x8_char_138
                                  fff80564         a   data ,g         1
  _Font8x8_char_139
                                  fff8056e         a   data ,g         1
  _Font8x8_char_140
                                  fff80578         a   data ,g         1
  _Font8x8_char_141
                                  fff80582         a   data ,g         1
  _Font8x8_char_142
                                  fff8058c         a   data ,g         1
  _Font8x8_char_143
                                  fff80596         a   data ,g         1
  _Font8x8_char_144
                                  fff805a0         a   data ,g         1
  _Font8x8_char_145
                                  fff805aa         a   data ,g         1
  _Font8x8_char_146
                                  fff805b4         a   data ,g         1
  _Font8x8_char_147
                                  fff805be         a   data ,g         1
  _Font8x8_char_148
                                  fff805c8         a   data ,g         1
  _Font8x8_char_149
                                  fff805d2         a   data ,g         1
  _Font8x8_char_150
                                  fff805dc         a   data ,g         1
  _Font8x8_char_151
                                  fff805e6         a   data ,g         1
  _Font8x8_char_152
                                  fff805f0         a   data ,g         1
  _Font8x8_char_153
                                  fff805fa         a   data ,g         1
  _Font8x8_char_154
                                  fff80604         a   data ,g         1
  _Font8x8_char_155
                                  fff8060e         a   data ,g         1
  _Font8x8_char_156
                                  fff80618         a   data ,g         1
  _Font8x8_char_157
                                  fff80622         a   data ,g         1
  _Font8x8_char_158
                                  fff8062c         a   data ,g         1
  _Font8x8_char_159
                                  fff80636         a   data ,g         1
  _Font8x8_char_160
                                  fff80640         a   data ,g         1
  _Font8x8_char_161
                                  fff8064a         a   data ,g         1
  _Font8x8_char_162
                                  fff80654         a   data ,g         1
  _Font8x8_char_163
                                  fff8065e         a   data ,g         1
  _Font8x8_char_164
                                  fff80668         a   data ,g         1
  _Font8x8_char_165
                                  fff80672         a   data ,g         1
  _Font8x8_char_166
                                  fff8067c         a   data ,g         1
  _Font8x8_char_167
                                  fff80686         a   data ,g         1
  _Font8x8_char_168
                                  fff80690         a   data ,g         1
  _Font8x8_char_169
                                  fff8069a         a   data ,g         1
  _Font8x8_char_170
                                  fff806a4         a   data ,g         1
  _Font8x8_char_171
                                  fff806ae         a   data ,g         1
  _Font8x8_char_172
                                  fff806b8         a   data ,g         1
  _Font8x8_char_173
                                  fff806c2         a   data ,g         1
  _Font8x8_char_174
                                  fff806cc         a   data ,g         1
  _Font8x8_char_175
                                  fff806d6         a   data ,g         1
  _Font8x8_char_176
                                  fff806e0         a   data ,g         1
  _Font8x8_char_177
                                  fff806ea         a   data ,g         1
  _Font8x8_char_178
                                  fff806f4         a   data ,g         1
  _Font8x8_char_179
                                  fff806fe         a   data ,g         1
  _Font8x8_char_180
                                  fff80708         a   data ,g         1
  _Font8x8_char_181
                                  fff80712         a   data ,g         1
  _Font8x8_char_182
                                  fff8071c         a   data ,g         1
  _Font8x8_char_183
                                  fff80726         a   data ,g         1
  _Font8x8_char_184
                                  fff80730         a   data ,g         1
  _Font8x8_char_185
                                  fff8073a         a   data ,g         1
  _Font8x8_char_186
                                  fff80744         a   data ,g         1
  _Font8x8_char_187
                                  fff8074e         a   data ,g         1
  _Font8x8_char_188
                                  fff80758         a   data ,g         1
  _Font8x8_char_189
                                  fff80762         a   data ,g         1
  _Font8x8_char_190
                                  fff8076c         a   data ,g         1
  _Font8x8_char_191
                                  fff80776         a   data ,g         1
  _Font8x8_char_192
                                  fff80780         a   data ,g         1
  _Font8x8_char_193
                                  fff8078a         a   data ,g         1
  _Font8x8_char_194
                                  fff80794         a   data ,g         1
  _Font8x8_char_195
                                  fff8079e         a   data ,g         1
  _Font8x8_char_196
                                  fff807a8         a   data ,g         1
  _Font8x8_char_197
                                  fff807b2         a   data ,g         1
  _Font8x8_char_198
                                  fff807bc         a   data ,g         1
  _Font8x8_char_199
                                  fff807c6         a   data ,g         1
  _Font8x8_char_200
                                  fff807d0         a   data ,g         1
  _Font8x8_char_201
                                  fff807da         a   data ,g         1
  _Font8x8_char_202
                                  fff807e4         a   data ,g         1
  _Font8x8_char_203
                                  fff807ee         a   data ,g         1
  _Font8x8_char_204
                                  fff807f8         a   data ,g         1
  _Font8x8_char_205
                                  fff80802         a   data ,g         1
  _Font8x8_char_206
                                  fff8080c         a   data ,g         1
  _Font8x8_char_207
                                  fff80816         a   data ,g         1
  _Font8x8_char_208
                                  fff80820         a   data ,g         1
  _Font8x8_char_209
                                  fff8082a         a   data ,g         1
  _Font8x8_char_210
                                  fff80834         a   data ,g         1
  _Font8x8_char_211
                                  fff8083e         a   data ,g         1
  _Font8x8_char_212
                                  fff80848         a   data ,g         1
  _Font8x8_char_213
                                  fff80852         a   data ,g         1
  _Font8x8_char_214
                                  fff8085c         a   data ,g         1
  _Font8x8_char_215
                                  fff80866         a   data ,g         1
  _Font8x8_char_216
                                  fff80870         a   data ,g         1
  _Font8x8_char_217
                                  fff8087a         a   data ,g         1
  _Font8x8_char_218
                                  fff80884         a   data ,g         1
  _Font8x8_char_219
                                  fff8088e         a   data ,g         1
  _Font8x8_char_220
                                  fff80898         a   data ,g         1
  _Font8x8_char_221
                                  fff808a2         a   data ,g         1
  _Font8x8_char_222
                                  fff808ac         a   data ,g         1
  _Font8x8_char_223
                                  fff808b6         a   data ,g         1
  _Font8x8_char_224
                                  fff808c0         a   data ,g         1
  _Font8x8_char_225
                                  fff808ca         a   data ,g         1
  _Font8x8_char_226
                                  fff808d4         a   data ,g         1
  _Font8x8_char_227
                                  fff808de         a   data ,g         1
  _Font8x8_char_228
                                  fff808e8         a   data ,g         1
  _Font8x8_char_229
                                  fff808f2         a   data ,g         1
  _Font8x8_char_230
                                  fff808fc         a   data ,g         1
  _Font8x8_char_231
                                  fff80906         a   data ,g         1
  _Font8x8_char_232
                                  fff80910         a   data ,g         1
  _Font8x8_char_233
                                  fff8091a         a   data ,g         1
  _Font8x8_char_234
                                  fff80924         a   data ,g         1
  _Font8x8_char_235
                                  fff8092e         a   data ,g         1
  _Font8x8_char_236
                                  fff80938         a   data ,g         1
  _Font8x8_char_237
                                  fff80942         a   data ,g         1
  _Font8x8_char_238
                                  fff8094c         a   data ,g         1
  _Font8x8_char_239
                                  fff80956         a   data ,g         1
  _Font8x8_char_240
                                  fff80960         a   data ,g         1
  _Font8x8_char_241
                                  fff8096a         a   data ,g         1
  _Font8x8_char_242
                                  fff80974         a   data ,g         1
  _Font8x8_char_243
                                  fff8097e         a   data ,g         1
  _Font8x8_char_244
                                  fff80988         a   data ,g         1
  _Font8x8_char_245
                                  fff80992         a   data ,g         1
  _Font8x8_char_246
                                  fff8099c         a   data ,g         1
  _Font8x8_char_247
                                  fff809a6         a   data ,g         1
  _Font8x8_char_248
                                  fff809b0         a   data ,g         1
  _Font8x8_char_249
                                  fff809ba         a   data ,g         1
  _Font8x8_char_250
                                  fff809c4         a   data ,g         1
  _Font8x8_char_251
                                  fff809ce         a   data ,g         1
  _Font8x8_char_252
                                  fff809d8         a   data ,g         1
  _Font8x8_char_253
                                  fff809e2         a   data ,g         1
  _Font8x8_char_254
                                  fff809ec         a   data ,g         1
  _Font8x8_char_255
                                  fff809f6         a   data ,g         1
FILE=xprintf
                                  fff80a00  fff80a09         a
  _fchar$1
                                  fff80a00         a   data ,l         1
FILE=xputtxt
                                  fff80a0a  fff80aae        a5
  _spaces
                                  fff80a0a        21   data ,l         1
  _zeroes
                                  fff80a2b        21   data ,l         1
  _asterisk
                                  fff80a4c        21   data ,l         1
  _plus
                                  fff80a6d        21   data ,l         1
  _minus
                                  fff80a8e        21   data ,l         1
FILE=xlitob
                                  fff80aaf  fff80ad0        22
  _ldigs
                                  fff80aaf        11   data ,l         1
  _udigs
                                  fff80ac0        11   data ,l         1
FILE=localeco
                                  fff80ad1  fff80ad1         1
  _null
                                  fff80ad1         1   data ,l         d

SECTION=C_2
FILE=xctype
                                  fff80ad2  fff80cd3       202
  _ctyp_tab
                                  fff80ad2       202   data ,l         1

SECTION=C
FILE=.\src\Ducted_Drivers\Kalman.obj
                                  fff80cd4  fff80cdf         c
  _Q_angle
                                  fff80cd4         4   data ,g         0
  _Q_bias
                                  fff80cd8         4   data ,g         0
  _R_measure
                                  fff80cdc         4   data ,g         0
FILE=.\r_bsp\board\rdkrx63n\dbsct.obj
                                  fff80ce0  fff80cf7        18
  __CTBL
                                  fff80ce0        18   data ,g         0
FILE=.\r_bsp\board\rdkrx63n\lowsrc.obj
                                  fff80cf8  fff80cfb         4
  __nfiles
                                  fff80cf8         4   data ,g         3
FILE=atanf
                                  fff80cfc  fff80d13        18
  _const_tbl
                                  fff80cfc        18   data ,l         1
FILE=asincosfsub
                                  fff80d14  fff80d3f        2c
  ___asincosf_const_tbl
                                  fff80d14         8   data ,g         1
  ___asinf_coeff
                                  fff80d1c        24   data ,g         1
FILE=xfoprep
                                  fff80d40  fff80d87        48
  _init$1
                                  fff80d40        48   data ,l         1
FILE=xprintf
                                  fff80d88  fff80d9f        18
  _fbit$2
                                  fff80d88        18   data ,l         1
FILE=_sbrk_si
                                  fff80da0  fff80da3         4
  __sbrk_size
                                  fff80da0         4   data ,g         1
FILE=_in_exps
                                  fff80da4  fff80ddb        38
  _exp_lcoef$2
                                  fff80da4        1c   data ,l         1
  _exp_hcoef$1
                                  fff80dc0        1c   data ,l         1
FILE=_in_logs
                                  fff80ddc  fff80dfb        20
  _log_coef$3
                                  fff80ddc        20   data ,l         1
FILE=consts
                                  fff80dfc  fff80e53        58
  __IFZEROS
                                  fff80dfc         4   data ,g         5
  __IFONES
                                  fff80e00         4   data ,g         4
  __HALFS
                                  fff80e04         4   data ,g         1
  __QUOTS
                                  fff80e08         4   data ,g         0
  __TWOS
                                  fff80e0c         4   data ,g         0
  __FOURS
                                  fff80e10         4   data ,g         0
  __PAIS
                                  fff80e14         4   data ,g         1
  __2PAIS
                                  fff80e18         4   data ,g         0
  __HLFPAIS
                                  fff80e1c         4   data ,g         1
  __QUOPAIS
                                  fff80e20         4   data ,g         1
  __LOGE2S
                                  fff80e24         4   data ,g         2
  __NIFZEROS
                                  fff80e28         4   data ,g         1
  __NIFONES
                                  fff80e2c         4   data ,g         2
  __NHALFS
                                  fff80e30         4   data ,g         1
  __NQUOTS
                                  fff80e34         4   data ,g         1
  __NTWOS
                                  fff80e38         4   data ,g         0
  __NFOURS
                                  fff80e3c         4   data ,g         0
  __NPAIS
                                  fff80e40         4   data ,g         1
  __N2PAIS
                                  fff80e44         4   data ,g         0
  __NHLFPAIS
                                  fff80e48         4   data ,g         0
  __NQUOPAIS
                                  fff80e4c         4   data ,g         0
  __NLOGE2S
                                  fff80e50         4   data ,g         0
FILE=_const
                                  fff80e54  fff80e77        24
  __IFNAND
                                  fff80e54         0   none ,g         0
  __IFINFD
                                  fff80e5c         0   none ,g         0
  __NIFINFD
                                  fff80e64         0   none ,g         0
  __IFNANS
                                  fff80e6c         0   none ,g         6
  __IFINFS
                                  fff80e70         0   none ,g         3
  __NIFINFS
                                  fff80e74         0   none ,g         2
FILE=xfopen
                                  fff80e78  fff80e87        10
  _rwacc$1
                                  fff80e78        10   data ,l         1
FILE=_a_atans
                                  fff80e88  fff80e9f        18
  _atan_coef$1
                                  fff80e88        18   data ,l         1
FILE=xldtob
                                  fff80ea0  fff80eb7        18
  _pows
                                  fff80ea0        18   data ,l         1
FILE=floatval
                                  fff80eb8  fff80edf        28
  __FLT_MAX_VAL
                                  fff80eb8         0   none ,g         1
  __FLT_MIN_VAL
                                  fff80ebc         0   none ,g         0
  __DBL_MAX_VAL
                                  fff80ec0         0   none ,g         0
  __DBL_MIN_VAL
                                  fff80ec8         0   none ,g         0
  __LDBL_MAX_VAL
                                  fff80ed0         0   none ,g         0
  __LDBL_MIN_VAL
                                  fff80ed8         0   none ,g         0

SECTION=C$DSEC
FILE=.\r_bsp\board\rdkrx63n\dbsct.obj
                                  fff80ee0  fff80f03        24
  __DTBL
                                  fff80ee0        24   data ,g         0

SECTION=C$BSEC
FILE=.\r_bsp\board\rdkrx63n\dbsct.obj
                                  fff80f04  fff80f1b        18
  __BTBL
                                  fff80f04        18   data ,g         0

SECTION=C$VECT
FILE=.\r_bsp\board\rdkrx63n\resetprg.obj
                                  fff80f1c  fff8131b       400

SECTION=L
FILE=.\src\main.obj
                                  fff8131c  fff8136e        53
FILE=.\src\Ducted_Drivers\MPU6050.obj
                                  fff81370  fff813e3        74
FILE=.\src\Ducted_Drivers\MS5611-01BA01.obj
                                  fff813e4  fff81427        44
FILE=.\r_glyph\src\glyph\glyph.obj
                                  fff81428  fff81459        32
FILE=.\r_bsp\board\rdkrx63n\dbsct.obj
                                  fff8145c  fff8145f         4
  _deadSpace
                                  fff8145c         4   data ,g         0
FILE=.\r_bsp\board\rdkrx63n\lowsrc.obj
                                  fff81460  fff814a1        42
FILE=xprintf
                                  fff814a4  fff814aa         7
FILE=xldtob
                                  fff814ac  fff814cd        22
FILE=xgenld
                                  fff814d0  fff814d1         2
FILE=localeco
                                  fff814d4  fff814e0         d

SECTION=D
FILE=.\src\main.obj
                                  fff814e4  fff814eb         8
FILE=.\src\LowLevelDrivers\CMT.obj
                                  fff814ec  fff814ef         4
FILE=.\src\Ducted_Drivers\AHRS.obj
                                  fff814f0  fff81503        14
FILE=.\src\Ducted_Drivers\AHRS_Mahony.obj
                                  fff81504  fff81527        24
FILE=.\src\Ducted_Drivers\HMC5883L.obj
                                  fff81528  fff81537        10
FILE=.\src\Ducted_Drivers\MPU6050.obj
                                  fff81538  fff81547        10
FILE=.\src\Ducted_Drivers\RC_CH1.obj
                                  fff81548  fff8154b         4
FILE=.\src\Ducted_Drivers\Sonar.obj
                                  fff8154c  fff8154f         4
FILE=.\r_rspi_rx600\src\r_rspi_rx600.obj
                                  fff81550  fff8156b        1c
FILE=.\r_riic_rx600\src\r_riic_rx600.obj
                                  fff8156c  fff81587        1c
FILE=.\r_glyph\src\glyph\fonts\font_8x8.obj
                                  fff81588  fff81987       400
FILE=.\r_bsp\board\rdkrx63n\lowsrc.obj
                                  fff81988  fff8199b        14
FILE=.\r_bsp\board\rdkrx63n\sbrk.obj
                                  fff8199c  fff8199f         4
FILE=sqrtf
                                  fff819a0  fff819a3         4
FILE=xfiles
                                  fff819a4  fff81a7b        d8
FILE=malloc
                                  fff81a7c  fff81a83         8
FILE=sincosfsub
                                  fff81a84  fff81abf        3c
FILE=xprintf
                                  fff81ac0  fff81ac3         4
FILE=xctype
                                  fff81ac4  fff81acb         8
FILE=xstate
                                  fff81acc  fff81b13        48
FILE=localeco
                                  fff81b14  fff81b67        54
FILE=xwcstate
                                  fff81b68  fff81bab        44
FILE=xfvalues
                                  fff81bac  fff81c23        78

SECTION=D_1
FILE=.\src\Ducted_Drivers\HMC5883L.obj
                                  fff81c24  fff81c31         e
FILE=.\src\Ducted_Drivers\MPU6050.obj
                                  fff81c32  fff81c37         6
FILE=.\r_rspi_rx600\src\r_rspi_rx600.obj
                                  fff81c38  fff81c3a         3
FILE=.\r_riic_rx600\src\r_riic_rx600.obj
                                  fff81c3b  fff81c3e         4
FILE=xfiles
                                  fff81c3f  fff81c8e        50
FILE=xstate
                                  fff81c8f  fff81c8f         1

SECTION=D_2
FILE=.\src\Ducted_Drivers\RC_CH1.obj
                                  fff81c90  fff81c91         2
FILE=.\src\Ducted_Drivers\Sonar.obj
                                  fff81c92  fff81c93         2
FILE=sqrtf
                                  fff81c94  fff81ca1         e

SECTION=P
FILE=.\src\S12ADC.obj
                                  fff81ca2  fff81d1b        7a
  _S12ADC_init
                                  fff81ca2        55   func ,g         1
  _S12ADC_start
                                  fff81cf7         8   func ,g         2
  _S12ADC_conversion_complete
                                  fff81cff         d   func ,g         2
  _S12ADC_read_AN002
                                  fff81d0c         8   func ,g         2
  _S12ADC_read_AN003
                                  fff81d14         8   func ,g         0
FILE=.\src\main.obj
                                  fff81d1c  fff823e0       6c5
  _map
                                  fff81d1c        15   func ,g         0
  _lcd_buffer_print
                                  fff81d31        3c   func ,g         4
  _lcd_buffer_clear
                                  fff81d6d        23   func ,g         0
  _lcd_buffer_flush
                                  fff81d90        20   func ,g         2
  _main
                                  fff81db0        bf   func ,g         1
  _Setup
                                  fff81e6f       18c   func ,g         1
  _Callback_1ms
                                  fff81ffb        3d   func ,g         0
  _Callback_5ms
                                  fff82038        d6   func ,g         1
  _Callback_10ms
                                  fff8210e         d   func ,g         0
  _Callback_20ms
                                  fff8211b       1ed   func ,g         1
  _Callback_50ms
                                  fff82308         c   func ,g         0
  _Callback_100ms
                                  fff82314         1   func ,g         0
  _Callback_500ms
                                  fff82315         1   func ,g         0
  _Callback_1000ms
                                  fff82316         3   func ,g         0
  _Fallback
                                  fff82319        52   func ,g         2
  _Sonar_Fallback
                                  fff8236b        13   func ,g         1
  _Rc_Fallback
                                  fff8237e        63   func ,g         1
FILE=.\src\LowLevelDrivers\MTU2a\MTU_C3.obj
                                  fff823e1  fff824b4        d4
  _Set_MTU_U0_C3
                                  fff823e1        66   func ,g         1
  _StartCount_MTU_U0_C3
                                  fff82447        11   func ,g         1
  _HaltCount_MTU_U0_C3
                                  fff82458        11   func ,g         1
  _GetTGR_A_MTU_U0_C3
                                  fff82469         8   func ,g         1
  _SetTGR_A_MTU_U0_C3
                                  fff82471        11   func ,g         0
  _SetTGR_B_MTU_U0_C3
                                  fff82482        11   func ,g         1
  _SetTGR_C_MTU_U0_C3
                                  fff82493        11   func ,g         0
  _SetTGR_D_MTU_U0_C3
                                  fff824a4        11   func ,g         1
FILE=.\src\LowLevelDrivers\MTU2a\MTU_C4.obj
                                  fff824b5  fff82588        d4
  _Set_MTU_U0_C4
                                  fff824b5        66   func ,g         1
  _StartCount_MTU_U0_C4
                                  fff8251b        11   func ,g         1
  _HaltCount_MTU_U0_C4
                                  fff8252c        11   func ,g         1
  _GetTGR_A_MTU_U0_C4
                                  fff8253d         8   func ,g         1
  _SetTGR_A_MTU_U0_C4
                                  fff82545        11   func ,g         0
  _SetTGR_B_MTU_U0_C4
                                  fff82556        11   func ,g         1
  _SetTGR_C_MTU_U0_C4
                                  fff82567        11   func ,g         0
  _SetTGR_D_MTU_U0_C4
                                  fff82578        11   func ,g         1
FILE=.\src\LowLevelDrivers\MTU2a\MTU_C5U.obj
                                  fff82589  fff82629        a1
  _MTU5U_Start
                                  fff82589        19   func ,g         1
  _MTU5U_Stop
                                  fff825a2        19   func ,g         2
  _MTU5U_Setup
                                  fff825bb        5f   func ,g         1
  _MTU5U_SetTimerCounter
                                  fff8261a         8   func ,g         0
  _MTU5U_GetTimerCounter
                                  fff82622         8   func ,g         2
FILE=.\src\LowLevelDrivers\MTU2a\MTU_C5W.obj
                                  fff8262a  fff826c3        9a
  _MTU5W_Start
                                  fff8262a        19   func ,g         1
  _MTU5W_Stop
                                  fff82643        19   func ,g         2
  _MTU5W_Setup
                                  fff8265c        58   func ,g         1
  _MTU5W_SetTimerCounter
                                  fff826b4         8   func ,g         0
  _MTU5W_GetTimerCounter
                                  fff826bc         8   func ,g         2
FILE=.\src\LowLevelDrivers\CMT.obj
                                  fff826c4  fff827df       11c
  _CMT_init
                                  fff826c4        51   func ,g         1
  _ms_delay
                                  fff82715        11   func ,g         4
  _getTime
                                  fff82726         9   func ,g         0
  _CMT_isr
                                  fff8272f        b1   func ,l         0
FILE=.\src\LowLevelDrivers\I2C.obj
                                  fff827e0  fff827ff        20
  _riic_master_init
                                  fff827e0        20   func ,g         1
FILE=.\src\Ducted_Drivers\AHRS.obj
                                  fff82800  fff8367e       e7f
  _MadgwickAHRSupdate
                                  fff82800       9f1   func ,g         1
  _MadgwickAHRSupdateIMU
                                  fff831f1       35e   func ,g         0
  _invSqrt
                                  fff8354f        27   func ,g         0
  _get_Angle_AHRS
                                  fff83576       109   func ,g         1
FILE=.\src\Ducted_Drivers\AHRS_Mahony.obj
                                  fff8367f  fff84176       af8
  _MahonyAHRSupdate
                                  fff8367f       70a   func ,g         1
  _MahonyAHRSupdateIMU
                                  fff83d89       29a   func ,g         0
  _inversSqrt
                                  fff84023        27   func ,g         0
  _get_Angle_AHRS_Mahony
                                  fff8404a       12d   func ,g         0
FILE=.\src\Ducted_Drivers\AverageFilter.obj
                                  fff84177  fff841c8        52
  _Init_AVG
                                  fff84177        12   func ,g         2
  _Compute_AVG
                                  fff84189        40   func ,g         2
FILE=.\src\Ducted_Drivers\HMC5883L.obj
                                  fff841c9  fff8463b       473
  _Get_Mag_Value
                                  fff841c9        c1   func ,g         1
  _Get_Mag_Value_Normalized
                                  fff8428a        90   func ,g         2
  _Get_Mag_Heading
                                  fff8431a        3c   func ,g         0
  _Setup_HMC5883L
                                  fff84356       1df   func ,g         1
  _IMU_write_AUXMASTER
                                  fff84535        83   func ,g         1
  _Get_Mag_Heading_Compensated
                                  fff845b8        84   func ,g         0
FILE=.\src\Ducted_Drivers\IMU_write_read.obj
                                  fff8463c  fff8468f        54
  _IMU_write
                                  fff8463c        28   func ,g        2a
  _IMU_read
                                  fff84664        2c   func ,g        20
FILE=.\src\Ducted_Drivers\Kalman.obj
                                  fff84690  fff847ad       11e
  _init_Kalman
                                  fff84690        61   func ,g         1
  _getAngle
                                  fff846f1        b7   func ,g         2
  _setAngle
                                  fff847a8         3   func ,g         0
  _getRate
                                  fff847ab         3   func ,g         0
FILE=.\src\Ducted_Drivers\MPU6050.obj
                                  fff847ae  fff85056       8a9
  _MPU6050_Test_I2C
                                  fff847ae        45   func ,g         1
  _Setup_MPU6050
                                  fff847f3       19b   func ,g         1
  _Calibrate_Accel
                                  fff8498e        9c   func ,g         0
  _Get_Accel_Values
                                  fff84a2a        c1   func ,g         2
  _Get_Accel_Gravity_Power
                                  fff84aeb        9f   func ,g         2
  _Get_Accel_Angles
                                  fff84b8a        5e   func ,g         1
  _Calibrate_Gyros
                                  fff84be8       2df   func ,g         1
  _Get_Gyro_Value
                                  fff84ec7        f1   func ,g         1
  _Get_Gyro_Rates
                                  fff84fb8        9f   func ,g         1
FILE=.\src\Ducted_Drivers\MS5611-01BA01.obj
                                  fff85057  fff853f0       39a
  _MS5611_Init
                                  fff85057         c   func ,g         0
  _MS5611_Reset
                                  fff85063        40   func ,g         1
  _MS5611_Convert_Dx
                                  fff850a3        60   func ,g         0
  _MS5611_Read_Prom
                                  fff85103        52   func ,g         1
  _MS5611_Read_Coef
                                  fff85155        2b   func ,g         1
  _MS5611_Read_PT
                                  fff85180       271   func ,g         0
FILE=.\src\Ducted_Drivers\Motor.obj
                                  fff853f1  fff854a6        b6
  _Motors_Init
                                  fff853f1         4   func ,g         1
  _Motors_On
                                  fff853f5         4   func ,g         1
  _Motor_Arm
                                  fff853f9        11   func ,g         2
  _Motor_Write_PWM
                                  fff8540a        80   func ,g         1
  _Motor_Write_us
                                  fff8548a        19   func ,g         9
  _Motors_Off
                                  fff854a3         4   func ,g         3
FILE=.\src\Ducted_Drivers\PID.obj
                                  fff854a7  fff85523        7d
  _PID_Init
                                  fff854a7        1d   func ,g         3
  _PID_Compute
                                  fff854c4        60   func ,g         3
FILE=.\src\Ducted_Drivers\RC_CH1.obj
                                  fff85524  fff855d2        af
  _rcInitialize
                                  fff85524        49   func ,g         1
  _rcGetState
                                  fff8556d         9   func ,g         3
  _rcCountStart
                                  fff85576         e   func ,g         1
  _rcCountStop
                                  fff85584        1a   func ,g         2
  _rcGetUs
                                  fff8559e        12   func ,g         3
  _rcISR
                                  fff855b0        23   func ,l         0
FILE=.\src\Ducted_Drivers\Servo.obj
                                  fff855d3  fff856fb       129
  _Servos_Init
                                  fff855d3        20   func ,g         1
  _Servos_Off
                                  fff855f3         4   func ,g         3
  _Servo_Write_PWM
                                  fff855f7        84   func ,g         2
  _Servo_Write_us
                                  fff8567b        19   func ,g         0
  _Servo_Write_deg
                                  fff85694        68   func ,g         a
FILE=.\src\Ducted_Drivers\Sonar.obj
                                  fff856fc  fff85808       10d
  _sonarInitialize
                                  fff856fc        56   func ,g         1
  _sonarGetState
                                  fff85752         9   func ,g         5
  _sonarTriggerStart
                                  fff8575b        1e   func ,g         2
  _sonarTriggerStop
                                  fff85779        1e   func ,g         1
  _sonarEchoCountStart
                                  fff85797         e   func ,g         1
  _sonarEchoCountStop
                                  fff857a5        1a   func ,g         1
  _sonarGetDistance
                                  fff857bf        27   func ,g         2
  _sonarEchoISR
                                  fff857e6        23   func ,l         0
FILE=.\src\Ducted_Drivers\WatchDogTimer.obj
                                  fff85809  fff85840        38
  _WDT_Init
                                  fff85809        19   func ,g         3
  _WDT_Increase
                                  fff85822        17   func ,g         5
  _WDT_Reset
                                  fff85839         4   func ,g         3
  _WDT_Start
                                  fff8583d         4   func ,g         3
FILE=.\r_rspi_rx600\src\r_rspi_rx600.obj
                                  fff85841  fff85cbf       47f
  _R_RSPI_Init
                                  fff85841       1c7   func ,g         2
  _R_RSPI_Select
                                  fff85a08        4f   func ,g         1
  _R_RSPI_Deselect
                                  fff85a57        4f   func ,g         1
  _R_RSPI_BaudRateSet
                                  fff85aa6        1e   func ,g         0
  _R_RSPI_SendReceive
                                  fff85ac4        9e   func ,g         0
  _R_RSPI_Read
                                  fff85b62        80   func ,g         0
  _R_RSPI_Write
                                  fff85be2        80   func ,g         1
  _R_RSPI_Lock
                                  fff85c62        38   func ,g         1
  _R_RSPI_Unlock
                                  fff85c9a        17   func ,g         1
  _R_RSPI_CheckLock
                                  fff85cb1         f   func ,g         0
FILE=.\r_riic_rx600\src\r_riic_rx600.obj
                                  fff85cc0  fff86192       4d3
  _R_RIIC_Init
                                  fff85cc0       312   func ,g         1
  _R_RIIC_ReleaseChannel
                                  fff85fd2        15   func ,g         0
  _R_RIIC_Reset
                                  fff85fe7       161   func ,g         0
  _riic_lock
                                  fff86148        3d   func ,g         4
  _riic_unlock
                                  fff86185         e   func ,g        12
FILE=.\r_riic_rx600\src\r_riic_rx600_master.obj
                                  fff86193  fff86895       703
  _R_RIIC_MasterTransmitHead
                                  fff86193       19c   func ,g         2
  _R_RIIC_MasterTransmit
                                  fff8632f       1a5   func ,g         1
  _R_RIIC_MasterReceive
                                  fff864d4       223   func ,g         1
  _nack_detected
                                  fff866f7        5a   func ,l         8
  _wait_for_status
                                  fff86751       145   func ,l        15
FILE=.\r_glyph\src\r_glyph.obj
                                  fff86896  fff8693c        a7
  _R_GLYPH_Open
                                  fff86896        46   func ,g         1
  _R_GLYPH_CommandSend
                                  fff868dc         8   func ,g         1
  _R_GLYPH_DataSend
                                  fff868e4         9   func ,g         1
  _glyph_send_byte
                                  fff868ed        50   func ,g         2
FILE=.\r_glyph\src\r_glyph_register.obj
                                  fff8693d  fff8699a        5e
  _GlyphCommOpen
                                  fff8693d        2c   func ,g         1
  _GlyphLCDOpen
                                  fff86969        32   func ,g         1
FILE=.\r_glyph\src\glyph\glyph.obj
                                  fff8699b  fff86c9f       305
  _GlyphOpen
                                  fff8699b        4c   func ,g         1
  _GlyphClose
                                  fff869e7        40   func ,g         0
  _GlyphWrite
                                  fff86a27         7   func ,g         0
  _GlyphRead
                                  fff86a2e         7   func ,g         0
  _GlyphGetStatus
                                  fff86a35         b   func ,g         0
  _GlyphSetX
                                  fff86a40         b   func ,g         0
  _GlyphSetY
                                  fff86a4b         b   func ,g         0
  _GlyphSetXY
                                  fff86a56        25   func ,g         1
  _GlyphGetXY
                                  fff86a7b        25   func ,g         0
  _GlyphSetFont
                                  fff86aa0         b   func ,g         1
  _GlyphGetFont
                                  fff86aab         b   func ,g         0
  _GlyphSetDrawMode
                                  fff86ab6         b   func ,g         5
  _GlyphChar
                                  fff86ac1         b   func ,g         0
  _GlyphString
                                  fff86acc        24   func ,g         1
  _GlyphGetVersionInfo
                                  fff86af0        b6   func ,g         0
  _GlyphClearScreen
                                  fff86ba6         b   func ,g         2
  _GlyphInvertScreen
                                  fff86bb1         5   func ,g         0
  _GlyphNormalScreen
                                  fff86bb6         5   func ,g         1
  _GlyphSleep
                                  fff86bbb         5   func ,g         0
  _GlyphWake
                                  fff86bc0         5   func ,g         0
  _GlyphDrawTestPattern
                                  fff86bc5         5   func ,g         0
  _GlyphDrawBlock
                                  fff86bca        5f   func ,g         0
  _GlyphEraseBlock
                                  fff86c29        5f   func ,g         1
  _GlyphSetContrast
                                  fff86c88         c   func ,g         0
  _GlyphSetContrastBoost
                                  fff86c94         c   func ,g         0
FILE=.\r_glyph\src\glyph\drivers\st7579_lcd.obj
                                  fff86ca0  fff87582       8e3
  _ST7579_Open
                                  fff86ca0        96   func ,g         1
  _ST7579_Close
                                  fff86d36         3   func ,g         1
  _ST7579_Write
                                  fff86d39       51b   func ,g         1
  _ST7579_Read
                                  fff87254        ac   func ,g         1
  _ST7579_SetSystemBiasBooster
                                  fff87300        ba   func ,g         2
  _ST7579_SetVO_Range
                                  fff873ba        56   func ,g         2
  _ST7579_Config
                                  fff87410        4e   func ,g         0
  _ST7579_Send16bitsCommand
                                  fff8745e        1c   func ,g         1
  _ST7579_Send8bitsData
                                  fff8747a         9   func ,g         0
  _ST7579_SetFrameRate
                                  fff87483        6f   func ,g         2
  _ST7579_SetPage
                                  fff874f2        23   func ,g         3
  _ST7579_SetChar
                                  fff87515        21   func ,g         4
  _ST7579_SetLine
                                  fff87536        4d   func ,g         1
FILE=.\r_bsp\board\rdkrx63n\lowlvl.obj
                                  fff87583  fff875b0        2e
  _charput
                                  fff87583         0   none ,g         1
  __C2ESTART
                                  fff87583         0   none ,l         0
  __TXLOOP
                                  fff8758c         0   none ,l         1
  __WRITEFC2E0
                                  fff87592         0   none ,l         0
  __CHARPUTEXIT
                                  fff87599         0   none ,l         0
  _charget
                                  fff8759a         0   none ,g         1
  __E2CSTART
                                  fff8759a         0   none ,l         0
  __RXLOOP
                                  fff875a3         0   none ,l         1
  __READFE2C0
                                  fff875a9         0   none ,l         0
  __CHARGETEXIT
                                  fff875b0         0   none ,l         0
FILE=.\r_bsp\board\rdkrx63n\hwsetup.obj
                                  fff875b1  fff876fa       14a
  _hardware_setup
                                  fff875b1       14a   func ,g         1
FILE=.\r_bsp\board\rdkrx63n\lcd.obj
                                  fff876fb  fff87791        97
  _lcd_initialize
                                  fff876fb        35   func ,g         1
  _lcd_clear
                                  fff87730         c   func ,g         1
  _lcd_display
                                  fff8773c        56   func ,g        12
FILE=.\r_bsp\board\rdkrx63n\lowsrc.obj
                                  fff87792  fff8792a       199
  __INIT_IOLIB
                                  fff87792        77   func ,g         1
  __CLOSEALL
                                  fff87809        21   func ,g         1
  _open
                                  fff8782a        79   func ,g         1
  _close
                                  fff878a3         3   func ,g         1
  _write
                                  fff878a6        42   func ,g         1
  _read
                                  fff878e8        3f   func ,g         0
  _lseek
                                  fff87927         4   func ,g         0
FILE=.\r_bsp\board\rdkrx63n\resetprg.obj
                                  fff8792b  fff879d4        aa
  _PowerON_Reset_PC
                                  fff8792b        aa   entry,g         1
FILE=.\r_bsp\board\rdkrx63n\sbrk.obj
                                  fff879d5  fff879f5        21
  _sbrk
                                  fff879d5        21   func ,g         1
FILE=.\r_bsp\board\rdkrx63n\vecttbl.obj
                                  fff879f6  fff87a07        12
  _excep_supervisor_inst_isr
                                  fff879f6         3   func ,g         1
  _excep_undefined_inst_isr
                                  fff879f9         3   func ,g         1
  _excep_floating_point_isr
                                  fff879fc         3   func ,g         1
  _non_maskable_isr
                                  fff879ff         3   func ,g         1
  _undefined_interrupt_source_isr
                                  fff87a02         3   func ,g         7
  _bus_error_isr
                                  fff87a05         3   func ,g         0
FILE=asinf
                                  fff87a08  fff87b04        fd
  _poly_asinf
                                  fff87a08        4b   func ,l         1
  _asinf_special
                                  fff87a53        2d   func ,l         1
  _asinl
                                  fff87a80         2   func ,g         0
  _asin
                                  fff87a82         2   func ,g         3
  _asinf
                                  fff87a84        81   func ,g         1
FILE=atanf
                                  fff87b05  fff87c25       121
  _poly_atanf
                                  fff87b05        73   func ,l         3
  _atanf_special_case
                                  fff87b78        25   func ,l         2
  _atanl
                                  fff87b9d         2   func ,g         0
  _atan
                                  fff87b9f         2   func ,g         5
  _atanf
                                  fff87ba1        85   func ,g         1
FILE=atan2f
                                  fff87c26  fff87c52        2d
  _atan2l
                                  fff87c26         2   func ,g         0
  _atan2
                                  fff87c28         2   func ,g         5
  _atan2f
                                  fff87c2a        29   func ,g         1
FILE=cosf
                                  fff87c53  fff87c86        34
  _cosl
                                  fff87c53         2   func ,g         0
  _cos
                                  fff87c55         2   func ,g         3
  _cosf
                                  fff87c57        30   func ,g         1
FILE=sinf
                                  fff87c87  fff87cc7        41
  _sinl
                                  fff87c87         2   func ,g         0
  _sin
                                  fff87c89         2   func ,g         3
  _sinf
                                  fff87c8b        3d   func ,g         1
FILE=powf
                                  fff87cc8  fff87cf4        2d
  _powl
                                  fff87cc8         2   func ,g         0
  _pow
                                  fff87cca         2   func ,g         d
  _powf
                                  fff87ccc        29   func ,g         1
FILE=sqrtf
                                  fff87cf5  fff87dc8        d4
  _in_sqrtf1
                                  fff87cf5        4f   func ,l         1
  _sqrt_rare0
                                  fff87d44        27   func ,l         1
  _sqrtl
                                  fff87d6b         2   func ,g         0
  _sqrt
                                  fff87d6d         2   func ,g         4
  _sqrtf
                                  fff87d6f        5a   func ,g         2
FILE=freopen
                                  fff87dc9  fff87df7        2f
  _freopen
                                  fff87dc9        2f   func ,g         3
FILE=fclose
                                  fff87df8  fff87e4b        54
  _fclose
                                  fff87df8        54   func ,g         4
FILE=printf
                                  fff87e4c  fff87e8a        3f
  _prout
                                  fff87e4c        1d   func ,l         1
  _printf
                                  fff87e69        22   func ,g         6
FILE=sprintf
                                  fff87e8b  fff87ec1        37
  _prout
                                  fff87e8b         b   func ,l         1
  _sprintf
                                  fff87e96        2c   func ,g         7
FILE=vsprintf
                                  fff87ec2  fff87ef5        34
  _prout
                                  fff87ec2         b   func ,l         1
  _vsprintf
                                  fff87ecd        29   func ,g         1
FILE=__initsct
                                  fff87ef6  fff87f3f        4a
  __INITSCT
                                  fff87ef6         0   none ,g         1
  loop1
                                  fff87f08         0   none ,l         1
  next_loop1
                                  fff87f16         0   none ,l         2
  loop3
                                  fff87f28         0   none ,l         1
  next_loop3
                                  fff87f39         0   none ,l         2
FILE=free
                                  fff87f40  fff87fc2        83
  _free
                                  fff87f40        83   func ,g         7
FILE=malloc
                                  fff87fc3  fff880a0        de
  _findmem
                                  fff87fc3        7b   func ,l         1
  _malloc
                                  fff8803e        63   func ,g         6
FILE=_i_atn2s
                                  fff880a1  fff880cc        2c
  __in_atan2s
                                  fff880a1        2c   func ,g         1
FILE=_in_pows
                                  fff880cd  fff881d5       109
  __in_pows
                                  fff880cd       109   func ,g         1
FILE=asincosfsub
                                  fff881d6  fff8826a        95
  ___poly_acosf
                                  fff881d6        55   func ,g         1
  ___poly_acosf_neg
                                  fff8822b        40   func ,g         1
FILE=nanfval
                                  fff8826b  fff88271         7
  ___nanf_value
                                  fff8826b         7   func ,g         3
FILE=sincosfsub
                                  fff88272  fff8835b        ea
  ___poly_sinf
                                  fff88272        31   func ,g         3
  ___poly_cosf
                                  fff882a3        28   func ,g         3
  _poly_cosfn
                                  fff882cb         7   func ,l         1
  _poly_sinfn
                                  fff882d2         5   func ,l         1
  _sincosf_special
                                  fff882d7        33   func ,l         1
  ___internal_sincosf
                                  fff8830a        52   func ,g         4
FILE=fwrite
                                  fff8835c  fff8842e        d3
  _fwrite
                                  fff8835c        d3   func ,g         1
FILE=fflush
                                  fff8842f  fff884b1        83
  _fflush
                                  fff8842f        83   func ,g         5
FILE=xfoprep
                                  fff884b2  fff88589        d8
  __Foprep
                                  fff884b2        d8   func ,g         1
FILE=xfofind
                                  fff8858a  fff88617        8e
  __Fofind
                                  fff8858a        45   func ,g         0
  __Fofree
                                  fff885cf        49   func ,g         2
FILE=xprintf
                                  fff88618  fff8887d       266
  __Printf
                                  fff88618       266   func ,g         3
FILE=xgetmem
                                  fff8887e  fff88898        1b
  __Getmem
                                  fff8887e        1b   func ,g         1
FILE=fmodf
                                  fff88899  fff888ca        32
  _fmodl
                                  fff88899         2   func ,g         0
  _fmod
                                  fff8889b         2   func ,g         1
  _fmodf
                                  fff8889d        2e   func ,g         2
FILE=_i_atans
                                  fff888cb  fff88a3c       172
  __in_atans
                                  fff888cb       172   func ,g         1
FILE=_i_ldes
                                  fff88a3d  fff88abb        7f
  __in_ldexps
                                  fff88a3d        7f   func ,g         4
FILE=_in_exps
                                  fff88abc  fff88bb6        fb
  __in_exps
                                  fff88abc        fb   func ,g         2
FILE=_in_logs
                                  fff88bb7  fff88c7f        c9
  __in_logs
                                  fff88bb7        c9   func ,g         2
FILE=xfwprep
                                  fff88c80  fff88d18        99
  __Fwprep
                                  fff88c80        99   func ,g         1
FILE=xputfld
                                  fff88d19  fff891b1       499
  __Putfld
                                  fff88d19       499   func ,g         1
FILE=xfopen
                                  fff891b2  fff891e1        30
  __Fopen
                                  fff891b2        30   func ,g         1
FILE=xvacopy
                                  fff891e2  fff891e9         8
  __Vacopy
                                  fff891e2         8   func ,g         2
FILE=xputtxt
                                  fff891ea  fff894ce       2e5
  __Puttxt
                                  fff891ea       2e5   func ,g         3
FILE=strchr
                                  fff894cf  fff894e4        16
  _strchr
                                  fff894cf        16   func ,g         2
FILE=xctype
                                  fff894e5  fff894fa        16
  __Getpctype
                                  fff894e5        16   func ,g         0
FILE=_a_atans
                                  fff894fb  fff8951f        25
  __app_atans
                                  fff894fb        25   func ,g         4
FILE=_i_fmds
                                  fff89520  fff895f9        da
  __in_fmods
                                  fff89520        da   func ,g         2
FILE=xldtob
                                  fff895fa  fff89a31       438
  __Ldtob
                                  fff895fa       438   func ,g         1
FILE=xputstr
                                  fff89a32  fff89b11        e0
  __Putstr
                                  fff89a32        e0   func ,g         1
FILE=xlitob
                                  fff89b12  fff89c29       118
  __Litob
                                  fff89b12       118   func ,g         1
FILE=xgenld
                                  fff89c2a  fff89ed7       2ae
  __Genld
                                  fff89c2a       2ae   func ,g         1
FILE=xwctomb
                                  fff89ed8  fff8a030       159
  __Wctombx
                                  fff89ed8       113   func ,g         1
  __Wctomb
                                  fff89feb        46   func ,g         1
FILE=xstate
                                  fff8a031  fff8a062        32
  __Getmbcurmax
                                  fff8a031        16   func ,g         2
  __Getpmbstate
                                  fff8a047        1c   func ,g         0
FILE=xldscale
                                  fff8a063  fff8a066         4
  __LDscale
                                  fff8a063         4   func ,g         1
FILE=xldunsca
                                  fff8a067  fff8a06a         4
  __LDunscale
                                  fff8a067         4   func ,g         1
FILE=__COM_DIV64u
                                  fff8a06b  fff8a103        99
  __COM_DIV64u
                                  fff8a06b         0   none ,g         2
  _Loop_Init
                                  fff8a075         0   none ,l         2
  _Loop
                                  fff8a07d         0   none ,l         1
  _DivStart
                                  fff8a089         0   none ,l         3
  _Success
                                  fff8a097         0   none ,l         1
  _DivEnd
                                  fff8a0a3         0   none ,l         0
  IXI6DIV
                                  fff8a0a8         0   none ,l         1
  IXI4DIV
                                  fff8a0ba         0   none ,l         1
  IXI2DIV
                                  fff8a0ca         0   none ,l         1
  I8I2DIV
                                  fff8a0d2         0   none ,l         1
  I4I2DIV
                                  fff8a100         0   none ,l         1
  _i8divU_End
                                  fff8a103         0   none ,l         0
FILE=__COM_MOD64u
                                  fff8a104  fff8a18a        87
  __COM_MOD64u
                                  fff8a104         0   none ,g         1
  _Loop_Init
                                  fff8a10e         0   none ,l         2
  _Loop
                                  fff8a112         0   none ,l         1
  _DivStart
                                  fff8a11e         0   none ,l         3
  _Success
                                  fff8a12c         0   none ,l         1
  _DivEnd
                                  fff8a134         0   none ,l         0
  IXI6DIV
                                  fff8a135         0   none ,l         1
  IXI4DIV
                                  fff8a147         0   none ,l         1
  IXI2DIV
                                  fff8a157         0   none ,l         1
  I8I2DIV
                                  fff8a15f         0   none ,l         1
  I4I2DIV
                                  fff8a17f         0   none ,l         1
FILE=_div
                                  fff8a18b  fff8a196         c
  _ldiv
                                  fff8a18b         0   none ,g         1
  _div
                                  fff8a18b         0   none ,g         1
FILE=localeco
                                  fff8a197  fff8a19d         7
  _localeconv
                                  fff8a197         7   func ,g         1
FILE=xwcstate
                                  fff8a19e  fff8a1b9        1c
  __Getpwcstate
                                  fff8a19e        1c   func ,g         0
FILE=xfdscale
                                  fff8a1ba  fff8a2dd       124
  __FDscale
                                  fff8a1ba       124   func ,g         1
FILE=xfdunsca
                                  fff8a2de  fff8a338        5b
  __FDunscale
                                  fff8a2de        5b   func ,g         1
FILE=xfdnorm
                                  fff8a339  fff8a3b7        7f
  __FDnorm
                                  fff8a339        7f   func ,g         2

SECTION=W_1
FILE=.\r_glyph\src\glyph\drivers\st7579_lcd.obj
                                  fff8a3b8  fff8a3db        24

SECTION=W_2
FILE=.\r_glyph\src\glyph\drivers\st7579_lcd.obj
                                  fff8a3dc  fff8a431        56

SECTION=$ADDR_C_FFFFFF80
FILE=.\r_bsp\board\rdkrx63n\flash_options.obj
                                  ffffff80  ffffff8f        10
  _flash_options
                                  ffffff80        10   data ,g         0

SECTION=FIXEDVECT
FILE=.\r_bsp\board\rdkrx63n\vecttbl.obj
                                  ffffff90  ffffffff        70
  _Fixed_Vectors
                                  ffffff90        70   data ,g         0

Absolute value symbols
FILE=.\r_bsp\board\rdkrx63n\lowlvl.obj
  TXFL0EN
                                  00000100         0   none ,l         0
  RXFL0EN
                                  00001000         0   none ,l         0
  FE2C0
                                  00084090         0   none ,l         0
  DBGSTAT
                                  000840c0         0   none ,l         0
  FC2E0
                                  00084080         0   none ,l         0

*** Unfilled Areas ***

AREA                                START    END

*** Delete Symbols ***

SYMBOL                                SIZE    INFO
