Renesas Optimizing Linker (W2.04.00 )             02-May-2016 15:13:08

*** Options ***

-subcommand=LinkerSubCommand.tmp
-input="./src/S12ADC.obj"
-input="./src/main.obj"
-input="./src/LowLevelDrivers/MTU2a/MTU_C3.obj"
-input="./src/LowLevelDrivers/MTU2a/MTU_C4.obj"
-input="./src/LowLevelDrivers/MTU2a/MTU_C5U.obj"
-input="./src/LowLevelDrivers/MTU2a/MTU_C5W.obj"
-input="./src/LowLevelDrivers/CMT.obj"
-input="./src/LowLevelDrivers/I2C.obj"
-input="./src/Ducted_Drivers/AHRS.obj"
-input="./src/Ducted_Drivers/AHRS_Mahony.obj"
-input="./src/Ducted_Drivers/AverageFilter.obj"
-input="./src/Ducted_Drivers/HMC5883L.obj"
-input="./src/Ducted_Drivers/IMU_write_read.obj"
-input="./src/Ducted_Drivers/Kalman.obj"
-input="./src/Ducted_Drivers/MPU6050.obj"
-input="./src/Ducted_Drivers/MS5611-01BA01.obj"
-input="./src/Ducted_Drivers/Motor.obj"
-input="./src/Ducted_Drivers/PID.obj"
-input="./src/Ducted_Drivers/RC_CH1.obj"
-input="./src/Ducted_Drivers/Servo.obj"
-input="./src/Ducted_Drivers/Sonar.obj"
-input="./src/Ducted_Drivers/WatchDogTimer.obj"
-input="./r_rspi_rx600/src/r_rspi_rx600.obj"
-input="./r_riic_rx600/src/r_riic_rx600.obj"
-input="./r_riic_rx600/src/r_riic_rx600_master.obj"
-input="./r_glyph/src/r_glyph.obj"
-input="./r_glyph/src/r_glyph_register.obj"
-input="./r_glyph/src/glyph/glyph.obj"
-input="./r_glyph/src/glyph/fonts/font_8x8.obj"
-input="./r_glyph/src/glyph/drivers/st7579_lcd.obj"
-input="./r_bsp/board/rdkrx63n/lowlvl.obj"
-input="./r_bsp/board/rdkrx63n/dbsct.obj"
-input="./r_bsp/board/rdkrx63n/flash_options.obj"
-input="./r_bsp/board/rdkrx63n/hwsetup.obj"
-input="./r_bsp/board/rdkrx63n/lcd.obj"
-input="./r_bsp/board/rdkrx63n/lowsrc.obj"
-input="./r_bsp/board/rdkrx63n/resetprg.obj"
-input="./r_bsp/board/rdkrx63n/sbrk.obj"
-input="./r_bsp/board/rdkrx63n/vecttbl.obj"
-start=SI,SU,B_1,R_1,B_2,R_2,B,R/0,C_1,C_2,C,C$*,L*,D*,P,W*/0FFF80000,FIXEDVECT/0FFFFFF90
-library=C:\Users\Enrico\git\DUCTED~1\DUCTED~1\Debug\ADC_OneShot.lib
-noprelink
-list=ADC_OneShot.map
-show
-nooptimize
-debug
-output=C:\Users\Enrico\git\Ducted_Fan\Ducted_Fan\Debug\ADC_OneShot.abs
-nocompress
-nologo
-nomessage
-rom=D=R,D_1=R_1,D_2=R_2
-vect=_undefined_interrupt_source_isr

*** Error information ***

*** Mapping List ***

SECTION                            START      END         SIZE   ALIGN

SI
                                  00000000  000003ff       400   4
SU
                                  00000400  000013ff      1000   4
B_1
                                  00001400  00001495        96   1
R_1
                                  00001496  00001501        6c   1
B_2
                                  00001502  00001503         2   2
R_2
                                  00001504  00001515        12   2
B
                                  00001518  000021cf       cb8   4
R
                                  000021d0  0000290f       740   4
$ADDR_C_FF7FFFE8
                                  ff7fffe8  ff7fffff        18   1
C_1
                                  fff80000  fff80ad1       ad2   1
C_2
                                  fff80ad2  fff80cd3       202   2
C
                                  fff80cd4  fff80edf       20c   4
C$DSEC
                                  fff80ee0  fff80f03        24   4
C$BSEC
                                  fff80f04  fff80f1b        18   4
C$VECT
                                  fff80f1c  fff8131b       400   4
L
                                  fff8131c  fff814dc       1c1   4
D
                                  fff814e0  fff81c1f       740   4
D_1
                                  fff81c20  fff81c8b        6c   1
D_2
                                  fff81c8c  fff81c9d        12   2
P
                                  fff81c9e  fff8a33c      869f   1
W
                                  fff8a340  fff8a340         0   4
W_1
                                  fff8a340  fff8a363        24   1
W_2
                                  fff8a364  fff8a3b9        56   2
$ADDR_C_FFFFFF80
                                  ffffff80  ffffff8f        10   1
FIXEDVECT
                                  ffffff90  ffffffff        70   4

*** Symbol List ***

SECTION=
FILE=                               START        END    SIZE
  SYMBOL                            ADDR        SIZE    INFO      COUNTS  OPT

SECTION=SI
FILE=.\r_bsp\board\rdkrx63n\resetprg.obj
                                  00000000  000003ff       400

SECTION=SU
FILE=.\r_bsp\board\rdkrx63n\resetprg.obj
                                  00000400  000013ff      1000

SECTION=B_1
FILE=.\src\main.obj
                                  00001400  0000145f        60
  _lcd_buffer
                                  00001400        60   data ,l         3
FILE=.\src\LowLevelDrivers\CMT.obj
                                  00001460  00001467         8
  _timers
                                  00001460         8   data ,g         2
FILE=.\src\Ducted_Drivers\MS5611-01BA01.obj
                                  00001468  0000146d         6
  _Buffer_Rx1
                                  00001468         3   data ,g         3
  _Buffer_Tx1
                                  0000146b         1   data ,g         3
  _Buffer_Rx2
                                  0000146c         1   data ,g         0
  _Buffer_Tx2
                                  0000146d         1   data ,g         1
FILE=.\r_bsp\board\rdkrx63n\lowsrc.obj
                                  0000146e  00001495        28
  _flmod
                                  0000146e        14   data ,g         5
  _sml_buf
                                  00001482        14   data ,g         0

SECTION=R_1
FILE=.\src\Ducted_Drivers\HMC5883L.obj
                                  00001496  000014a3         e
  _ENABLE_REG
                                  00001496         1   data ,g         1
  _DISABLE_REG
                                  00001497         1   data ,g         0
  _CONFIG_6A
                                  00001498         1   data ,g         1
  _CONFIG_MST_CTR
                                  00001499         1   data ,g         1
  _CONFIG_SLV0_ADDR_R
                                  0000149a         1   data ,g         1
  _CONFIG_SLV0_ADDR_W
                                  0000149b         1   data ,g         2
  _CONFIG_SLV0_REG_DATA
                                  0000149c         1   data ,g         1
  _CONFIG_SLV0_CTRL_1
                                  0000149d         1   data ,g         2
  _CONFIG_SLV0_CTRL_2
                                  0000149e         1   data ,g         1
  _CONFIG_SLV0_CTRL_Enable
                                  0000149f         1   data ,g         2
  _CONFIG_INT_PIN_CFG
                                  000014a0         1   data ,g         0
  _CONFIG_REG_A
                                  000014a1         1   data ,g         1
  _CONFIG_REG_B
                                  000014a2         1   data ,g         1
  _CONFIG_MODE_REG
                                  000014a3         1   data ,g         1
FILE=.\src\Ducted_Drivers\MPU6050.obj
                                  000014a4  000014a9         6
  _DISABLE
                                  000014a4         1   data ,g         1
  _INITIAL
                                  000014a5         1   data ,g         1
  _ENABLE
                                  000014a6         1   data ,g         1
  _RATE_1000
                                  000014a7         1   data ,g         1
  _D_GYRO_SELF_TEST
                                  000014a8         1   data ,g         1
  _GYRO_CLOCK
                                  000014a9         1   data ,g         1
FILE=.\r_rspi_rx600\src\r_rspi_rx600.obj
                                  000014aa  000014ac         3
  _rspi_initialized
                                  000014aa         3   data ,l         1
FILE=.\r_riic_rx600\src\r_riic_rx600.obj
                                  000014ad  000014b0         4
  _g_riic_locked
                                  000014ad         2   data ,l         5
  _riic_initialized
                                  000014af         2   data ,l         2
FILE=xfiles
                                  000014b1  00001500        50
  _ebuf
                                  000014b1        50   data ,l         5
FILE=xstate
                                  00001501  00001501         1
  __Mbcurmax
                                  00001501         1   data ,g         1

SECTION=B_2
FILE=.\src\main.obj
                                  00001502  00001503         2
  _analogRead
                                  00001502         2   data ,g         3

SECTION=R_2
FILE=.\src\Ducted_Drivers\RC_CH1.obj
                                  00001504  00001505         2
  _rc_count
                                  00001504         2   data ,l         3
FILE=.\src\Ducted_Drivers\Sonar.obj
                                  00001506  00001507         2
  _sonar_echo_count
                                  00001506         2   data ,l         3
FILE=sqrtf
                                  00001508  00001515         e
  _cf1S
                                  00001508         e   data ,l         1

SECTION=B
FILE=.\src\main.obj
                                  00001518  00001cc7       7b0
  _desiredState
                                  00001518       310   data ,g         2
  _currentState
                                  00001828       310   data ,g         1
  _z_axis_PID
                                  00001b38        20   data ,g         2
  _Pitch_PID
                                  00001b58        20   data ,g         2
  _Roll_PID
                                  00001b78        20   data ,g         2
  _pitchAVG
                                  00001b98        7c   data ,g         2
  _rollAVG
                                  00001c14        7c   data ,g         2
  _outValue
                                  00001c90         4   data ,g         1
  _altitudeValue
                                  00001c94         4   data ,g         4
  _sonarWDT
                                  00001c98        10   data ,g         4
  _mainWDT
                                  00001ca8        10   data ,g         3
  _rcWDT
                                  00001cb8        10   data ,g         4
FILE=.\src\Ducted_Drivers\Kalman.obj
                                  00001cc8  00001d57        90
  _pitchKalman
                                  00001cc8         4   data ,g         2
  _rollKalman
                                  00001ccc         4   data ,g         2
  _yawKalman
                                  00001cd0         4   data ,g         1
  _kalman1
                                  00001cd4        2c   data ,g         1
  _kalman2
                                  00001d00        2c   data ,g         1
  _kalman3
                                  00001d2c        2c   data ,g         1
FILE=.\src\Ducted_Drivers\MS5611-01BA01.obj
                                  00001d58  00001d77        20
  _C
                                  00001d58        20   data ,g         2
FILE=.\r_bsp\board\rdkrx63n\lcd.obj
                                  00001d78  00001d7b         4
  _lcd_handle
                                  00001d78         4   data ,g         3
FILE=.\r_bsp\board\rdkrx63n\lowsrc.obj
                                  00001d7c  00001dcb        50
  __Files
                                  00001d7c        50   data ,g         4
FILE=.\r_bsp\board\rdkrx63n\sbrk.obj
                                  00001dcc  000021cb       400
  _heap_area
                                  00001dcc       400   data ,l         2
FILE=_errno
                                  000021cc  000021cf         4
  __errno
                                  000021cc         4   data ,g         a

SECTION=R
FILE=.\src\main.obj
                                  000021d0  000021d7         8
  _dt
                                  000021d0         4   data ,g         2
  _sonarDistance
                                  000021d4         4   data ,l         3
FILE=.\src\LowLevelDrivers\CMT.obj
                                  000021d8  000021db         4
  _general_timer_mS
                                  000021d8         4   data ,g         3
FILE=.\src\Ducted_Drivers\AHRS.obj
                                  000021dc  000021ef        14
  _q0
                                  000021dc         4   data ,l         8
  _q1
                                  000021e0         4   data ,l         8
  _q2
                                  000021e4         4   data ,l         8
  _q3
                                  000021e8         4   data ,l         8
  _beta
                                  000021ec         4   data ,g         3
FILE=.\src\Ducted_Drivers\AHRS_Mahony.obj
                                  000021f0  00002213        24
  _q0
                                  000021f0         4   data ,g         7
  _q1
                                  000021f4         4   data ,g         9
  _q2
                                  000021f8         4   data ,g         7
  _q3
                                  000021fc         4   data ,g         7
  _twoKp
                                  00002200         4   data ,g         3
  _twoKi
                                  00002204         4   data ,g         3
  _integralFBx
                                  00002208         4   data ,g         6
  _integralFBy
                                  0000220c         4   data ,g         6
  _integralFBz
                                  00002210         4   data ,g         6
FILE=.\src\Ducted_Drivers\HMC5883L.obj
                                  00002214  00002223        10
  _MAG_XOUT_OFFSET
                                  00002214         4   data ,l         1
  _MAG_YOUT_OFFSET
                                  00002218         4   data ,l         1
  _MAG_ZOUT_OFFSET
                                  0000221c         4   data ,l         1
  _HMC5883L_MG_PER_DIGIT
                                  00002220         4   data ,l         1
FILE=.\src\Ducted_Drivers\MPU6050.obj
                                  00002224  00002233        10
  _GYRO_XOUT_OFFSET
                                  00002224         4   data ,l         3
  _GYRO_YOUT_OFFSET
                                  00002228         4   data ,l         3
  _GYRO_ZOUT_OFFSET
                                  0000222c         4   data ,l         3
  _OFFSET_ERROR
                                  00002230         4   data ,l         1
FILE=.\src\Ducted_Drivers\RC_CH1.obj
                                  00002234  00002237         4
  _rc_state
                                  00002234         4   data ,l         5
FILE=.\src\Ducted_Drivers\Sonar.obj
                                  00002238  0000223b         4
  _sonar_state
                                  00002238         4   data ,l         7
FILE=.\r_rspi_rx600\src\r_rspi_rx600.obj
                                  0000223c  00002257        1c
  _g_rspi_locked_id
                                  0000223c         c   data ,l         9
  _rspi_semaphore
                                  00002248         4   data ,l         1
  _g_rspi_channels
                                  0000224c         c   data ,g         5
FILE=.\r_riic_rx600\src\r_riic_rx600.obj
                                  00002258  00002273        1c
  _g_riic_channels
                                  00002258         8   data ,g        17
  _g_riic_mode
                                  00002260         8   data ,g         4
  _g_riic_state
                                  00002268         8   data ,g         0
  _riic_semaphore
                                  00002270         4   data ,l         2
FILE=.\r_glyph\src\glyph\fonts\font_8x8.obj
                                  00002274  00002673       400
  _Font8x8_table
                                  00002274       400   data ,g         2
FILE=.\r_bsp\board\rdkrx63n\lowsrc.obj
                                  00002674  00002687        14
  _env_list
                                  00002674        10   data ,g         1
  _environ
                                  00002684         4   data ,g         0
FILE=.\r_bsp\board\rdkrx63n\sbrk.obj
                                  00002688  0000268b         4
  _brk
                                  00002688         4   data ,l         1
FILE=sqrtf
                                  0000268c  0000268f         4
  _nan_value
                                  0000268c         4   data ,l         1
FILE=xfiles
                                  00002690  00002767        d8
  __Stdin
                                  00002690        48   data ,g         8
  __Stdout
                                  000026d8        48   data ,g         9
  __Stderr
                                  00002720        48   data ,g         4
FILE=malloc
                                  00002768  0000276f         8
  __Aldata
                                  00002768         8   data ,g         3
FILE=sincosfsub
                                  00002770  000027ab        3c
  _sinf_coeff
                                  00002770        10   data ,l         1
  _cosf_coeff
                                  00002780        10   data ,l         1
  _pi4ptr_table
                                  00002790         c   data ,l         1
  _sub_table
                                  0000279c        10   data ,l         1
FILE=xprintf
                                  000027ac  000027af         4
  _stderr
                                  000027ac         4   data ,g         0
FILE=xctype
                                  000027b0  000027b7         8
  __Ctype
                                  000027b0         4   data ,g         2
  __Tls_setup__Ctype
                                  000027b4         4   data ,g         1
FILE=xstate
                                  000027b8  000027ff        48
  __Tls_setup__Mbcurmax
                                  000027b8         4   data ,g         1
  __Mbstate
                                  000027bc        40   data ,g         2
  __Tls_setup__Mbstate
                                  000027fc         4   data ,g         2
FILE=localeco
                                  00002800  00002853        54
  __Locale
                                  00002800        50   data ,g         1
  __Tls_setup__Locale
                                  00002850         4   data ,g         0
FILE=xwcstate
                                  00002854  00002897        44
  __Wcstate
                                  00002854        40   data ,g         2
  __Tls_setup__Wcstate
                                  00002894         4   data ,g         2
FILE=xfvalues
                                  00002898  0000290f        78
  __FDenorm
                                  00002898        10   data ,g         0
  __FEps
                                  000028a8        10   data ,g         0
  __FHugeval
                                  000028b8        10   data ,g         0
  __FInf
                                  000028c8        10   data ,g         1
  __FNan
                                  000028d8        10   data ,g         0
  __FSnan
                                  000028e8        10   data ,g         0
  __FRteps
                                  000028f8        10   data ,g         0
  __FXbig
                                  00002908         4   data ,g         0
  __FZero
                                  0000290c         4   data ,g         0

SECTION=$ADDR_C_FF7FFFE8
FILE=.\r_bsp\board\rdkrx63n\flash_options.obj
                                  ff7fffe8  ff7fffff        18
  _user_boot_settings
                                  ff7fffe8        18   data ,g         0

SECTION=C_1
FILE=.\r_glyph\src\glyph\fonts\font_8x8.obj
                                  fff80000  fff809ff       a00
  _Font8x8_char_0
                                  fff80000         a   data ,g         1
  _Font8x8_char_1
                                  fff8000a         a   data ,g         1
  _Font8x8_char_2
                                  fff80014         a   data ,g         1
  _Font8x8_char_3
                                  fff8001e         a   data ,g         1
  _Font8x8_char_4
                                  fff80028         a   data ,g         1
  _Font8x8_char_5
                                  fff80032         a   data ,g         1
  _Font8x8_char_6
                                  fff8003c         a   data ,g         1
  _Font8x8_char_7
                                  fff80046         a   data ,g         1
  _Font8x8_char_8
                                  fff80050         a   data ,g         1
  _Font8x8_char_9
                                  fff8005a         a   data ,g         1
  _Font8x8_char_10
                                  fff80064         a   data ,g         1
  _Font8x8_char_11
                                  fff8006e         a   data ,g         1
  _Font8x8_char_12
                                  fff80078         a   data ,g         1
  _Font8x8_char_13
                                  fff80082         a   data ,g         1
  _Font8x8_char_14
                                  fff8008c         a   data ,g         1
  _Font8x8_char_15
                                  fff80096         a   data ,g         1
  _Font8x8_char_16
                                  fff800a0         a   data ,g         1
  _Font8x8_char_17
                                  fff800aa         a   data ,g         1
  _Font8x8_char_18
                                  fff800b4         a   data ,g         1
  _Font8x8_char_19
                                  fff800be         a   data ,g         1
  _Font8x8_char_20
                                  fff800c8         a   data ,g         1
  _Font8x8_char_21
                                  fff800d2         a   data ,g         1
  _Font8x8_char_22
                                  fff800dc         a   data ,g         1
  _Font8x8_char_23
                                  fff800e6         a   data ,g         1
  _Font8x8_char_24
                                  fff800f0         a   data ,g         1
  _Font8x8_char_25
                                  fff800fa         a   data ,g         1
  _Font8x8_char_26
                                  fff80104         a   data ,g         1
  _Font8x8_char_27
                                  fff8010e         a   data ,g         1
  _Font8x8_char_28
                                  fff80118         a   data ,g         1
  _Font8x8_char_29
                                  fff80122         a   data ,g         1
  _Font8x8_char_30
                                  fff8012c         a   data ,g         1
  _Font8x8_char_31
                                  fff80136         a   data ,g         1
  _Font8x8_char_32
                                  fff80140         a   data ,g         1
  _Font8x8_char_33
                                  fff8014a         a   data ,g         1
  _Font8x8_char_34
                                  fff80154         a   data ,g         1
  _Font8x8_char_35
                                  fff8015e         a   data ,g         1
  _Font8x8_char_36
                                  fff80168         a   data ,g         1
  _Font8x8_char_37
                                  fff80172         a   data ,g         1
  _Font8x8_char_38
                                  fff8017c         a   data ,g         1
  _Font8x8_char_39
                                  fff80186         a   data ,g         1
  _Font8x8_char_40
                                  fff80190         a   data ,g         1
  _Font8x8_char_41
                                  fff8019a         a   data ,g         1
  _Font8x8_char_42
                                  fff801a4         a   data ,g         1
  _Font8x8_char_43
                                  fff801ae         a   data ,g         1
  _Font8x8_char_44
                                  fff801b8         a   data ,g         1
  _Font8x8_char_45
                                  fff801c2         a   data ,g         1
  _Font8x8_char_46
                                  fff801cc         a   data ,g         1
  _Font8x8_char_47
                                  fff801d6         a   data ,g         1
  _Font8x8_char_48
                                  fff801e0         a   data ,g         1
  _Font8x8_char_49
                                  fff801ea         a   data ,g         1
  _Font8x8_char_50
                                  fff801f4         a   data ,g         1
  _Font8x8_char_51
                                  fff801fe         a   data ,g         1
  _Font8x8_char_52
                                  fff80208         a   data ,g         1
  _Font8x8_char_53
                                  fff80212         a   data ,g         1
  _Font8x8_char_54
                                  fff8021c         a   data ,g         1
  _Font8x8_char_55
                                  fff80226         a   data ,g         1
  _Font8x8_char_56
                                  fff80230         a   data ,g         1
  _Font8x8_char_57
                                  fff8023a         a   data ,g         1
  _Font8x8_char_58
                                  fff80244         a   data ,g         1
  _Font8x8_char_59
                                  fff8024e         a   data ,g         1
  _Font8x8_char_60
                                  fff80258         a   data ,g         1
  _Font8x8_char_61
                                  fff80262         a   data ,g         1
  _Font8x8_char_62
                                  fff8026c         a   data ,g         1
  _Font8x8_char_63
                                  fff80276         a   data ,g         1
  _Font8x8_char_64
                                  fff80280         a   data ,g         1
  _Font8x8_char_65
                                  fff8028a         a   data ,g         1
  _Font8x8_char_66
                                  fff80294         a   data ,g         1
  _Font8x8_char_67
                                  fff8029e         a   data ,g         1
  _Font8x8_char_68
                                  fff802a8         a   data ,g         1
  _Font8x8_char_69
                                  fff802b2         a   data ,g         1
  _Font8x8_char_70
                                  fff802bc         a   data ,g         1
  _Font8x8_char_71
                                  fff802c6         a   data ,g         1
  _Font8x8_char_72
                                  fff802d0         a   data ,g         1
  _Font8x8_char_73
                                  fff802da         a   data ,g         1
  _Font8x8_char_74
                                  fff802e4         a   data ,g         1
  _Font8x8_char_75
                                  fff802ee         a   data ,g         1
  _Font8x8_char_76
                                  fff802f8         a   data ,g         1
  _Font8x8_char_77
                                  fff80302         a   data ,g         1
  _Font8x8_char_78
                                  fff8030c         a   data ,g         1
  _Font8x8_char_79
                                  fff80316         a   data ,g         1
  _Font8x8_char_80
                                  fff80320         a   data ,g         1
  _Font8x8_char_81
                                  fff8032a         a   data ,g         1
  _Font8x8_char_82
                                  fff80334         a   data ,g         1
  _Font8x8_char_83
                                  fff8033e         a   data ,g         1
  _Font8x8_char_84
                                  fff80348         a   data ,g         1
  _Font8x8_char_85
                                  fff80352         a   data ,g         1
  _Font8x8_char_86
                                  fff8035c         a   data ,g         1
  _Font8x8_char_87
                                  fff80366         a   data ,g         1
  _Font8x8_char_88
                                  fff80370         a   data ,g         1
  _Font8x8_char_89
                                  fff8037a         a   data ,g         1
  _Font8x8_char_90
                                  fff80384         a   data ,g         1
  _Font8x8_char_91
                                  fff8038e         a   data ,g         1
  _Font8x8_char_92
                                  fff80398         a   data ,g         1
  _Font8x8_char_93
                                  fff803a2         a   data ,g         1
  _Font8x8_char_94
                                  fff803ac         a   data ,g         1
  _Font8x8_char_95
                                  fff803b6         a   data ,g         1
  _Font8x8_char_96
                                  fff803c0         a   data ,g         1
  _Font8x8_char_97
                                  fff803ca         a   data ,g         1
  _Font8x8_char_98
                                  fff803d4         a   data ,g         1
  _Font8x8_char_99
                                  fff803de         a   data ,g         1
  _Font8x8_char_100
                                  fff803e8         a   data ,g         1
  _Font8x8_char_101
                                  fff803f2         a   data ,g         1
  _Font8x8_char_102
                                  fff803fc         a   data ,g         1
  _Font8x8_char_103
                                  fff80406         a   data ,g         1
  _Font8x8_char_104
                                  fff80410         a   data ,g         1
  _Font8x8_char_105
                                  fff8041a         a   data ,g         1
  _Font8x8_char_106
                                  fff80424         a   data ,g         1
  _Font8x8_char_107
                                  fff8042e         a   data ,g         1
  _Font8x8_char_108
                                  fff80438         a   data ,g         1
  _Font8x8_char_109
                                  fff80442         a   data ,g         1
  _Font8x8_char_110
                                  fff8044c         a   data ,g         1
  _Font8x8_char_111
                                  fff80456         a   data ,g         1
  _Font8x8_char_112
                                  fff80460         a   data ,g         1
  _Font8x8_char_113
                                  fff8046a         a   data ,g         1
  _Font8x8_char_114
                                  fff80474         a   data ,g         1
  _Font8x8_char_115
                                  fff8047e         a   data ,g         1
  _Font8x8_char_116
                                  fff80488         a   data ,g         1
  _Font8x8_char_117
                                  fff80492         a   data ,g         1
  _Font8x8_char_118
                                  fff8049c         a   data ,g         1
  _Font8x8_char_119
                                  fff804a6         a   data ,g         1
  _Font8x8_char_120
                                  fff804b0         a   data ,g         1
  _Font8x8_char_121
                                  fff804ba         a   data ,g         1
  _Font8x8_char_122
                                  fff804c4         a   data ,g         1
  _Font8x8_char_123
                                  fff804ce         a   data ,g         1
  _Font8x8_char_124
                                  fff804d8         a   data ,g         1
  _Font8x8_char_125
                                  fff804e2         a   data ,g         1
  _Font8x8_char_126
                                  fff804ec         a   data ,g         1
  _Font8x8_char_127
                                  fff804f6         a   data ,g         1
  _Font8x8_char_128
                                  fff80500         a   data ,g         1
  _Font8x8_char_129
                                  fff8050a         a   data ,g         1
  _Font8x8_char_130
                                  fff80514         a   data ,g         1
  _Font8x8_char_131
                                  fff8051e         a   data ,g         1
  _Font8x8_char_132
                                  fff80528         a   data ,g         1
  _Font8x8_char_133
                                  fff80532         a   data ,g         1
  _Font8x8_char_134
                                  fff8053c         a   data ,g         1
  _Font8x8_char_135
                                  fff80546         a   data ,g         1
  _Font8x8_char_136
                                  fff80550         a   data ,g         1
  _Font8x8_char_137
                                  fff8055a         a   data ,g         1
  _Font8x8_char_138
                                  fff80564         a   data ,g         1
  _Font8x8_char_139
                                  fff8056e         a   data ,g         1
  _Font8x8_char_140
                                  fff80578         a   data ,g         1
  _Font8x8_char_141
                                  fff80582         a   data ,g         1
  _Font8x8_char_142
                                  fff8058c         a   data ,g         1
  _Font8x8_char_143
                                  fff80596         a   data ,g         1
  _Font8x8_char_144
                                  fff805a0         a   data ,g         1
  _Font8x8_char_145
                                  fff805aa         a   data ,g         1
  _Font8x8_char_146
                                  fff805b4         a   data ,g         1
  _Font8x8_char_147
                                  fff805be         a   data ,g         1
  _Font8x8_char_148
                                  fff805c8         a   data ,g         1
  _Font8x8_char_149
                                  fff805d2         a   data ,g         1
  _Font8x8_char_150
                                  fff805dc         a   data ,g         1
  _Font8x8_char_151
                                  fff805e6         a   data ,g         1
  _Font8x8_char_152
                                  fff805f0         a   data ,g         1
  _Font8x8_char_153
                                  fff805fa         a   data ,g         1
  _Font8x8_char_154
                                  fff80604         a   data ,g         1
  _Font8x8_char_155
                                  fff8060e         a   data ,g         1
  _Font8x8_char_156
                                  fff80618         a   data ,g         1
  _Font8x8_char_157
                                  fff80622         a   data ,g         1
  _Font8x8_char_158
                                  fff8062c         a   data ,g         1
  _Font8x8_char_159
                                  fff80636         a   data ,g         1
  _Font8x8_char_160
                                  fff80640         a   data ,g         1
  _Font8x8_char_161
                                  fff8064a         a   data ,g         1
  _Font8x8_char_162
                                  fff80654         a   data ,g         1
  _Font8x8_char_163
                                  fff8065e         a   data ,g         1
  _Font8x8_char_164
                                  fff80668         a   data ,g         1
  _Font8x8_char_165
                                  fff80672         a   data ,g         1
  _Font8x8_char_166
                                  fff8067c         a   data ,g         1
  _Font8x8_char_167
                                  fff80686         a   data ,g         1
  _Font8x8_char_168
                                  fff80690         a   data ,g         1
  _Font8x8_char_169
                                  fff8069a         a   data ,g         1
  _Font8x8_char_170
                                  fff806a4         a   data ,g         1
  _Font8x8_char_171
                                  fff806ae         a   data ,g         1
  _Font8x8_char_172
                                  fff806b8         a   data ,g         1
  _Font8x8_char_173
                                  fff806c2         a   data ,g         1
  _Font8x8_char_174
                                  fff806cc         a   data ,g         1
  _Font8x8_char_175
                                  fff806d6         a   data ,g         1
  _Font8x8_char_176
                                  fff806e0         a   data ,g         1
  _Font8x8_char_177
                                  fff806ea         a   data ,g         1
  _Font8x8_char_178
                                  fff806f4         a   data ,g         1
  _Font8x8_char_179
                                  fff806fe         a   data ,g         1
  _Font8x8_char_180
                                  fff80708         a   data ,g         1
  _Font8x8_char_181
                                  fff80712         a   data ,g         1
  _Font8x8_char_182
                                  fff8071c         a   data ,g         1
  _Font8x8_char_183
                                  fff80726         a   data ,g         1
  _Font8x8_char_184
                                  fff80730         a   data ,g         1
  _Font8x8_char_185
                                  fff8073a         a   data ,g         1
  _Font8x8_char_186
                                  fff80744         a   data ,g         1
  _Font8x8_char_187
                                  fff8074e         a   data ,g         1
  _Font8x8_char_188
                                  fff80758         a   data ,g         1
  _Font8x8_char_189
                                  fff80762         a   data ,g         1
  _Font8x8_char_190
                                  fff8076c         a   data ,g         1
  _Font8x8_char_191
                                  fff80776         a   data ,g         1
  _Font8x8_char_192
                                  fff80780         a   data ,g         1
  _Font8x8_char_193
                                  fff8078a         a   data ,g         1
  _Font8x8_char_194
                                  fff80794         a   data ,g         1
  _Font8x8_char_195
                                  fff8079e         a   data ,g         1
  _Font8x8_char_196
                                  fff807a8         a   data ,g         1
  _Font8x8_char_197
                                  fff807b2         a   data ,g         1
  _Font8x8_char_198
                                  fff807bc         a   data ,g         1
  _Font8x8_char_199
                                  fff807c6         a   data ,g         1
  _Font8x8_char_200
                                  fff807d0         a   data ,g         1
  _Font8x8_char_201
                                  fff807da         a   data ,g         1
  _Font8x8_char_202
                                  fff807e4         a   data ,g         1
  _Font8x8_char_203
                                  fff807ee         a   data ,g         1
  _Font8x8_char_204
                                  fff807f8         a   data ,g         1
  _Font8x8_char_205
                                  fff80802         a   data ,g         1
  _Font8x8_char_206
                                  fff8080c         a   data ,g         1
  _Font8x8_char_207
                                  fff80816         a   data ,g         1
  _Font8x8_char_208
                                  fff80820         a   data ,g         1
  _Font8x8_char_209
                                  fff8082a         a   data ,g         1
  _Font8x8_char_210
                                  fff80834         a   data ,g         1
  _Font8x8_char_211
                                  fff8083e         a   data ,g         1
  _Font8x8_char_212
                                  fff80848         a   data ,g         1
  _Font8x8_char_213
                                  fff80852         a   data ,g         1
  _Font8x8_char_214
                                  fff8085c         a   data ,g         1
  _Font8x8_char_215
                                  fff80866         a   data ,g         1
  _Font8x8_char_216
                                  fff80870         a   data ,g         1
  _Font8x8_char_217
                                  fff8087a         a   data ,g         1
  _Font8x8_char_218
                                  fff80884         a   data ,g         1
  _Font8x8_char_219
                                  fff8088e         a   data ,g         1
  _Font8x8_char_220
                                  fff80898         a   data ,g         1
  _Font8x8_char_221
                                  fff808a2         a   data ,g         1
  _Font8x8_char_222
                                  fff808ac         a   data ,g         1
  _Font8x8_char_223
                                  fff808b6         a   data ,g         1
  _Font8x8_char_224
                                  fff808c0         a   data ,g         1
  _Font8x8_char_225
                                  fff808ca         a   data ,g         1
  _Font8x8_char_226
                                  fff808d4         a   data ,g         1
  _Font8x8_char_227
                                  fff808de         a   data ,g         1
  _Font8x8_char_228
                                  fff808e8         a   data ,g         1
  _Font8x8_char_229
                                  fff808f2         a   data ,g         1
  _Font8x8_char_230
                                  fff808fc         a   data ,g         1
  _Font8x8_char_231
                                  fff80906         a   data ,g         1
  _Font8x8_char_232
                                  fff80910         a   data ,g         1
  _Font8x8_char_233
                                  fff8091a         a   data ,g         1
  _Font8x8_char_234
                                  fff80924         a   data ,g         1
  _Font8x8_char_235
                                  fff8092e         a   data ,g         1
  _Font8x8_char_236
                                  fff80938         a   data ,g         1
  _Font8x8_char_237
                                  fff80942         a   data ,g         1
  _Font8x8_char_238
                                  fff8094c         a   data ,g         1
  _Font8x8_char_239
                                  fff80956         a   data ,g         1
  _Font8x8_char_240
                                  fff80960         a   data ,g         1
  _Font8x8_char_241
                                  fff8096a         a   data ,g         1
  _Font8x8_char_242
                                  fff80974         a   data ,g         1
  _Font8x8_char_243
                                  fff8097e         a   data ,g         1
  _Font8x8_char_244
                                  fff80988         a   data ,g         1
  _Font8x8_char_245
                                  fff80992         a   data ,g         1
  _Font8x8_char_246
                                  fff8099c         a   data ,g         1
  _Font8x8_char_247
                                  fff809a6         a   data ,g         1
  _Font8x8_char_248
                                  fff809b0         a   data ,g         1
  _Font8x8_char_249
                                  fff809ba         a   data ,g         1
  _Font8x8_char_250
                                  fff809c4         a   data ,g         1
  _Font8x8_char_251
                                  fff809ce         a   data ,g         1
  _Font8x8_char_252
                                  fff809d8         a   data ,g         1
  _Font8x8_char_253
                                  fff809e2         a   data ,g         1
  _Font8x8_char_254
                                  fff809ec         a   data ,g         1
  _Font8x8_char_255
                                  fff809f6         a   data ,g         1
FILE=xprintf
                                  fff80a00  fff80a09         a
  _fchar$1
                                  fff80a00         a   data ,l         1
FILE=xputtxt
                                  fff80a0a  fff80aae        a5
  _spaces
                                  fff80a0a        21   data ,l         1
  _zeroes
                                  fff80a2b        21   data ,l         1
  _asterisk
                                  fff80a4c        21   data ,l         1
  _plus
                                  fff80a6d        21   data ,l         1
  _minus
                                  fff80a8e        21   data ,l         1
FILE=xlitob
                                  fff80aaf  fff80ad0        22
  _ldigs
                                  fff80aaf        11   data ,l         1
  _udigs
                                  fff80ac0        11   data ,l         1
FILE=localeco
                                  fff80ad1  fff80ad1         1
  _null
                                  fff80ad1         1   data ,l         d

SECTION=C_2
FILE=xctype
                                  fff80ad2  fff80cd3       202
  _ctyp_tab
                                  fff80ad2       202   data ,l         1

SECTION=C
FILE=.\src\Ducted_Drivers\Kalman.obj
                                  fff80cd4  fff80cdf         c
  _Q_angle
                                  fff80cd4         4   data ,g         0
  _Q_bias
                                  fff80cd8         4   data ,g         0
  _R_measure
                                  fff80cdc         4   data ,g         0
FILE=.\r_bsp\board\rdkrx63n\dbsct.obj
                                  fff80ce0  fff80cf7        18
  __CTBL
                                  fff80ce0        18   data ,g         0
FILE=.\r_bsp\board\rdkrx63n\lowsrc.obj
                                  fff80cf8  fff80cfb         4
  __nfiles
                                  fff80cf8         4   data ,g         3
FILE=atanf
                                  fff80cfc  fff80d13        18
  _const_tbl
                                  fff80cfc        18   data ,l         1
FILE=asincosfsub
                                  fff80d14  fff80d3f        2c
  ___asincosf_const_tbl
                                  fff80d14         8   data ,g         1
  ___asinf_coeff
                                  fff80d1c        24   data ,g         1
FILE=xfoprep
                                  fff80d40  fff80d87        48
  _init$1
                                  fff80d40        48   data ,l         1
FILE=xprintf
                                  fff80d88  fff80d9f        18
  _fbit$2
                                  fff80d88        18   data ,l         1
FILE=_sbrk_si
                                  fff80da0  fff80da3         4
  __sbrk_size
                                  fff80da0         4   data ,g         1
FILE=_in_exps
                                  fff80da4  fff80ddb        38
  _exp_lcoef$2
                                  fff80da4        1c   data ,l         1
  _exp_hcoef$1
                                  fff80dc0        1c   data ,l         1
FILE=_in_logs
                                  fff80ddc  fff80dfb        20
  _log_coef$3
                                  fff80ddc        20   data ,l         1
FILE=consts
                                  fff80dfc  fff80e53        58
  __IFZEROS
                                  fff80dfc         4   data ,g         5
  __IFONES
                                  fff80e00         4   data ,g         4
  __HALFS
                                  fff80e04         4   data ,g         1
  __QUOTS
                                  fff80e08         4   data ,g         0
  __TWOS
                                  fff80e0c         4   data ,g         0
  __FOURS
                                  fff80e10         4   data ,g         0
  __PAIS
                                  fff80e14         4   data ,g         1
  __2PAIS
                                  fff80e18         4   data ,g         0
  __HLFPAIS
                                  fff80e1c         4   data ,g         1
  __QUOPAIS
                                  fff80e20         4   data ,g         1
  __LOGE2S
                                  fff80e24         4   data ,g         2
  __NIFZEROS
                                  fff80e28         4   data ,g         1
  __NIFONES
                                  fff80e2c         4   data ,g         2
  __NHALFS
                                  fff80e30         4   data ,g         1
  __NQUOTS
                                  fff80e34         4   data ,g         1
  __NTWOS
                                  fff80e38         4   data ,g         0
  __NFOURS
                                  fff80e3c         4   data ,g         0
  __NPAIS
                                  fff80e40         4   data ,g         1
  __N2PAIS
                                  fff80e44         4   data ,g         0
  __NHLFPAIS
                                  fff80e48         4   data ,g         0
  __NQUOPAIS
                                  fff80e4c         4   data ,g         0
  __NLOGE2S
                                  fff80e50         4   data ,g         0
FILE=_const
                                  fff80e54  fff80e77        24
  __IFNAND
                                  fff80e54         0   none ,g         0
  __IFINFD
                                  fff80e5c         0   none ,g         0
  __NIFINFD
                                  fff80e64         0   none ,g         0
  __IFNANS
                                  fff80e6c         0   none ,g         6
  __IFINFS
                                  fff80e70         0   none ,g         3
  __NIFINFS
                                  fff80e74         0   none ,g         2
FILE=xfopen
                                  fff80e78  fff80e87        10
  _rwacc$1
                                  fff80e78        10   data ,l         1
FILE=_a_atans
                                  fff80e88  fff80e9f        18
  _atan_coef$1
                                  fff80e88        18   data ,l         1
FILE=xldtob
                                  fff80ea0  fff80eb7        18
  _pows
                                  fff80ea0        18   data ,l         1
FILE=floatval
                                  fff80eb8  fff80edf        28
  __FLT_MAX_VAL
                                  fff80eb8         0   none ,g         1
  __FLT_MIN_VAL
                                  fff80ebc         0   none ,g         0
  __DBL_MAX_VAL
                                  fff80ec0         0   none ,g         0
  __DBL_MIN_VAL
                                  fff80ec8         0   none ,g         0
  __LDBL_MAX_VAL
                                  fff80ed0         0   none ,g         0
  __LDBL_MIN_VAL
                                  fff80ed8         0   none ,g         0

SECTION=C$DSEC
FILE=.\r_bsp\board\rdkrx63n\dbsct.obj
                                  fff80ee0  fff80f03        24
  __DTBL
                                  fff80ee0        24   data ,g         0

SECTION=C$BSEC
FILE=.\r_bsp\board\rdkrx63n\dbsct.obj
                                  fff80f04  fff80f1b        18
  __BTBL
                                  fff80f04        18   data ,g         0

SECTION=C$VECT
FILE=.\r_bsp\board\rdkrx63n\resetprg.obj
                                  fff80f1c  fff8131b       400

SECTION=L
FILE=.\src\main.obj
                                  fff8131c  fff8136b        50
FILE=.\src\Ducted_Drivers\MPU6050.obj
                                  fff8136c  fff813df        74
FILE=.\src\Ducted_Drivers\MS5611-01BA01.obj
                                  fff813e0  fff81423        44
FILE=.\r_glyph\src\glyph\glyph.obj
                                  fff81424  fff81455        32
FILE=.\r_bsp\board\rdkrx63n\dbsct.obj
                                  fff81458  fff8145b         4
  _deadSpace
                                  fff81458         4   data ,g         0
FILE=.\r_bsp\board\rdkrx63n\lowsrc.obj
                                  fff8145c  fff8149d        42
FILE=xprintf
                                  fff814a0  fff814a6         7
FILE=xldtob
                                  fff814a8  fff814c9        22
FILE=xgenld
                                  fff814cc  fff814cd         2
FILE=localeco
                                  fff814d0  fff814dc         d

SECTION=D
FILE=.\src\main.obj
                                  fff814e0  fff814e7         8
FILE=.\src\LowLevelDrivers\CMT.obj
                                  fff814e8  fff814eb         4
FILE=.\src\Ducted_Drivers\AHRS.obj
                                  fff814ec  fff814ff        14
FILE=.\src\Ducted_Drivers\AHRS_Mahony.obj
                                  fff81500  fff81523        24
FILE=.\src\Ducted_Drivers\HMC5883L.obj
                                  fff81524  fff81533        10
FILE=.\src\Ducted_Drivers\MPU6050.obj
                                  fff81534  fff81543        10
FILE=.\src\Ducted_Drivers\RC_CH1.obj
                                  fff81544  fff81547         4
FILE=.\src\Ducted_Drivers\Sonar.obj
                                  fff81548  fff8154b         4
FILE=.\r_rspi_rx600\src\r_rspi_rx600.obj
                                  fff8154c  fff81567        1c
FILE=.\r_riic_rx600\src\r_riic_rx600.obj
                                  fff81568  fff81583        1c
FILE=.\r_glyph\src\glyph\fonts\font_8x8.obj
                                  fff81584  fff81983       400
FILE=.\r_bsp\board\rdkrx63n\lowsrc.obj
                                  fff81984  fff81997        14
FILE=.\r_bsp\board\rdkrx63n\sbrk.obj
                                  fff81998  fff8199b         4
FILE=sqrtf
                                  fff8199c  fff8199f         4
FILE=xfiles
                                  fff819a0  fff81a77        d8
FILE=malloc
                                  fff81a78  fff81a7f         8
FILE=sincosfsub
                                  fff81a80  fff81abb        3c
FILE=xprintf
                                  fff81abc  fff81abf         4
FILE=xctype
                                  fff81ac0  fff81ac7         8
FILE=xstate
                                  fff81ac8  fff81b0f        48
FILE=localeco
                                  fff81b10  fff81b63        54
FILE=xwcstate
                                  fff81b64  fff81ba7        44
FILE=xfvalues
                                  fff81ba8  fff81c1f        78

SECTION=D_1
FILE=.\src\Ducted_Drivers\HMC5883L.obj
                                  fff81c20  fff81c2d         e
FILE=.\src\Ducted_Drivers\MPU6050.obj
                                  fff81c2e  fff81c33         6
FILE=.\r_rspi_rx600\src\r_rspi_rx600.obj
                                  fff81c34  fff81c36         3
FILE=.\r_riic_rx600\src\r_riic_rx600.obj
                                  fff81c37  fff81c3a         4
FILE=xfiles
                                  fff81c3b  fff81c8a        50
FILE=xstate
                                  fff81c8b  fff81c8b         1

SECTION=D_2
FILE=.\src\Ducted_Drivers\RC_CH1.obj
                                  fff81c8c  fff81c8d         2
FILE=.\src\Ducted_Drivers\Sonar.obj
                                  fff81c8e  fff81c8f         2
FILE=sqrtf
                                  fff81c90  fff81c9d         e

SECTION=P
FILE=.\src\S12ADC.obj
                                  fff81c9e  fff81d17        7a
  _S12ADC_init
                                  fff81c9e        55   func ,g         1
  _S12ADC_start
                                  fff81cf3         8   func ,g         2
  _S12ADC_conversion_complete
                                  fff81cfb         d   func ,g         2
  _S12ADC_read_AN002
                                  fff81d08         8   func ,g         2
  _S12ADC_read_AN003
                                  fff81d10         8   func ,g         0
FILE=.\src\main.obj
                                  fff81d18  fff82368       651
  _map
                                  fff81d18        15   func ,g         0
  _lcd_buffer_print
                                  fff81d2d        3c   func ,g         5
  _lcd_buffer_clear
                                  fff81d69        23   func ,g         0
  _lcd_buffer_flush
                                  fff81d8c        20   func ,g         2
  _main
                                  fff81dac       120   func ,g         1
  _Setup
                                  fff81ecc       187   func ,g         1
  _Callback_1ms
                                  fff82053        3d   func ,g         0
  _Callback_5ms
                                  fff82090        6a   func ,g         0
  _Callback_10ms
                                  fff820fa         d   func ,g         0
  _Callback_20ms
                                  fff82107       1d9   func ,g         1
  _Callback_50ms
                                  fff822e0         c   func ,g         0
  _Callback_100ms
                                  fff822ec         1   func ,g         0
  _Callback_500ms
                                  fff822ed         1   func ,g         0
  _Callback_1000ms
                                  fff822ee         3   func ,g         0
  _Fallback
                                  fff822f1        52   func ,g         3
  _Sonar_Fallback
                                  fff82343        13   func ,g         1
  _Rc_Fallback
                                  fff82356        13   func ,g         1
FILE=.\src\LowLevelDrivers\MTU2a\MTU_C3.obj
                                  fff82369  fff8243c        d4
  _Set_MTU_U0_C3
                                  fff82369        66   func ,g         1
  _StartCount_MTU_U0_C3
                                  fff823cf        11   func ,g         1
  _HaltCount_MTU_U0_C3
                                  fff823e0        11   func ,g         1
  _GetTGR_A_MTU_U0_C3
                                  fff823f1         8   func ,g         1
  _SetTGR_A_MTU_U0_C3
                                  fff823f9        11   func ,g         0
  _SetTGR_B_MTU_U0_C3
                                  fff8240a        11   func ,g         1
  _SetTGR_C_MTU_U0_C3
                                  fff8241b        11   func ,g         0
  _SetTGR_D_MTU_U0_C3
                                  fff8242c        11   func ,g         1
FILE=.\src\LowLevelDrivers\MTU2a\MTU_C4.obj
                                  fff8243d  fff82510        d4
  _Set_MTU_U0_C4
                                  fff8243d        66   func ,g         1
  _StartCount_MTU_U0_C4
                                  fff824a3        11   func ,g         1
  _HaltCount_MTU_U0_C4
                                  fff824b4        11   func ,g         1
  _GetTGR_A_MTU_U0_C4
                                  fff824c5         8   func ,g         1
  _SetTGR_A_MTU_U0_C4
                                  fff824cd        11   func ,g         0
  _SetTGR_B_MTU_U0_C4
                                  fff824de        11   func ,g         1
  _SetTGR_C_MTU_U0_C4
                                  fff824ef        11   func ,g         0
  _SetTGR_D_MTU_U0_C4
                                  fff82500        11   func ,g         1
FILE=.\src\LowLevelDrivers\MTU2a\MTU_C5U.obj
                                  fff82511  fff825b1        a1
  _MTU5U_Start
                                  fff82511        19   func ,g         1
  _MTU5U_Stop
                                  fff8252a        19   func ,g         2
  _MTU5U_Setup
                                  fff82543        5f   func ,g         1
  _MTU5U_SetTimerCounter
                                  fff825a2         8   func ,g         0
  _MTU5U_GetTimerCounter
                                  fff825aa         8   func ,g         2
FILE=.\src\LowLevelDrivers\MTU2a\MTU_C5W.obj
                                  fff825b2  fff82656        a5
  _MTU5W_Start
                                  fff825b2        19   func ,g         1
  _MTU5W_Stop
                                  fff825cb        19   func ,g         2
  _MTU5W_Setup
                                  fff825e4        63   func ,g         1
  _MTU5W_SetTimerCounter
                                  fff82647         8   func ,g         0
  _MTU5W_GetTimerCounter
                                  fff8264f         8   func ,g         2
FILE=.\src\LowLevelDrivers\CMT.obj
                                  fff82657  fff82772       11c
  _CMT_init
                                  fff82657        51   func ,g         1
  _ms_delay
                                  fff826a8        11   func ,g         4
  _getTime
                                  fff826b9         9   func ,g         0
  _CMT_isr
                                  fff826c2        b1   func ,l         0
FILE=.\src\LowLevelDrivers\I2C.obj
                                  fff82773  fff82792        20
  _riic_master_init
                                  fff82773        20   func ,g         1
FILE=.\src\Ducted_Drivers\AHRS.obj
                                  fff82793  fff83611       e7f
  _MadgwickAHRSupdate
                                  fff82793       9f1   func ,g         1
  _MadgwickAHRSupdateIMU
                                  fff83184       35e   func ,g         0
  _invSqrt
                                  fff834e2        27   func ,g         0
  _get_Angle_AHRS
                                  fff83509       109   func ,g         1
FILE=.\src\Ducted_Drivers\AHRS_Mahony.obj
                                  fff83612  fff84109       af8
  _MahonyAHRSupdate
                                  fff83612       70a   func ,g         1
  _MahonyAHRSupdateIMU
                                  fff83d1c       29a   func ,g         0
  _inversSqrt
                                  fff83fb6        27   func ,g         0
  _get_Angle_AHRS_Mahony
                                  fff83fdd       12d   func ,g         0
FILE=.\src\Ducted_Drivers\AverageFilter.obj
                                  fff8410a  fff8415b        52
  _Init_AVG
                                  fff8410a        12   func ,g         2
  _Compute_AVG
                                  fff8411c        40   func ,g         2
FILE=.\src\Ducted_Drivers\HMC5883L.obj
                                  fff8415c  fff845ce       473
  _Get_Mag_Value
                                  fff8415c        c1   func ,g         1
  _Get_Mag_Value_Normalized
                                  fff8421d        90   func ,g         2
  _Get_Mag_Heading
                                  fff842ad        3c   func ,g         0
  _Setup_HMC5883L
                                  fff842e9       1df   func ,g         1
  _IMU_write_AUXMASTER
                                  fff844c8        83   func ,g         1
  _Get_Mag_Heading_Compensated
                                  fff8454b        84   func ,g         0
FILE=.\src\Ducted_Drivers\IMU_write_read.obj
                                  fff845cf  fff84622        54
  _IMU_write
                                  fff845cf        28   func ,g        2a
  _IMU_read
                                  fff845f7        2c   func ,g        20
FILE=.\src\Ducted_Drivers\Kalman.obj
                                  fff84623  fff84740       11e
  _init_Kalman
                                  fff84623        61   func ,g         1
  _getAngle
                                  fff84684        b7   func ,g         2
  _setAngle
                                  fff8473b         3   func ,g         0
  _getRate
                                  fff8473e         3   func ,g         0
FILE=.\src\Ducted_Drivers\MPU6050.obj
                                  fff84741  fff84fe9       8a9
  _MPU6050_Test_I2C
                                  fff84741        45   func ,g         1
  _Setup_MPU6050
                                  fff84786       19b   func ,g         1
  _Calibrate_Accel
                                  fff84921        9c   func ,g         0
  _Get_Accel_Values
                                  fff849bd        c1   func ,g         2
  _Get_Accel_Gravity_Power
                                  fff84a7e        9f   func ,g         2
  _Get_Accel_Angles
                                  fff84b1d        5e   func ,g         1
  _Calibrate_Gyros
                                  fff84b7b       2df   func ,g         1
  _Get_Gyro_Value
                                  fff84e5a        f1   func ,g         1
  _Get_Gyro_Rates
                                  fff84f4b        9f   func ,g         1
FILE=.\src\Ducted_Drivers\MS5611-01BA01.obj
                                  fff84fea  fff85383       39a
  _MS5611_Init
                                  fff84fea         c   func ,g         0
  _MS5611_Reset
                                  fff84ff6        40   func ,g         1
  _MS5611_Convert_Dx
                                  fff85036        60   func ,g         0
  _MS5611_Read_Prom
                                  fff85096        52   func ,g         1
  _MS5611_Read_Coef
                                  fff850e8        2b   func ,g         1
  _MS5611_Read_PT
                                  fff85113       271   func ,g         0
FILE=.\src\Ducted_Drivers\Motor.obj
                                  fff85384  fff85439        b6
  _Motors_Init
                                  fff85384         4   func ,g         1
  _Motors_On
                                  fff85388         4   func ,g         1
  _Motor_Arm
                                  fff8538c        11   func ,g         2
  _Motor_Write_PWM
                                  fff8539d        80   func ,g         1
  _Motor_Write_us
                                  fff8541d        19   func ,g         5
  _Motors_Off
                                  fff85436         4   func ,g         1
FILE=.\src\Ducted_Drivers\PID.obj
                                  fff8543a  fff854b6        7d
  _PID_Init
                                  fff8543a        1d   func ,g         3
  _PID_Compute
                                  fff85457        60   func ,g         3
FILE=.\src\Ducted_Drivers\RC_CH1.obj
                                  fff854b7  fff85557        a1
  _rcInitialize
                                  fff854b7        3b   func ,g         1
  _rcGetState
                                  fff854f2         9   func ,g         4
  _rcCountStart
                                  fff854fb         e   func ,g         2
  _rcCountStop
                                  fff85509        1a   func ,g         1
  _rcGetUs
                                  fff85523        12   func ,g         4
  _rcISR
                                  fff85535        23   func ,l         0
FILE=.\src\Ducted_Drivers\Servo.obj
                                  fff85558  fff85680       129
  _Servos_Init
                                  fff85558        20   func ,g         1
  _Servos_Off
                                  fff85578         4   func ,g         1
  _Servo_Write_PWM
                                  fff8557c        84   func ,g         2
  _Servo_Write_us
                                  fff85600        19   func ,g         0
  _Servo_Write_deg
                                  fff85619        68   func ,g         6
FILE=.\src\Ducted_Drivers\Sonar.obj
                                  fff85681  fff8578d       10d
  _sonarInitialize
                                  fff85681        56   func ,g         1
  _sonarGetState
                                  fff856d7         9   func ,g         6
  _sonarTriggerStart
                                  fff856e0        1e   func ,g         2
  _sonarTriggerStop
                                  fff856fe        1e   func ,g         2
  _sonarEchoCountStart
                                  fff8571c         e   func ,g         2
  _sonarEchoCountStop
                                  fff8572a        1a   func ,g         1
  _sonarGetDistance
                                  fff85744        27   func ,g         2
  _sonarEchoISR
                                  fff8576b        23   func ,l         0
FILE=.\src\Ducted_Drivers\WatchDogTimer.obj
                                  fff8578e  fff857c5        38
  _WDT_Init
                                  fff8578e        19   func ,g         3
  _WDT_Increase
                                  fff857a7        17   func ,g         5
  _WDT_Reset
                                  fff857be         4   func ,g         5
  _WDT_Start
                                  fff857c2         4   func ,g         2
FILE=.\r_rspi_rx600\src\r_rspi_rx600.obj
                                  fff857c6  fff85c44       47f
  _R_RSPI_Init
                                  fff857c6       1c7   func ,g         2
  _R_RSPI_Select
                                  fff8598d        4f   func ,g         1
  _R_RSPI_Deselect
                                  fff859dc        4f   func ,g         1
  _R_RSPI_BaudRateSet
                                  fff85a2b        1e   func ,g         0
  _R_RSPI_SendReceive
                                  fff85a49        9e   func ,g         0
  _R_RSPI_Read
                                  fff85ae7        80   func ,g         0
  _R_RSPI_Write
                                  fff85b67        80   func ,g         1
  _R_RSPI_Lock
                                  fff85be7        38   func ,g         1
  _R_RSPI_Unlock
                                  fff85c1f        17   func ,g         1
  _R_RSPI_CheckLock
                                  fff85c36         f   func ,g         0
FILE=.\r_riic_rx600\src\r_riic_rx600.obj
                                  fff85c45  fff86117       4d3
  _R_RIIC_Init
                                  fff85c45       312   func ,g         1
  _R_RIIC_ReleaseChannel
                                  fff85f57        15   func ,g         0
  _R_RIIC_Reset
                                  fff85f6c       161   func ,g         0
  _riic_lock
                                  fff860cd        3d   func ,g         4
  _riic_unlock
                                  fff8610a         e   func ,g        12
FILE=.\r_riic_rx600\src\r_riic_rx600_master.obj
                                  fff86118  fff8681a       703
  _R_RIIC_MasterTransmitHead
                                  fff86118       19c   func ,g         2
  _R_RIIC_MasterTransmit
                                  fff862b4       1a5   func ,g         1
  _R_RIIC_MasterReceive
                                  fff86459       223   func ,g         1
  _nack_detected
                                  fff8667c        5a   func ,l         8
  _wait_for_status
                                  fff866d6       145   func ,l        15
FILE=.\r_glyph\src\r_glyph.obj
                                  fff8681b  fff868c1        a7
  _R_GLYPH_Open
                                  fff8681b        46   func ,g         1
  _R_GLYPH_CommandSend
                                  fff86861         8   func ,g         1
  _R_GLYPH_DataSend
                                  fff86869         9   func ,g         1
  _glyph_send_byte
                                  fff86872        50   func ,g         2
FILE=.\r_glyph\src\r_glyph_register.obj
                                  fff868c2  fff8691f        5e
  _GlyphCommOpen
                                  fff868c2        2c   func ,g         1
  _GlyphLCDOpen
                                  fff868ee        32   func ,g         1
FILE=.\r_glyph\src\glyph\glyph.obj
                                  fff86920  fff86c24       305
  _GlyphOpen
                                  fff86920        4c   func ,g         1
  _GlyphClose
                                  fff8696c        40   func ,g         0
  _GlyphWrite
                                  fff869ac         7   func ,g         0
  _GlyphRead
                                  fff869b3         7   func ,g         0
  _GlyphGetStatus
                                  fff869ba         b   func ,g         0
  _GlyphSetX
                                  fff869c5         b   func ,g         0
  _GlyphSetY
                                  fff869d0         b   func ,g         0
  _GlyphSetXY
                                  fff869db        25   func ,g         1
  _GlyphGetXY
                                  fff86a00        25   func ,g         0
  _GlyphSetFont
                                  fff86a25         b   func ,g         1
  _GlyphGetFont
                                  fff86a30         b   func ,g         0
  _GlyphSetDrawMode
                                  fff86a3b         b   func ,g         5
  _GlyphChar
                                  fff86a46         b   func ,g         0
  _GlyphString
                                  fff86a51        24   func ,g         1
  _GlyphGetVersionInfo
                                  fff86a75        b6   func ,g         0
  _GlyphClearScreen
                                  fff86b2b         b   func ,g         2
  _GlyphInvertScreen
                                  fff86b36         5   func ,g         0
  _GlyphNormalScreen
                                  fff86b3b         5   func ,g         1
  _GlyphSleep
                                  fff86b40         5   func ,g         0
  _GlyphWake
                                  fff86b45         5   func ,g         0
  _GlyphDrawTestPattern
                                  fff86b4a         5   func ,g         0
  _GlyphDrawBlock
                                  fff86b4f        5f   func ,g         0
  _GlyphEraseBlock
                                  fff86bae        5f   func ,g         1
  _GlyphSetContrast
                                  fff86c0d         c   func ,g         0
  _GlyphSetContrastBoost
                                  fff86c19         c   func ,g         0
FILE=.\r_glyph\src\glyph\drivers\st7579_lcd.obj
                                  fff86c25  fff87507       8e3
  _ST7579_Open
                                  fff86c25        96   func ,g         1
  _ST7579_Close
                                  fff86cbb         3   func ,g         1
  _ST7579_Write
                                  fff86cbe       51b   func ,g         1
  _ST7579_Read
                                  fff871d9        ac   func ,g         1
  _ST7579_SetSystemBiasBooster
                                  fff87285        ba   func ,g         2
  _ST7579_SetVO_Range
                                  fff8733f        56   func ,g         2
  _ST7579_Config
                                  fff87395        4e   func ,g         0
  _ST7579_Send16bitsCommand
                                  fff873e3        1c   func ,g         1
  _ST7579_Send8bitsData
                                  fff873ff         9   func ,g         0
  _ST7579_SetFrameRate
                                  fff87408        6f   func ,g         2
  _ST7579_SetPage
                                  fff87477        23   func ,g         3
  _ST7579_SetChar
                                  fff8749a        21   func ,g         4
  _ST7579_SetLine
                                  fff874bb        4d   func ,g         1
FILE=.\r_bsp\board\rdkrx63n\lowlvl.obj
                                  fff87508  fff87535        2e
  _charput
                                  fff87508         0   none ,g         1
  __C2ESTART
                                  fff87508         0   none ,l         0
  __TXLOOP
                                  fff87511         0   none ,l         1
  __WRITEFC2E0
                                  fff87517         0   none ,l         0
  __CHARPUTEXIT
                                  fff8751e         0   none ,l         0
  _charget
                                  fff8751f         0   none ,g         1
  __E2CSTART
                                  fff8751f         0   none ,l         0
  __RXLOOP
                                  fff87528         0   none ,l         1
  __READFE2C0
                                  fff8752e         0   none ,l         0
  __CHARGETEXIT
                                  fff87535         0   none ,l         0
FILE=.\r_bsp\board\rdkrx63n\hwsetup.obj
                                  fff87536  fff8767f       14a
  _hardware_setup
                                  fff87536       14a   func ,g         1
FILE=.\r_bsp\board\rdkrx63n\lcd.obj
                                  fff87680  fff87716        97
  _lcd_initialize
                                  fff87680        35   func ,g         1
  _lcd_clear
                                  fff876b5         c   func ,g         1
  _lcd_display
                                  fff876c1        56   func ,g         d
FILE=.\r_bsp\board\rdkrx63n\lowsrc.obj
                                  fff87717  fff878af       199
  __INIT_IOLIB
                                  fff87717        77   func ,g         1
  __CLOSEALL
                                  fff8778e        21   func ,g         1
  _open
                                  fff877af        79   func ,g         1
  _close
                                  fff87828         3   func ,g         1
  _write
                                  fff8782b        42   func ,g         1
  _read
                                  fff8786d        3f   func ,g         0
  _lseek
                                  fff878ac         4   func ,g         0
FILE=.\r_bsp\board\rdkrx63n\resetprg.obj
                                  fff878b0  fff87959        aa
  _PowerON_Reset_PC
                                  fff878b0        aa   entry,g         1
FILE=.\r_bsp\board\rdkrx63n\sbrk.obj
                                  fff8795a  fff8797a        21
  _sbrk
                                  fff8795a        21   func ,g         1
FILE=.\r_bsp\board\rdkrx63n\vecttbl.obj
                                  fff8797b  fff8798c        12
  _excep_supervisor_inst_isr
                                  fff8797b         3   func ,g         1
  _excep_undefined_inst_isr
                                  fff8797e         3   func ,g         1
  _excep_floating_point_isr
                                  fff87981         3   func ,g         1
  _non_maskable_isr
                                  fff87984         3   func ,g         1
  _undefined_interrupt_source_isr
                                  fff87987         3   func ,g         7
  _bus_error_isr
                                  fff8798a         3   func ,g         0
FILE=asinf
                                  fff8798d  fff87a89        fd
  _poly_asinf
                                  fff8798d        4b   func ,l         1
  _asinf_special
                                  fff879d8        2d   func ,l         1
  _asinl
                                  fff87a05         2   func ,g         0
  _asin
                                  fff87a07         2   func ,g         3
  _asinf
                                  fff87a09        81   func ,g         1
FILE=atanf
                                  fff87a8a  fff87baa       121
  _poly_atanf
                                  fff87a8a        73   func ,l         3
  _atanf_special_case
                                  fff87afd        25   func ,l         2
  _atanl
                                  fff87b22         2   func ,g         0
  _atan
                                  fff87b24         2   func ,g         5
  _atanf
                                  fff87b26        85   func ,g         1
FILE=atan2f
                                  fff87bab  fff87bd7        2d
  _atan2l
                                  fff87bab         2   func ,g         0
  _atan2
                                  fff87bad         2   func ,g         5
  _atan2f
                                  fff87baf        29   func ,g         1
FILE=cosf
                                  fff87bd8  fff87c0b        34
  _cosl
                                  fff87bd8         2   func ,g         0
  _cos
                                  fff87bda         2   func ,g         3
  _cosf
                                  fff87bdc        30   func ,g         1
FILE=sinf
                                  fff87c0c  fff87c4c        41
  _sinl
                                  fff87c0c         2   func ,g         0
  _sin
                                  fff87c0e         2   func ,g         3
  _sinf
                                  fff87c10        3d   func ,g         1
FILE=powf
                                  fff87c4d  fff87c79        2d
  _powl
                                  fff87c4d         2   func ,g         0
  _pow
                                  fff87c4f         2   func ,g         d
  _powf
                                  fff87c51        29   func ,g         1
FILE=sqrtf
                                  fff87c7a  fff87d4d        d4
  _in_sqrtf1
                                  fff87c7a        4f   func ,l         1
  _sqrt_rare0
                                  fff87cc9        27   func ,l         1
  _sqrtl
                                  fff87cf0         2   func ,g         0
  _sqrt
                                  fff87cf2         2   func ,g         4
  _sqrtf
                                  fff87cf4        5a   func ,g         2
FILE=freopen
                                  fff87d4e  fff87d7c        2f
  _freopen
                                  fff87d4e        2f   func ,g         3
FILE=fclose
                                  fff87d7d  fff87dd0        54
  _fclose
                                  fff87d7d        54   func ,g         4
FILE=printf
                                  fff87dd1  fff87e0f        3f
  _prout
                                  fff87dd1        1d   func ,l         1
  _printf
                                  fff87dee        22   func ,g         6
FILE=sprintf
                                  fff87e10  fff87e46        37
  _prout
                                  fff87e10         b   func ,l         1
  _sprintf
                                  fff87e1b        2c   func ,g         7
FILE=vsprintf
                                  fff87e47  fff87e7a        34
  _prout
                                  fff87e47         b   func ,l         1
  _vsprintf
                                  fff87e52        29   func ,g         1
FILE=__initsct
                                  fff87e7b  fff87ec4        4a
  __INITSCT
                                  fff87e7b         0   none ,g         1
  loop1
                                  fff87e8d         0   none ,l         1
  next_loop1
                                  fff87e9b         0   none ,l         2
  loop3
                                  fff87ead         0   none ,l         1
  next_loop3
                                  fff87ebe         0   none ,l         2
FILE=free
                                  fff87ec5  fff87f47        83
  _free
                                  fff87ec5        83   func ,g         7
FILE=malloc
                                  fff87f48  fff88025        de
  _findmem
                                  fff87f48        7b   func ,l         1
  _malloc
                                  fff87fc3        63   func ,g         6
FILE=_i_atn2s
                                  fff88026  fff88051        2c
  __in_atan2s
                                  fff88026        2c   func ,g         1
FILE=_in_pows
                                  fff88052  fff8815a       109
  __in_pows
                                  fff88052       109   func ,g         1
FILE=asincosfsub
                                  fff8815b  fff881ef        95
  ___poly_acosf
                                  fff8815b        55   func ,g         1
  ___poly_acosf_neg
                                  fff881b0        40   func ,g         1
FILE=nanfval
                                  fff881f0  fff881f6         7
  ___nanf_value
                                  fff881f0         7   func ,g         3
FILE=sincosfsub
                                  fff881f7  fff882e0        ea
  ___poly_sinf
                                  fff881f7        31   func ,g         3
  ___poly_cosf
                                  fff88228        28   func ,g         3
  _poly_cosfn
                                  fff88250         7   func ,l         1
  _poly_sinfn
                                  fff88257         5   func ,l         1
  _sincosf_special
                                  fff8825c        33   func ,l         1
  ___internal_sincosf
                                  fff8828f        52   func ,g         4
FILE=fwrite
                                  fff882e1  fff883b3        d3
  _fwrite
                                  fff882e1        d3   func ,g         1
FILE=fflush
                                  fff883b4  fff88436        83
  _fflush
                                  fff883b4        83   func ,g         5
FILE=xfoprep
                                  fff88437  fff8850e        d8
  __Foprep
                                  fff88437        d8   func ,g         1
FILE=xfofind
                                  fff8850f  fff8859c        8e
  __Fofind
                                  fff8850f        45   func ,g         0
  __Fofree
                                  fff88554        49   func ,g         2
FILE=xprintf
                                  fff8859d  fff88802       266
  __Printf
                                  fff8859d       266   func ,g         3
FILE=xgetmem
                                  fff88803  fff8881d        1b
  __Getmem
                                  fff88803        1b   func ,g         1
FILE=fmodf
                                  fff8881e  fff8884f        32
  _fmodl
                                  fff8881e         2   func ,g         0
  _fmod
                                  fff88820         2   func ,g         1
  _fmodf
                                  fff88822        2e   func ,g         2
FILE=_i_atans
                                  fff88850  fff889c1       172
  __in_atans
                                  fff88850       172   func ,g         1
FILE=_i_ldes
                                  fff889c2  fff88a40        7f
  __in_ldexps
                                  fff889c2        7f   func ,g         4
FILE=_in_exps
                                  fff88a41  fff88b3b        fb
  __in_exps
                                  fff88a41        fb   func ,g         2
FILE=_in_logs
                                  fff88b3c  fff88c04        c9
  __in_logs
                                  fff88b3c        c9   func ,g         2
FILE=xfwprep
                                  fff88c05  fff88c9d        99
  __Fwprep
                                  fff88c05        99   func ,g         1
FILE=xputfld
                                  fff88c9e  fff89136       499
  __Putfld
                                  fff88c9e       499   func ,g         1
FILE=xfopen
                                  fff89137  fff89166        30
  __Fopen
                                  fff89137        30   func ,g         1
FILE=xvacopy
                                  fff89167  fff8916e         8
  __Vacopy
                                  fff89167         8   func ,g         2
FILE=xputtxt
                                  fff8916f  fff89453       2e5
  __Puttxt
                                  fff8916f       2e5   func ,g         3
FILE=strchr
                                  fff89454  fff89469        16
  _strchr
                                  fff89454        16   func ,g         2
FILE=xctype
                                  fff8946a  fff8947f        16
  __Getpctype
                                  fff8946a        16   func ,g         0
FILE=_a_atans
                                  fff89480  fff894a4        25
  __app_atans
                                  fff89480        25   func ,g         4
FILE=_i_fmds
                                  fff894a5  fff8957e        da
  __in_fmods
                                  fff894a5        da   func ,g         2
FILE=xldtob
                                  fff8957f  fff899b6       438
  __Ldtob
                                  fff8957f       438   func ,g         1
FILE=xputstr
                                  fff899b7  fff89a96        e0
  __Putstr
                                  fff899b7        e0   func ,g         1
FILE=xlitob
                                  fff89a97  fff89bae       118
  __Litob
                                  fff89a97       118   func ,g         1
FILE=xgenld
                                  fff89baf  fff89e5c       2ae
  __Genld
                                  fff89baf       2ae   func ,g         1
FILE=xwctomb
                                  fff89e5d  fff89fb5       159
  __Wctombx
                                  fff89e5d       113   func ,g         1
  __Wctomb
                                  fff89f70        46   func ,g         1
FILE=xstate
                                  fff89fb6  fff89fe7        32
  __Getmbcurmax
                                  fff89fb6        16   func ,g         2
  __Getpmbstate
                                  fff89fcc        1c   func ,g         0
FILE=xldscale
                                  fff89fe8  fff89feb         4
  __LDscale
                                  fff89fe8         4   func ,g         1
FILE=xldunsca
                                  fff89fec  fff89fef         4
  __LDunscale
                                  fff89fec         4   func ,g         1
FILE=__COM_DIV64u
                                  fff89ff0  fff8a088        99
  __COM_DIV64u
                                  fff89ff0         0   none ,g         2
  _Loop_Init
                                  fff89ffa         0   none ,l         2
  _Loop
                                  fff8a002         0   none ,l         1
  _DivStart
                                  fff8a00e         0   none ,l         3
  _Success
                                  fff8a01c         0   none ,l         1
  _DivEnd
                                  fff8a028         0   none ,l         0
  IXI6DIV
                                  fff8a02d         0   none ,l         1
  IXI4DIV
                                  fff8a03f         0   none ,l         1
  IXI2DIV
                                  fff8a04f         0   none ,l         1
  I8I2DIV
                                  fff8a057         0   none ,l         1
  I4I2DIV
                                  fff8a085         0   none ,l         1
  _i8divU_End
                                  fff8a088         0   none ,l         0
FILE=__COM_MOD64u
                                  fff8a089  fff8a10f        87
  __COM_MOD64u
                                  fff8a089         0   none ,g         1
  _Loop_Init
                                  fff8a093         0   none ,l         2
  _Loop
                                  fff8a097         0   none ,l         1
  _DivStart
                                  fff8a0a3         0   none ,l         3
  _Success
                                  fff8a0b1         0   none ,l         1
  _DivEnd
                                  fff8a0b9         0   none ,l         0
  IXI6DIV
                                  fff8a0ba         0   none ,l         1
  IXI4DIV
                                  fff8a0cc         0   none ,l         1
  IXI2DIV
                                  fff8a0dc         0   none ,l         1
  I8I2DIV
                                  fff8a0e4         0   none ,l         1
  I4I2DIV
                                  fff8a104         0   none ,l         1
FILE=_div
                                  fff8a110  fff8a11b         c
  _ldiv
                                  fff8a110         0   none ,g         1
  _div
                                  fff8a110         0   none ,g         1
FILE=localeco
                                  fff8a11c  fff8a122         7
  _localeconv
                                  fff8a11c         7   func ,g         1
FILE=xwcstate
                                  fff8a123  fff8a13e        1c
  __Getpwcstate
                                  fff8a123        1c   func ,g         0
FILE=xfdscale
                                  fff8a13f  fff8a262       124
  __FDscale
                                  fff8a13f       124   func ,g         1
FILE=xfdunsca
                                  fff8a263  fff8a2bd        5b
  __FDunscale
                                  fff8a263        5b   func ,g         1
FILE=xfdnorm
                                  fff8a2be  fff8a33c        7f
  __FDnorm
                                  fff8a2be        7f   func ,g         2

SECTION=W_1
FILE=.\r_glyph\src\glyph\drivers\st7579_lcd.obj
                                  fff8a340  fff8a363        24

SECTION=W_2
FILE=.\r_glyph\src\glyph\drivers\st7579_lcd.obj
                                  fff8a364  fff8a3b9        56

SECTION=$ADDR_C_FFFFFF80
FILE=.\r_bsp\board\rdkrx63n\flash_options.obj
                                  ffffff80  ffffff8f        10
  _flash_options
                                  ffffff80        10   data ,g         0

SECTION=FIXEDVECT
FILE=.\r_bsp\board\rdkrx63n\vecttbl.obj
                                  ffffff90  ffffffff        70
  _Fixed_Vectors
                                  ffffff90        70   data ,g         0

Absolute value symbols
FILE=.\r_bsp\board\rdkrx63n\lowlvl.obj
  TXFL0EN
                                  00000100         0   none ,l         0
  RXFL0EN
                                  00001000         0   none ,l         0
  FE2C0
                                  00084090         0   none ,l         0
  DBGSTAT
                                  000840c0         0   none ,l         0
  FC2E0
                                  00084080         0   none ,l         0

*** Unfilled Areas ***

AREA                                START    END

*** Delete Symbols ***

SYMBOL                                SIZE    INFO
