Renesas Optimizing Linker (W2.04.00 )             29-Apr-2016 13:14:57

*** Options ***

-subcommand=LinkerSubCommand.tmp
-input="./src/S12ADC.obj"
-input="./src/main.obj"
-input="./src/LowLevelDrivers/MTU2a/MTU_C3.obj"
-input="./src/LowLevelDrivers/MTU2a/MTU_C4.obj"
-input="./src/LowLevelDrivers/MTU2a/MTU_C5U.obj"
-input="./src/LowLevelDrivers/MTU2a/MTU_C5W.obj"
-input="./src/LowLevelDrivers/CMT.obj"
-input="./src/LowLevelDrivers/I2C.obj"
-input="./src/Ducted_Drivers/AHRS.obj"
-input="./src/Ducted_Drivers/AHRS_Mahony.obj"
-input="./src/Ducted_Drivers/AverageFilter.obj"
-input="./src/Ducted_Drivers/HMC5883L.obj"
-input="./src/Ducted_Drivers/IMU_write_read.obj"
-input="./src/Ducted_Drivers/Kalman.obj"
-input="./src/Ducted_Drivers/MPU6050.obj"
-input="./src/Ducted_Drivers/MS5611-01BA01.obj"
-input="./src/Ducted_Drivers/Motor.obj"
-input="./src/Ducted_Drivers/PID.obj"
-input="./src/Ducted_Drivers/RC_CH1.obj"
-input="./src/Ducted_Drivers/Servo.obj"
-input="./src/Ducted_Drivers/Sonar.obj"
-input="./src/Ducted_Drivers/WatchDogTimer.obj"
-input="./r_rspi_rx600/src/r_rspi_rx600.obj"
-input="./r_riic_rx600/src/r_riic_rx600.obj"
-input="./r_riic_rx600/src/r_riic_rx600_master.obj"
-input="./r_glyph/src/r_glyph.obj"
-input="./r_glyph/src/r_glyph_register.obj"
-input="./r_glyph/src/glyph/glyph.obj"
-input="./r_glyph/src/glyph/fonts/font_8x8.obj"
-input="./r_glyph/src/glyph/drivers/st7579_lcd.obj"
-input="./r_bsp/board/rdkrx63n/lowlvl.obj"
-input="./r_bsp/board/rdkrx63n/dbsct.obj"
-input="./r_bsp/board/rdkrx63n/flash_options.obj"
-input="./r_bsp/board/rdkrx63n/hwsetup.obj"
-input="./r_bsp/board/rdkrx63n/lcd.obj"
-input="./r_bsp/board/rdkrx63n/lowsrc.obj"
-input="./r_bsp/board/rdkrx63n/resetprg.obj"
-input="./r_bsp/board/rdkrx63n/sbrk.obj"
-input="./r_bsp/board/rdkrx63n/vecttbl.obj"
-start=SI,SU,B_1,R_1,B_2,R_2,B,R/0,C_1,C_2,C,C$*,L*,D*,P,W*/0FFF80000,FIXEDVECT/0FFFFFF90
-library=C:\Users\Enrico\git\DUCTED~1\DUCTED~1\Debug\ADC_OneShot.lib
-noprelink
-list=ADC_OneShot.map
-show
-nooptimize
-debug
-output=C:\Users\Enrico\git\Ducted_Fan\Ducted_Fan\Debug\ADC_OneShot.abs
-nocompress
-nologo
-nomessage
-rom=D=R,D_1=R_1,D_2=R_2
-vect=_undefined_interrupt_source_isr

*** Error information ***

*** Mapping List ***

SECTION                            START      END         SIZE   ALIGN

SI
                                  00000000  000003ff       400   4
SU
                                  00000400  000013ff      1000   4
B_1
                                  00001400  00001495        96   1
R_1
                                  00001496  00001501        6c   1
B_2
                                  00001502  00001503         2   2
R_2
                                  00001504  00001515        12   2
B
                                  00001518  000021cf       cb8   4
R
                                  000021d0  0000290f       740   4
$ADDR_C_FF7FFFE8
                                  ff7fffe8  ff7fffff        18   1
C_1
                                  fff80000  fff80ad1       ad2   1
C_2
                                  fff80ad2  fff80cd3       202   2
C
                                  fff80cd4  fff80edf       20c   4
C$DSEC
                                  fff80ee0  fff80f03        24   4
C$BSEC
                                  fff80f04  fff80f1b        18   4
C$VECT
                                  fff80f1c  fff8131b       400   4
L
                                  fff8131c  fff814d8       1bd   4
D
                                  fff814dc  fff81c1b       740   4
D_1
                                  fff81c1c  fff81c87        6c   1
D_2
                                  fff81c88  fff81c99        12   2
P
                                  fff81c9a  fff8a336      869d   1
W
                                  fff8a338  fff8a338         0   4
W_1
                                  fff8a338  fff8a35b        24   1
W_2
                                  fff8a35c  fff8a3b1        56   2
$ADDR_C_FFFFFF80
                                  ffffff80  ffffff8f        10   1
FIXEDVECT
                                  ffffff90  ffffffff        70   4

*** Symbol List ***

SECTION=
FILE=                               START        END    SIZE
  SYMBOL                            ADDR        SIZE    INFO      COUNTS  OPT

SECTION=SI
FILE=.\r_bsp\board\rdkrx63n\resetprg.obj
                                  00000000  000003ff       400

SECTION=SU
FILE=.\r_bsp\board\rdkrx63n\resetprg.obj
                                  00000400  000013ff      1000

SECTION=B_1
FILE=.\src\main.obj
                                  00001400  0000145f        60
  _lcd_buffer
                                  00001400        60   data ,l         3
FILE=.\src\LowLevelDrivers\CMT.obj
                                  00001460  00001467         8
  _timers
                                  00001460         8   data ,g         2
FILE=.\src\Ducted_Drivers\MS5611-01BA01.obj
                                  00001468  0000146d         6
  _Buffer_Rx1
                                  00001468         3   data ,g         3
  _Buffer_Tx1
                                  0000146b         1   data ,g         3
  _Buffer_Rx2
                                  0000146c         1   data ,g         0
  _Buffer_Tx2
                                  0000146d         1   data ,g         1
FILE=.\r_bsp\board\rdkrx63n\lowsrc.obj
                                  0000146e  00001495        28
  _flmod
                                  0000146e        14   data ,g         5
  _sml_buf
                                  00001482        14   data ,g         0

SECTION=R_1
FILE=.\src\Ducted_Drivers\HMC5883L.obj
                                  00001496  000014a3         e
  _ENABLE_REG
                                  00001496         1   data ,g         1
  _DISABLE_REG
                                  00001497         1   data ,g         0
  _CONFIG_6A
                                  00001498         1   data ,g         1
  _CONFIG_MST_CTR
                                  00001499         1   data ,g         1
  _CONFIG_SLV0_ADDR_R
                                  0000149a         1   data ,g         1
  _CONFIG_SLV0_ADDR_W
                                  0000149b         1   data ,g         2
  _CONFIG_SLV0_REG_DATA
                                  0000149c         1   data ,g         1
  _CONFIG_SLV0_CTRL_1
                                  0000149d         1   data ,g         2
  _CONFIG_SLV0_CTRL_2
                                  0000149e         1   data ,g         1
  _CONFIG_SLV0_CTRL_Enable
                                  0000149f         1   data ,g         2
  _CONFIG_INT_PIN_CFG
                                  000014a0         1   data ,g         0
  _CONFIG_REG_A
                                  000014a1         1   data ,g         1
  _CONFIG_REG_B
                                  000014a2         1   data ,g         1
  _CONFIG_MODE_REG
                                  000014a3         1   data ,g         1
FILE=.\src\Ducted_Drivers\MPU6050.obj
                                  000014a4  000014a9         6
  _DISABLE
                                  000014a4         1   data ,g         1
  _INITIAL
                                  000014a5         1   data ,g         1
  _ENABLE
                                  000014a6         1   data ,g         1
  _RATE_1000
                                  000014a7         1   data ,g         1
  _D_GYRO_SELF_TEST
                                  000014a8         1   data ,g         1
  _GYRO_CLOCK
                                  000014a9         1   data ,g         1
FILE=.\r_rspi_rx600\src\r_rspi_rx600.obj
                                  000014aa  000014ac         3
  _rspi_initialized
                                  000014aa         3   data ,l         1
FILE=.\r_riic_rx600\src\r_riic_rx600.obj
                                  000014ad  000014b0         4
  _g_riic_locked
                                  000014ad         2   data ,l         5
  _riic_initialized
                                  000014af         2   data ,l         2
FILE=xfiles
                                  000014b1  00001500        50
  _ebuf
                                  000014b1        50   data ,l         5
FILE=xstate
                                  00001501  00001501         1
  __Mbcurmax
                                  00001501         1   data ,g         1

SECTION=B_2
FILE=.\src\main.obj
                                  00001502  00001503         2
  _analogRead
                                  00001502         2   data ,g         3

SECTION=R_2
FILE=.\src\Ducted_Drivers\RC_CH1.obj
                                  00001504  00001505         2
  _rc_count
                                  00001504         2   data ,l         3
FILE=.\src\Ducted_Drivers\Sonar.obj
                                  00001506  00001507         2
  _sonar_echo_count
                                  00001506         2   data ,l         3
FILE=sqrtf
                                  00001508  00001515         e
  _cf1S
                                  00001508         e   data ,l         1

SECTION=B
FILE=.\src\main.obj
                                  00001518  00001cc7       7b0
  _desiredState
                                  00001518       310   data ,g         2
  _currentState
                                  00001828       310   data ,g         1
  _z_axis_PID
                                  00001b38        20   data ,g         2
  _Pitch_PID
                                  00001b58        20   data ,g         2
  _Roll_PID
                                  00001b78        20   data ,g         2
  _pitchAVG
                                  00001b98        7c   data ,g         2
  _rollAVG
                                  00001c14        7c   data ,g         2
  _outValue
                                  00001c90         4   data ,g         1
  _altitudeValue
                                  00001c94         4   data ,g         4
  _sonarWDT
                                  00001c98        10   data ,g         4
  _mainWDT
                                  00001ca8        10   data ,g         3
  _rcWDT
                                  00001cb8        10   data ,g         4
FILE=.\src\Ducted_Drivers\Kalman.obj
                                  00001cc8  00001d57        90
  _pitchKalman
                                  00001cc8         4   data ,g         2
  _rollKalman
                                  00001ccc         4   data ,g         2
  _yawKalman
                                  00001cd0         4   data ,g         1
  _kalman1
                                  00001cd4        2c   data ,g         1
  _kalman2
                                  00001d00        2c   data ,g         1
  _kalman3
                                  00001d2c        2c   data ,g         1
FILE=.\src\Ducted_Drivers\MS5611-01BA01.obj
                                  00001d58  00001d77        20
  _C
                                  00001d58        20   data ,g         2
FILE=.\r_bsp\board\rdkrx63n\lcd.obj
                                  00001d78  00001d7b         4
  _lcd_handle
                                  00001d78         4   data ,g         3
FILE=.\r_bsp\board\rdkrx63n\lowsrc.obj
                                  00001d7c  00001dcb        50
  __Files
                                  00001d7c        50   data ,g         4
FILE=.\r_bsp\board\rdkrx63n\sbrk.obj
                                  00001dcc  000021cb       400
  _heap_area
                                  00001dcc       400   data ,l         2
FILE=_errno
                                  000021cc  000021cf         4
  __errno
                                  000021cc         4   data ,g         a

SECTION=R
FILE=.\src\main.obj
                                  000021d0  000021d7         8
  _dt
                                  000021d0         4   data ,g         2
  _sonarDistance
                                  000021d4         4   data ,l         3
FILE=.\src\LowLevelDrivers\CMT.obj
                                  000021d8  000021db         4
  _general_timer_mS
                                  000021d8         4   data ,g         3
FILE=.\src\Ducted_Drivers\AHRS.obj
                                  000021dc  000021ef        14
  _q0
                                  000021dc         4   data ,l         8
  _q1
                                  000021e0         4   data ,l         8
  _q2
                                  000021e4         4   data ,l         8
  _q3
                                  000021e8         4   data ,l         8
  _beta
                                  000021ec         4   data ,g         3
FILE=.\src\Ducted_Drivers\AHRS_Mahony.obj
                                  000021f0  00002213        24
  _q0
                                  000021f0         4   data ,g         7
  _q1
                                  000021f4         4   data ,g         9
  _q2
                                  000021f8         4   data ,g         7
  _q3
                                  000021fc         4   data ,g         7
  _twoKp
                                  00002200         4   data ,g         3
  _twoKi
                                  00002204         4   data ,g         3
  _integralFBx
                                  00002208         4   data ,g         6
  _integralFBy
                                  0000220c         4   data ,g         6
  _integralFBz
                                  00002210         4   data ,g         6
FILE=.\src\Ducted_Drivers\HMC5883L.obj
                                  00002214  00002223        10
  _MAG_XOUT_OFFSET
                                  00002214         4   data ,l         1
  _MAG_YOUT_OFFSET
                                  00002218         4   data ,l         1
  _MAG_ZOUT_OFFSET
                                  0000221c         4   data ,l         1
  _HMC5883L_MG_PER_DIGIT
                                  00002220         4   data ,l         1
FILE=.\src\Ducted_Drivers\MPU6050.obj
                                  00002224  00002233        10
  _GYRO_XOUT_OFFSET
                                  00002224         4   data ,l         3
  _GYRO_YOUT_OFFSET
                                  00002228         4   data ,l         3
  _GYRO_ZOUT_OFFSET
                                  0000222c         4   data ,l         3
  _OFFSET_ERROR
                                  00002230         4   data ,l         1
FILE=.\src\Ducted_Drivers\RC_CH1.obj
                                  00002234  00002237         4
  _rc_state
                                  00002234         4   data ,l         5
FILE=.\src\Ducted_Drivers\Sonar.obj
                                  00002238  0000223b         4
  _sonar_state
                                  00002238         4   data ,l         7
FILE=.\r_rspi_rx600\src\r_rspi_rx600.obj
                                  0000223c  00002257        1c
  _g_rspi_locked_id
                                  0000223c         c   data ,l         9
  _rspi_semaphore
                                  00002248         4   data ,l         1
  _g_rspi_channels
                                  0000224c         c   data ,g         5
FILE=.\r_riic_rx600\src\r_riic_rx600.obj
                                  00002258  00002273        1c
  _g_riic_channels
                                  00002258         8   data ,g        17
  _g_riic_mode
                                  00002260         8   data ,g         4
  _g_riic_state
                                  00002268         8   data ,g         0
  _riic_semaphore
                                  00002270         4   data ,l         2
FILE=.\r_glyph\src\glyph\fonts\font_8x8.obj
                                  00002274  00002673       400
  _Font8x8_table
                                  00002274       400   data ,g         2
FILE=.\r_bsp\board\rdkrx63n\lowsrc.obj
                                  00002674  00002687        14
  _env_list
                                  00002674        10   data ,g         1
  _environ
                                  00002684         4   data ,g         0
FILE=.\r_bsp\board\rdkrx63n\sbrk.obj
                                  00002688  0000268b         4
  _brk
                                  00002688         4   data ,l         1
FILE=sqrtf
                                  0000268c  0000268f         4
  _nan_value
                                  0000268c         4   data ,l         1
FILE=xfiles
                                  00002690  00002767        d8
  __Stdin
                                  00002690        48   data ,g         8
  __Stdout
                                  000026d8        48   data ,g         9
  __Stderr
                                  00002720        48   data ,g         4
FILE=malloc
                                  00002768  0000276f         8
  __Aldata
                                  00002768         8   data ,g         3
FILE=sincosfsub
                                  00002770  000027ab        3c
  _sinf_coeff
                                  00002770        10   data ,l         1
  _cosf_coeff
                                  00002780        10   data ,l         1
  _pi4ptr_table
                                  00002790         c   data ,l         1
  _sub_table
                                  0000279c        10   data ,l         1
FILE=xprintf
                                  000027ac  000027af         4
  _stderr
                                  000027ac         4   data ,g         0
FILE=xctype
                                  000027b0  000027b7         8
  __Ctype
                                  000027b0         4   data ,g         2
  __Tls_setup__Ctype
                                  000027b4         4   data ,g         1
FILE=xstate
                                  000027b8  000027ff        48
  __Tls_setup__Mbcurmax
                                  000027b8         4   data ,g         1
  __Mbstate
                                  000027bc        40   data ,g         2
  __Tls_setup__Mbstate
                                  000027fc         4   data ,g         2
FILE=localeco
                                  00002800  00002853        54
  __Locale
                                  00002800        50   data ,g         1
  __Tls_setup__Locale
                                  00002850         4   data ,g         0
FILE=xwcstate
                                  00002854  00002897        44
  __Wcstate
                                  00002854        40   data ,g         2
  __Tls_setup__Wcstate
                                  00002894         4   data ,g         2
FILE=xfvalues
                                  00002898  0000290f        78
  __FDenorm
                                  00002898        10   data ,g         0
  __FEps
                                  000028a8        10   data ,g         0
  __FHugeval
                                  000028b8        10   data ,g         0
  __FInf
                                  000028c8        10   data ,g         1
  __FNan
                                  000028d8        10   data ,g         0
  __FSnan
                                  000028e8        10   data ,g         0
  __FRteps
                                  000028f8        10   data ,g         0
  __FXbig
                                  00002908         4   data ,g         0
  __FZero
                                  0000290c         4   data ,g         0

SECTION=$ADDR_C_FF7FFFE8
FILE=.\r_bsp\board\rdkrx63n\flash_options.obj
                                  ff7fffe8  ff7fffff        18
  _user_boot_settings
                                  ff7fffe8        18   data ,g         0

SECTION=C_1
FILE=.\r_glyph\src\glyph\fonts\font_8x8.obj
                                  fff80000  fff809ff       a00
  _Font8x8_char_0
                                  fff80000         a   data ,g         1
  _Font8x8_char_1
                                  fff8000a         a   data ,g         1
  _Font8x8_char_2
                                  fff80014         a   data ,g         1
  _Font8x8_char_3
                                  fff8001e         a   data ,g         1
  _Font8x8_char_4
                                  fff80028         a   data ,g         1
  _Font8x8_char_5
                                  fff80032         a   data ,g         1
  _Font8x8_char_6
                                  fff8003c         a   data ,g         1
  _Font8x8_char_7
                                  fff80046         a   data ,g         1
  _Font8x8_char_8
                                  fff80050         a   data ,g         1
  _Font8x8_char_9
                                  fff8005a         a   data ,g         1
  _Font8x8_char_10
                                  fff80064         a   data ,g         1
  _Font8x8_char_11
                                  fff8006e         a   data ,g         1
  _Font8x8_char_12
                                  fff80078         a   data ,g         1
  _Font8x8_char_13
                                  fff80082         a   data ,g         1
  _Font8x8_char_14
                                  fff8008c         a   data ,g         1
  _Font8x8_char_15
                                  fff80096         a   data ,g         1
  _Font8x8_char_16
                                  fff800a0         a   data ,g         1
  _Font8x8_char_17
                                  fff800aa         a   data ,g         1
  _Font8x8_char_18
                                  fff800b4         a   data ,g         1
  _Font8x8_char_19
                                  fff800be         a   data ,g         1
  _Font8x8_char_20
                                  fff800c8         a   data ,g         1
  _Font8x8_char_21
                                  fff800d2         a   data ,g         1
  _Font8x8_char_22
                                  fff800dc         a   data ,g         1
  _Font8x8_char_23
                                  fff800e6         a   data ,g         1
  _Font8x8_char_24
                                  fff800f0         a   data ,g         1
  _Font8x8_char_25
                                  fff800fa         a   data ,g         1
  _Font8x8_char_26
                                  fff80104         a   data ,g         1
  _Font8x8_char_27
                                  fff8010e         a   data ,g         1
  _Font8x8_char_28
                                  fff80118         a   data ,g         1
  _Font8x8_char_29
                                  fff80122         a   data ,g         1
  _Font8x8_char_30
                                  fff8012c         a   data ,g         1
  _Font8x8_char_31
                                  fff80136         a   data ,g         1
  _Font8x8_char_32
                                  fff80140         a   data ,g         1
  _Font8x8_char_33
                                  fff8014a         a   data ,g         1
  _Font8x8_char_34
                                  fff80154         a   data ,g         1
  _Font8x8_char_35
                                  fff8015e         a   data ,g         1
  _Font8x8_char_36
                                  fff80168         a   data ,g         1
  _Font8x8_char_37
                                  fff80172         a   data ,g         1
  _Font8x8_char_38
                                  fff8017c         a   data ,g         1
  _Font8x8_char_39
                                  fff80186         a   data ,g         1
  _Font8x8_char_40
                                  fff80190         a   data ,g         1
  _Font8x8_char_41
                                  fff8019a         a   data ,g         1
  _Font8x8_char_42
                                  fff801a4         a   data ,g         1
  _Font8x8_char_43
                                  fff801ae         a   data ,g         1
  _Font8x8_char_44
                                  fff801b8         a   data ,g         1
  _Font8x8_char_45
                                  fff801c2         a   data ,g         1
  _Font8x8_char_46
                                  fff801cc         a   data ,g         1
  _Font8x8_char_47
                                  fff801d6         a   data ,g         1
  _Font8x8_char_48
                                  fff801e0         a   data ,g         1
  _Font8x8_char_49
                                  fff801ea         a   data ,g         1
  _Font8x8_char_50
                                  fff801f4         a   data ,g         1
  _Font8x8_char_51
                                  fff801fe         a   data ,g         1
  _Font8x8_char_52
                                  fff80208         a   data ,g         1
  _Font8x8_char_53
                                  fff80212         a   data ,g         1
  _Font8x8_char_54
                                  fff8021c         a   data ,g         1
  _Font8x8_char_55
                                  fff80226         a   data ,g         1
  _Font8x8_char_56
                                  fff80230         a   data ,g         1
  _Font8x8_char_57
                                  fff8023a         a   data ,g         1
  _Font8x8_char_58
                                  fff80244         a   data ,g         1
  _Font8x8_char_59
                                  fff8024e         a   data ,g         1
  _Font8x8_char_60
                                  fff80258         a   data ,g         1
  _Font8x8_char_61
                                  fff80262         a   data ,g         1
  _Font8x8_char_62
                                  fff8026c         a   data ,g         1
  _Font8x8_char_63
                                  fff80276         a   data ,g         1
  _Font8x8_char_64
                                  fff80280         a   data ,g         1
  _Font8x8_char_65
                                  fff8028a         a   data ,g         1
  _Font8x8_char_66
                                  fff80294         a   data ,g         1
  _Font8x8_char_67
                                  fff8029e         a   data ,g         1
  _Font8x8_char_68
                                  fff802a8         a   data ,g         1
  _Font8x8_char_69
                                  fff802b2         a   data ,g         1
  _Font8x8_char_70
                                  fff802bc         a   data ,g         1
  _Font8x8_char_71
                                  fff802c6         a   data ,g         1
  _Font8x8_char_72
                                  fff802d0         a   data ,g         1
  _Font8x8_char_73
                                  fff802da         a   data ,g         1
  _Font8x8_char_74
                                  fff802e4         a   data ,g         1
  _Font8x8_char_75
                                  fff802ee         a   data ,g         1
  _Font8x8_char_76
                                  fff802f8         a   data ,g         1
  _Font8x8_char_77
                                  fff80302         a   data ,g         1
  _Font8x8_char_78
                                  fff8030c         a   data ,g         1
  _Font8x8_char_79
                                  fff80316         a   data ,g         1
  _Font8x8_char_80
                                  fff80320         a   data ,g         1
  _Font8x8_char_81
                                  fff8032a         a   data ,g         1
  _Font8x8_char_82
                                  fff80334         a   data ,g         1
  _Font8x8_char_83
                                  fff8033e         a   data ,g         1
  _Font8x8_char_84
                                  fff80348         a   data ,g         1
  _Font8x8_char_85
                                  fff80352         a   data ,g         1
  _Font8x8_char_86
                                  fff8035c         a   data ,g         1
  _Font8x8_char_87
                                  fff80366         a   data ,g         1
  _Font8x8_char_88
                                  fff80370         a   data ,g         1
  _Font8x8_char_89
                                  fff8037a         a   data ,g         1
  _Font8x8_char_90
                                  fff80384         a   data ,g         1
  _Font8x8_char_91
                                  fff8038e         a   data ,g         1
  _Font8x8_char_92
                                  fff80398         a   data ,g         1
  _Font8x8_char_93
                                  fff803a2         a   data ,g         1
  _Font8x8_char_94
                                  fff803ac         a   data ,g         1
  _Font8x8_char_95
                                  fff803b6         a   data ,g         1
  _Font8x8_char_96
                                  fff803c0         a   data ,g         1
  _Font8x8_char_97
                                  fff803ca         a   data ,g         1
  _Font8x8_char_98
                                  fff803d4         a   data ,g         1
  _Font8x8_char_99
                                  fff803de         a   data ,g         1
  _Font8x8_char_100
                                  fff803e8         a   data ,g         1
  _Font8x8_char_101
                                  fff803f2         a   data ,g         1
  _Font8x8_char_102
                                  fff803fc         a   data ,g         1
  _Font8x8_char_103
                                  fff80406         a   data ,g         1
  _Font8x8_char_104
                                  fff80410         a   data ,g         1
  _Font8x8_char_105
                                  fff8041a         a   data ,g         1
  _Font8x8_char_106
                                  fff80424         a   data ,g         1
  _Font8x8_char_107
                                  fff8042e         a   data ,g         1
  _Font8x8_char_108
                                  fff80438         a   data ,g         1
  _Font8x8_char_109
                                  fff80442         a   data ,g         1
  _Font8x8_char_110
                                  fff8044c         a   data ,g         1
  _Font8x8_char_111
                                  fff80456         a   data ,g         1
  _Font8x8_char_112
                                  fff80460         a   data ,g         1
  _Font8x8_char_113
                                  fff8046a         a   data ,g         1
  _Font8x8_char_114
                                  fff80474         a   data ,g         1
  _Font8x8_char_115
                                  fff8047e         a   data ,g         1
  _Font8x8_char_116
                                  fff80488         a   data ,g         1
  _Font8x8_char_117
                                  fff80492         a   data ,g         1
  _Font8x8_char_118
                                  fff8049c         a   data ,g         1
  _Font8x8_char_119
                                  fff804a6         a   data ,g         1
  _Font8x8_char_120
                                  fff804b0         a   data ,g         1
  _Font8x8_char_121
                                  fff804ba         a   data ,g         1
  _Font8x8_char_122
                                  fff804c4         a   data ,g         1
  _Font8x8_char_123
                                  fff804ce         a   data ,g         1
  _Font8x8_char_124
                                  fff804d8         a   data ,g         1
  _Font8x8_char_125
                                  fff804e2         a   data ,g         1
  _Font8x8_char_126
                                  fff804ec         a   data ,g         1
  _Font8x8_char_127
                                  fff804f6         a   data ,g         1
  _Font8x8_char_128
                                  fff80500         a   data ,g         1
  _Font8x8_char_129
                                  fff8050a         a   data ,g         1
  _Font8x8_char_130
                                  fff80514         a   data ,g         1
  _Font8x8_char_131
                                  fff8051e         a   data ,g         1
  _Font8x8_char_132
                                  fff80528         a   data ,g         1
  _Font8x8_char_133
                                  fff80532         a   data ,g         1
  _Font8x8_char_134
                                  fff8053c         a   data ,g         1
  _Font8x8_char_135
                                  fff80546         a   data ,g         1
  _Font8x8_char_136
                                  fff80550         a   data ,g         1
  _Font8x8_char_137
                                  fff8055a         a   data ,g         1
  _Font8x8_char_138
                                  fff80564         a   data ,g         1
  _Font8x8_char_139
                                  fff8056e         a   data ,g         1
  _Font8x8_char_140
                                  fff80578         a   data ,g         1
  _Font8x8_char_141
                                  fff80582         a   data ,g         1
  _Font8x8_char_142
                                  fff8058c         a   data ,g         1
  _Font8x8_char_143
                                  fff80596         a   data ,g         1
  _Font8x8_char_144
                                  fff805a0         a   data ,g         1
  _Font8x8_char_145
                                  fff805aa         a   data ,g         1
  _Font8x8_char_146
                                  fff805b4         a   data ,g         1
  _Font8x8_char_147
                                  fff805be         a   data ,g         1
  _Font8x8_char_148
                                  fff805c8         a   data ,g         1
  _Font8x8_char_149
                                  fff805d2         a   data ,g         1
  _Font8x8_char_150
                                  fff805dc         a   data ,g         1
  _Font8x8_char_151
                                  fff805e6         a   data ,g         1
  _Font8x8_char_152
                                  fff805f0         a   data ,g         1
  _Font8x8_char_153
                                  fff805fa         a   data ,g         1
  _Font8x8_char_154
                                  fff80604         a   data ,g         1
  _Font8x8_char_155
                                  fff8060e         a   data ,g         1
  _Font8x8_char_156
                                  fff80618         a   data ,g         1
  _Font8x8_char_157
                                  fff80622         a   data ,g         1
  _Font8x8_char_158
                                  fff8062c         a   data ,g         1
  _Font8x8_char_159
                                  fff80636         a   data ,g         1
  _Font8x8_char_160
                                  fff80640         a   data ,g         1
  _Font8x8_char_161
                                  fff8064a         a   data ,g         1
  _Font8x8_char_162
                                  fff80654         a   data ,g         1
  _Font8x8_char_163
                                  fff8065e         a   data ,g         1
  _Font8x8_char_164
                                  fff80668         a   data ,g         1
  _Font8x8_char_165
                                  fff80672         a   data ,g         1
  _Font8x8_char_166
                                  fff8067c         a   data ,g         1
  _Font8x8_char_167
                                  fff80686         a   data ,g         1
  _Font8x8_char_168
                                  fff80690         a   data ,g         1
  _Font8x8_char_169
                                  fff8069a         a   data ,g         1
  _Font8x8_char_170
                                  fff806a4         a   data ,g         1
  _Font8x8_char_171
                                  fff806ae         a   data ,g         1
  _Font8x8_char_172
                                  fff806b8         a   data ,g         1
  _Font8x8_char_173
                                  fff806c2         a   data ,g         1
  _Font8x8_char_174
                                  fff806cc         a   data ,g         1
  _Font8x8_char_175
                                  fff806d6         a   data ,g         1
  _Font8x8_char_176
                                  fff806e0         a   data ,g         1
  _Font8x8_char_177
                                  fff806ea         a   data ,g         1
  _Font8x8_char_178
                                  fff806f4         a   data ,g         1
  _Font8x8_char_179
                                  fff806fe         a   data ,g         1
  _Font8x8_char_180
                                  fff80708         a   data ,g         1
  _Font8x8_char_181
                                  fff80712         a   data ,g         1
  _Font8x8_char_182
                                  fff8071c         a   data ,g         1
  _Font8x8_char_183
                                  fff80726         a   data ,g         1
  _Font8x8_char_184
                                  fff80730         a   data ,g         1
  _Font8x8_char_185
                                  fff8073a         a   data ,g         1
  _Font8x8_char_186
                                  fff80744         a   data ,g         1
  _Font8x8_char_187
                                  fff8074e         a   data ,g         1
  _Font8x8_char_188
                                  fff80758         a   data ,g         1
  _Font8x8_char_189
                                  fff80762         a   data ,g         1
  _Font8x8_char_190
                                  fff8076c         a   data ,g         1
  _Font8x8_char_191
                                  fff80776         a   data ,g         1
  _Font8x8_char_192
                                  fff80780         a   data ,g         1
  _Font8x8_char_193
                                  fff8078a         a   data ,g         1
  _Font8x8_char_194
                                  fff80794         a   data ,g         1
  _Font8x8_char_195
                                  fff8079e         a   data ,g         1
  _Font8x8_char_196
                                  fff807a8         a   data ,g         1
  _Font8x8_char_197
                                  fff807b2         a   data ,g         1
  _Font8x8_char_198
                                  fff807bc         a   data ,g         1
  _Font8x8_char_199
                                  fff807c6         a   data ,g         1
  _Font8x8_char_200
                                  fff807d0         a   data ,g         1
  _Font8x8_char_201
                                  fff807da         a   data ,g         1
  _Font8x8_char_202
                                  fff807e4         a   data ,g         1
  _Font8x8_char_203
                                  fff807ee         a   data ,g         1
  _Font8x8_char_204
                                  fff807f8         a   data ,g         1
  _Font8x8_char_205
                                  fff80802         a   data ,g         1
  _Font8x8_char_206
                                  fff8080c         a   data ,g         1
  _Font8x8_char_207
                                  fff80816         a   data ,g         1
  _Font8x8_char_208
                                  fff80820         a   data ,g         1
  _Font8x8_char_209
                                  fff8082a         a   data ,g         1
  _Font8x8_char_210
                                  fff80834         a   data ,g         1
  _Font8x8_char_211
                                  fff8083e         a   data ,g         1
  _Font8x8_char_212
                                  fff80848         a   data ,g         1
  _Font8x8_char_213
                                  fff80852         a   data ,g         1
  _Font8x8_char_214
                                  fff8085c         a   data ,g         1
  _Font8x8_char_215
                                  fff80866         a   data ,g         1
  _Font8x8_char_216
                                  fff80870         a   data ,g         1
  _Font8x8_char_217
                                  fff8087a         a   data ,g         1
  _Font8x8_char_218
                                  fff80884         a   data ,g         1
  _Font8x8_char_219
                                  fff8088e         a   data ,g         1
  _Font8x8_char_220
                                  fff80898         a   data ,g         1
  _Font8x8_char_221
                                  fff808a2         a   data ,g         1
  _Font8x8_char_222
                                  fff808ac         a   data ,g         1
  _Font8x8_char_223
                                  fff808b6         a   data ,g         1
  _Font8x8_char_224
                                  fff808c0         a   data ,g         1
  _Font8x8_char_225
                                  fff808ca         a   data ,g         1
  _Font8x8_char_226
                                  fff808d4         a   data ,g         1
  _Font8x8_char_227
                                  fff808de         a   data ,g         1
  _Font8x8_char_228
                                  fff808e8         a   data ,g         1
  _Font8x8_char_229
                                  fff808f2         a   data ,g         1
  _Font8x8_char_230
                                  fff808fc         a   data ,g         1
  _Font8x8_char_231
                                  fff80906         a   data ,g         1
  _Font8x8_char_232
                                  fff80910         a   data ,g         1
  _Font8x8_char_233
                                  fff8091a         a   data ,g         1
  _Font8x8_char_234
                                  fff80924         a   data ,g         1
  _Font8x8_char_235
                                  fff8092e         a   data ,g         1
  _Font8x8_char_236
                                  fff80938         a   data ,g         1
  _Font8x8_char_237
                                  fff80942         a   data ,g         1
  _Font8x8_char_238
                                  fff8094c         a   data ,g         1
  _Font8x8_char_239
                                  fff80956         a   data ,g         1
  _Font8x8_char_240
                                  fff80960         a   data ,g         1
  _Font8x8_char_241
                                  fff8096a         a   data ,g         1
  _Font8x8_char_242
                                  fff80974         a   data ,g         1
  _Font8x8_char_243
                                  fff8097e         a   data ,g         1
  _Font8x8_char_244
                                  fff80988         a   data ,g         1
  _Font8x8_char_245
                                  fff80992         a   data ,g         1
  _Font8x8_char_246
                                  fff8099c         a   data ,g         1
  _Font8x8_char_247
                                  fff809a6         a   data ,g         1
  _Font8x8_char_248
                                  fff809b0         a   data ,g         1
  _Font8x8_char_249
                                  fff809ba         a   data ,g         1
  _Font8x8_char_250
                                  fff809c4         a   data ,g         1
  _Font8x8_char_251
                                  fff809ce         a   data ,g         1
  _Font8x8_char_252
                                  fff809d8         a   data ,g         1
  _Font8x8_char_253
                                  fff809e2         a   data ,g         1
  _Font8x8_char_254
                                  fff809ec         a   data ,g         1
  _Font8x8_char_255
                                  fff809f6         a   data ,g         1
FILE=xprintf
                                  fff80a00  fff80a09         a
  _fchar$1
                                  fff80a00         a   data ,l         1
FILE=xputtxt
                                  fff80a0a  fff80aae        a5
  _spaces
                                  fff80a0a        21   data ,l         1
  _zeroes
                                  fff80a2b        21   data ,l         1
  _asterisk
                                  fff80a4c        21   data ,l         1
  _plus
                                  fff80a6d        21   data ,l         1
  _minus
                                  fff80a8e        21   data ,l         1
FILE=xlitob
                                  fff80aaf  fff80ad0        22
  _ldigs
                                  fff80aaf        11   data ,l         1
  _udigs
                                  fff80ac0        11   data ,l         1
FILE=localeco
                                  fff80ad1  fff80ad1         1
  _null
                                  fff80ad1         1   data ,l         d

SECTION=C_2
FILE=xctype
                                  fff80ad2  fff80cd3       202
  _ctyp_tab
                                  fff80ad2       202   data ,l         1

SECTION=C
FILE=.\src\Ducted_Drivers\Kalman.obj
                                  fff80cd4  fff80cdf         c
  _Q_angle
                                  fff80cd4         4   data ,g         0
  _Q_bias
                                  fff80cd8         4   data ,g         0
  _R_measure
                                  fff80cdc         4   data ,g         0
FILE=.\r_bsp\board\rdkrx63n\dbsct.obj
                                  fff80ce0  fff80cf7        18
  __CTBL
                                  fff80ce0        18   data ,g         0
FILE=.\r_bsp\board\rdkrx63n\lowsrc.obj
                                  fff80cf8  fff80cfb         4
  __nfiles
                                  fff80cf8         4   data ,g         3
FILE=atanf
                                  fff80cfc  fff80d13        18
  _const_tbl
                                  fff80cfc        18   data ,l         1
FILE=asincosfsub
                                  fff80d14  fff80d3f        2c
  ___asincosf_const_tbl
                                  fff80d14         8   data ,g         1
  ___asinf_coeff
                                  fff80d1c        24   data ,g         1
FILE=xfoprep
                                  fff80d40  fff80d87        48
  _init$1
                                  fff80d40        48   data ,l         1
FILE=xprintf
                                  fff80d88  fff80d9f        18
  _fbit$2
                                  fff80d88        18   data ,l         1
FILE=_sbrk_si
                                  fff80da0  fff80da3         4
  __sbrk_size
                                  fff80da0         4   data ,g         1
FILE=_in_exps
                                  fff80da4  fff80ddb        38
  _exp_lcoef$2
                                  fff80da4        1c   data ,l         1
  _exp_hcoef$1
                                  fff80dc0        1c   data ,l         1
FILE=_in_logs
                                  fff80ddc  fff80dfb        20
  _log_coef$3
                                  fff80ddc        20   data ,l         1
FILE=consts
                                  fff80dfc  fff80e53        58
  __IFZEROS
                                  fff80dfc         4   data ,g         5
  __IFONES
                                  fff80e00         4   data ,g         4
  __HALFS
                                  fff80e04         4   data ,g         1
  __QUOTS
                                  fff80e08         4   data ,g         0
  __TWOS
                                  fff80e0c         4   data ,g         0
  __FOURS
                                  fff80e10         4   data ,g         0
  __PAIS
                                  fff80e14         4   data ,g         1
  __2PAIS
                                  fff80e18         4   data ,g         0
  __HLFPAIS
                                  fff80e1c         4   data ,g         1
  __QUOPAIS
                                  fff80e20         4   data ,g         1
  __LOGE2S
                                  fff80e24         4   data ,g         2
  __NIFZEROS
                                  fff80e28         4   data ,g         1
  __NIFONES
                                  fff80e2c         4   data ,g         2
  __NHALFS
                                  fff80e30         4   data ,g         1
  __NQUOTS
                                  fff80e34         4   data ,g         1
  __NTWOS
                                  fff80e38         4   data ,g         0
  __NFOURS
                                  fff80e3c         4   data ,g         0
  __NPAIS
                                  fff80e40         4   data ,g         1
  __N2PAIS
                                  fff80e44         4   data ,g         0
  __NHLFPAIS
                                  fff80e48         4   data ,g         0
  __NQUOPAIS
                                  fff80e4c         4   data ,g         0
  __NLOGE2S
                                  fff80e50         4   data ,g         0
FILE=_const
                                  fff80e54  fff80e77        24
  __IFNAND
                                  fff80e54         0   none ,g         0
  __IFINFD
                                  fff80e5c         0   none ,g         0
  __NIFINFD
                                  fff80e64         0   none ,g         0
  __IFNANS
                                  fff80e6c         0   none ,g         6
  __IFINFS
                                  fff80e70         0   none ,g         3
  __NIFINFS
                                  fff80e74         0   none ,g         2
FILE=xfopen
                                  fff80e78  fff80e87        10
  _rwacc$1
                                  fff80e78        10   data ,l         1
FILE=_a_atans
                                  fff80e88  fff80e9f        18
  _atan_coef$1
                                  fff80e88        18   data ,l         1
FILE=xldtob
                                  fff80ea0  fff80eb7        18
  _pows
                                  fff80ea0        18   data ,l         1
FILE=floatval
                                  fff80eb8  fff80edf        28
  __FLT_MAX_VAL
                                  fff80eb8         0   none ,g         1
  __FLT_MIN_VAL
                                  fff80ebc         0   none ,g         0
  __DBL_MAX_VAL
                                  fff80ec0         0   none ,g         0
  __DBL_MIN_VAL
                                  fff80ec8         0   none ,g         0
  __LDBL_MAX_VAL
                                  fff80ed0         0   none ,g         0
  __LDBL_MIN_VAL
                                  fff80ed8         0   none ,g         0

SECTION=C$DSEC
FILE=.\r_bsp\board\rdkrx63n\dbsct.obj
                                  fff80ee0  fff80f03        24
  __DTBL
                                  fff80ee0        24   data ,g         0

SECTION=C$BSEC
FILE=.\r_bsp\board\rdkrx63n\dbsct.obj
                                  fff80f04  fff80f1b        18
  __BTBL
                                  fff80f04        18   data ,g         0

SECTION=C$VECT
FILE=.\r_bsp\board\rdkrx63n\resetprg.obj
                                  fff80f1c  fff8131b       400

SECTION=L
FILE=.\src\main.obj
                                  fff8131c  fff81366        4b
FILE=.\src\Ducted_Drivers\MPU6050.obj
                                  fff81368  fff813db        74
FILE=.\src\Ducted_Drivers\MS5611-01BA01.obj
                                  fff813dc  fff8141f        44
FILE=.\r_glyph\src\glyph\glyph.obj
                                  fff81420  fff81451        32
FILE=.\r_bsp\board\rdkrx63n\dbsct.obj
                                  fff81454  fff81457         4
  _deadSpace
                                  fff81454         4   data ,g         0
FILE=.\r_bsp\board\rdkrx63n\lowsrc.obj
                                  fff81458  fff81499        42
FILE=xprintf
                                  fff8149c  fff814a2         7
FILE=xldtob
                                  fff814a4  fff814c5        22
FILE=xgenld
                                  fff814c8  fff814c9         2
FILE=localeco
                                  fff814cc  fff814d8         d

SECTION=D
FILE=.\src\main.obj
                                  fff814dc  fff814e3         8
FILE=.\src\LowLevelDrivers\CMT.obj
                                  fff814e4  fff814e7         4
FILE=.\src\Ducted_Drivers\AHRS.obj
                                  fff814e8  fff814fb        14
FILE=.\src\Ducted_Drivers\AHRS_Mahony.obj
                                  fff814fc  fff8151f        24
FILE=.\src\Ducted_Drivers\HMC5883L.obj
                                  fff81520  fff8152f        10
FILE=.\src\Ducted_Drivers\MPU6050.obj
                                  fff81530  fff8153f        10
FILE=.\src\Ducted_Drivers\RC_CH1.obj
                                  fff81540  fff81543         4
FILE=.\src\Ducted_Drivers\Sonar.obj
                                  fff81544  fff81547         4
FILE=.\r_rspi_rx600\src\r_rspi_rx600.obj
                                  fff81548  fff81563        1c
FILE=.\r_riic_rx600\src\r_riic_rx600.obj
                                  fff81564  fff8157f        1c
FILE=.\r_glyph\src\glyph\fonts\font_8x8.obj
                                  fff81580  fff8197f       400
FILE=.\r_bsp\board\rdkrx63n\lowsrc.obj
                                  fff81980  fff81993        14
FILE=.\r_bsp\board\rdkrx63n\sbrk.obj
                                  fff81994  fff81997         4
FILE=sqrtf
                                  fff81998  fff8199b         4
FILE=xfiles
                                  fff8199c  fff81a73        d8
FILE=malloc
                                  fff81a74  fff81a7b         8
FILE=sincosfsub
                                  fff81a7c  fff81ab7        3c
FILE=xprintf
                                  fff81ab8  fff81abb         4
FILE=xctype
                                  fff81abc  fff81ac3         8
FILE=xstate
                                  fff81ac4  fff81b0b        48
FILE=localeco
                                  fff81b0c  fff81b5f        54
FILE=xwcstate
                                  fff81b60  fff81ba3        44
FILE=xfvalues
                                  fff81ba4  fff81c1b        78

SECTION=D_1
FILE=.\src\Ducted_Drivers\HMC5883L.obj
                                  fff81c1c  fff81c29         e
FILE=.\src\Ducted_Drivers\MPU6050.obj
                                  fff81c2a  fff81c2f         6
FILE=.\r_rspi_rx600\src\r_rspi_rx600.obj
                                  fff81c30  fff81c32         3
FILE=.\r_riic_rx600\src\r_riic_rx600.obj
                                  fff81c33  fff81c36         4
FILE=xfiles
                                  fff81c37  fff81c86        50
FILE=xstate
                                  fff81c87  fff81c87         1

SECTION=D_2
FILE=.\src\Ducted_Drivers\RC_CH1.obj
                                  fff81c88  fff81c89         2
FILE=.\src\Ducted_Drivers\Sonar.obj
                                  fff81c8a  fff81c8b         2
FILE=sqrtf
                                  fff81c8c  fff81c99         e

SECTION=P
FILE=.\src\S12ADC.obj
                                  fff81c9a  fff81d13        7a
  _S12ADC_init
                                  fff81c9a        55   func ,g         1
  _S12ADC_start
                                  fff81cef         8   func ,g         2
  _S12ADC_conversion_complete
                                  fff81cf7         d   func ,g         2
  _S12ADC_read_AN002
                                  fff81d04         8   func ,g         2
  _S12ADC_read_AN003
                                  fff81d0c         8   func ,g         0
FILE=.\src\main.obj
                                  fff81d14  fff82369       656
  _map
                                  fff81d14        15   func ,g         0
  _lcd_buffer_print
                                  fff81d29        3c   func ,g         5
  _lcd_buffer_clear
                                  fff81d65        23   func ,g         0
  _lcd_buffer_flush
                                  fff81d88        20   func ,g         2
  _main
                                  fff81da8       120   func ,g         1
  _Setup
                                  fff81ec8       18c   func ,g         1
  _Callback_1ms
                                  fff82054        3d   func ,g         0
  _Callback_5ms
                                  fff82091        6a   func ,g         0
  _Callback_10ms
                                  fff820fb         d   func ,g         0
  _Callback_20ms
                                  fff82108       1d9   func ,g         1
  _Callback_50ms
                                  fff822e1         c   func ,g         0
  _Callback_100ms
                                  fff822ed         1   func ,g         0
  _Callback_500ms
                                  fff822ee         1   func ,g         0
  _Callback_1000ms
                                  fff822ef         3   func ,g         0
  _Fallback
                                  fff822f2        52   func ,g         3
  _Sonar_Fallback
                                  fff82344        13   func ,g         1
  _Rc_Fallback
                                  fff82357        13   func ,g         1
FILE=.\src\LowLevelDrivers\MTU2a\MTU_C3.obj
                                  fff8236a  fff8243d        d4
  _Set_MTU_U0_C3
                                  fff8236a        66   func ,g         1
  _StartCount_MTU_U0_C3
                                  fff823d0        11   func ,g         1
  _HaltCount_MTU_U0_C3
                                  fff823e1        11   func ,g         1
  _GetTGR_A_MTU_U0_C3
                                  fff823f2         8   func ,g         1
  _SetTGR_A_MTU_U0_C3
                                  fff823fa        11   func ,g         0
  _SetTGR_B_MTU_U0_C3
                                  fff8240b        11   func ,g         1
  _SetTGR_C_MTU_U0_C3
                                  fff8241c        11   func ,g         0
  _SetTGR_D_MTU_U0_C3
                                  fff8242d        11   func ,g         1
FILE=.\src\LowLevelDrivers\MTU2a\MTU_C4.obj
                                  fff8243e  fff82511        d4
  _Set_MTU_U0_C4
                                  fff8243e        66   func ,g         1
  _StartCount_MTU_U0_C4
                                  fff824a4        11   func ,g         1
  _HaltCount_MTU_U0_C4
                                  fff824b5        11   func ,g         1
  _GetTGR_A_MTU_U0_C4
                                  fff824c6         8   func ,g         1
  _SetTGR_A_MTU_U0_C4
                                  fff824ce        11   func ,g         0
  _SetTGR_B_MTU_U0_C4
                                  fff824df        11   func ,g         1
  _SetTGR_C_MTU_U0_C4
                                  fff824f0        11   func ,g         0
  _SetTGR_D_MTU_U0_C4
                                  fff82501        11   func ,g         1
FILE=.\src\LowLevelDrivers\MTU2a\MTU_C5U.obj
                                  fff82512  fff825b2        a1
  _MTU5U_Start
                                  fff82512        19   func ,g         1
  _MTU5U_Stop
                                  fff8252b        19   func ,g         2
  _MTU5U_Setup
                                  fff82544        5f   func ,g         1
  _MTU5U_SetTimerCounter
                                  fff825a3         8   func ,g         0
  _MTU5U_GetTimerCounter
                                  fff825ab         8   func ,g         2
FILE=.\src\LowLevelDrivers\MTU2a\MTU_C5W.obj
                                  fff825b3  fff82657        a5
  _MTU5W_Start
                                  fff825b3        19   func ,g         1
  _MTU5W_Stop
                                  fff825cc        19   func ,g         2
  _MTU5W_Setup
                                  fff825e5        63   func ,g         1
  _MTU5W_SetTimerCounter
                                  fff82648         8   func ,g         0
  _MTU5W_GetTimerCounter
                                  fff82650         8   func ,g         2
FILE=.\src\LowLevelDrivers\CMT.obj
                                  fff82658  fff82773       11c
  _CMT_init
                                  fff82658        51   func ,g         1
  _ms_delay
                                  fff826a9        11   func ,g         4
  _getTime
                                  fff826ba         9   func ,g         0
  _CMT_isr
                                  fff826c3        b1   func ,l         0
FILE=.\src\LowLevelDrivers\I2C.obj
                                  fff82774  fff82793        20
  _riic_master_init
                                  fff82774        20   func ,g         1
FILE=.\src\Ducted_Drivers\AHRS.obj
                                  fff82794  fff83612       e7f
  _MadgwickAHRSupdate
                                  fff82794       9f1   func ,g         1
  _MadgwickAHRSupdateIMU
                                  fff83185       35e   func ,g         0
  _invSqrt
                                  fff834e3        27   func ,g         0
  _get_Angle_AHRS
                                  fff8350a       109   func ,g         1
FILE=.\src\Ducted_Drivers\AHRS_Mahony.obj
                                  fff83613  fff8410a       af8
  _MahonyAHRSupdate
                                  fff83613       70a   func ,g         1
  _MahonyAHRSupdateIMU
                                  fff83d1d       29a   func ,g         0
  _inversSqrt
                                  fff83fb7        27   func ,g         0
  _get_Angle_AHRS_Mahony
                                  fff83fde       12d   func ,g         0
FILE=.\src\Ducted_Drivers\AverageFilter.obj
                                  fff8410b  fff8415c        52
  _Init_AVG
                                  fff8410b        12   func ,g         2
  _Compute_AVG
                                  fff8411d        40   func ,g         2
FILE=.\src\Ducted_Drivers\HMC5883L.obj
                                  fff8415d  fff845cf       473
  _Get_Mag_Value
                                  fff8415d        c1   func ,g         1
  _Get_Mag_Value_Normalized
                                  fff8421e        90   func ,g         2
  _Get_Mag_Heading
                                  fff842ae        3c   func ,g         0
  _Setup_HMC5883L
                                  fff842ea       1df   func ,g         1
  _IMU_write_AUXMASTER
                                  fff844c9        83   func ,g         1
  _Get_Mag_Heading_Compensated
                                  fff8454c        84   func ,g         0
FILE=.\src\Ducted_Drivers\IMU_write_read.obj
                                  fff845d0  fff84623        54
  _IMU_write
                                  fff845d0        28   func ,g        2a
  _IMU_read
                                  fff845f8        2c   func ,g        20
FILE=.\src\Ducted_Drivers\Kalman.obj
                                  fff84624  fff84741       11e
  _init_Kalman
                                  fff84624        61   func ,g         1
  _getAngle
                                  fff84685        b7   func ,g         2
  _setAngle
                                  fff8473c         3   func ,g         0
  _getRate
                                  fff8473f         3   func ,g         0
FILE=.\src\Ducted_Drivers\MPU6050.obj
                                  fff84742  fff84fea       8a9
  _MPU6050_Test_I2C
                                  fff84742        45   func ,g         1
  _Setup_MPU6050
                                  fff84787       19b   func ,g         1
  _Calibrate_Accel
                                  fff84922        9c   func ,g         0
  _Get_Accel_Values
                                  fff849be        c1   func ,g         2
  _Get_Accel_Gravity_Power
                                  fff84a7f        9f   func ,g         2
  _Get_Accel_Angles
                                  fff84b1e        5e   func ,g         1
  _Calibrate_Gyros
                                  fff84b7c       2df   func ,g         1
  _Get_Gyro_Value
                                  fff84e5b        f1   func ,g         1
  _Get_Gyro_Rates
                                  fff84f4c        9f   func ,g         1
FILE=.\src\Ducted_Drivers\MS5611-01BA01.obj
                                  fff84feb  fff85384       39a
  _MS5611_Init
                                  fff84feb         c   func ,g         0
  _MS5611_Reset
                                  fff84ff7        40   func ,g         1
  _MS5611_Convert_Dx
                                  fff85037        60   func ,g         0
  _MS5611_Read_Prom
                                  fff85097        52   func ,g         1
  _MS5611_Read_Coef
                                  fff850e9        2b   func ,g         1
  _MS5611_Read_PT
                                  fff85114       271   func ,g         0
FILE=.\src\Ducted_Drivers\Motor.obj
                                  fff85385  fff8543a        b6
  _Motors_Init
                                  fff85385         4   func ,g         1
  _Motors_On
                                  fff85389         4   func ,g         1
  _Motor_Arm
                                  fff8538d        11   func ,g         2
  _Motor_Write_PWM
                                  fff8539e        80   func ,g         1
  _Motor_Write_us
                                  fff8541e        19   func ,g         5
  _Motors_Off
                                  fff85437         4   func ,g         1
FILE=.\src\Ducted_Drivers\PID.obj
                                  fff8543b  fff854b7        7d
  _PID_Init
                                  fff8543b        1d   func ,g         3
  _PID_Compute
                                  fff85458        60   func ,g         3
FILE=.\src\Ducted_Drivers\RC_CH1.obj
                                  fff854b8  fff85558        a1
  _rcInitialize
                                  fff854b8        3b   func ,g         1
  _rcGetState
                                  fff854f3         9   func ,g         4
  _rcCountStart
                                  fff854fc         e   func ,g         2
  _rcCountStop
                                  fff8550a        1a   func ,g         1
  _rcGetUs
                                  fff85524        12   func ,g         4
  _rcISR
                                  fff85536        23   func ,l         0
FILE=.\src\Ducted_Drivers\Servo.obj
                                  fff85559  fff85681       129
  _Servos_Init
                                  fff85559        20   func ,g         1
  _Servos_Off
                                  fff85579         4   func ,g         1
  _Servo_Write_PWM
                                  fff8557d        84   func ,g         2
  _Servo_Write_us
                                  fff85601        19   func ,g         0
  _Servo_Write_deg
                                  fff8561a        68   func ,g         6
FILE=.\src\Ducted_Drivers\Sonar.obj
                                  fff85682  fff85787       106
  _sonarInitialize
                                  fff85682        56   func ,g         1
  _sonarGetState
                                  fff856d8         9   func ,g         6
  _sonarTriggerStart
                                  fff856e1        1e   func ,g         2
  _sonarTriggerStop
                                  fff856ff        1e   func ,g         2
  _sonarEchoCountStart
                                  fff8571d         e   func ,g         2
  _sonarEchoCountStop
                                  fff8572b        1a   func ,g         1
  _sonarGetDistance
                                  fff85745        20   func ,g         2
  _sonarEchoISR
                                  fff85765        23   func ,l         0
FILE=.\src\Ducted_Drivers\WatchDogTimer.obj
                                  fff85788  fff857bf        38
  _WDT_Init
                                  fff85788        19   func ,g         3
  _WDT_Increase
                                  fff857a1        17   func ,g         5
  _WDT_Reset
                                  fff857b8         4   func ,g         5
  _WDT_Start
                                  fff857bc         4   func ,g         3
FILE=.\r_rspi_rx600\src\r_rspi_rx600.obj
                                  fff857c0  fff85c3e       47f
  _R_RSPI_Init
                                  fff857c0       1c7   func ,g         2
  _R_RSPI_Select
                                  fff85987        4f   func ,g         1
  _R_RSPI_Deselect
                                  fff859d6        4f   func ,g         1
  _R_RSPI_BaudRateSet
                                  fff85a25        1e   func ,g         0
  _R_RSPI_SendReceive
                                  fff85a43        9e   func ,g         0
  _R_RSPI_Read
                                  fff85ae1        80   func ,g         0
  _R_RSPI_Write
                                  fff85b61        80   func ,g         1
  _R_RSPI_Lock
                                  fff85be1        38   func ,g         1
  _R_RSPI_Unlock
                                  fff85c19        17   func ,g         1
  _R_RSPI_CheckLock
                                  fff85c30         f   func ,g         0
FILE=.\r_riic_rx600\src\r_riic_rx600.obj
                                  fff85c3f  fff86111       4d3
  _R_RIIC_Init
                                  fff85c3f       312   func ,g         1
  _R_RIIC_ReleaseChannel
                                  fff85f51        15   func ,g         0
  _R_RIIC_Reset
                                  fff85f66       161   func ,g         0
  _riic_lock
                                  fff860c7        3d   func ,g         4
  _riic_unlock
                                  fff86104         e   func ,g        12
FILE=.\r_riic_rx600\src\r_riic_rx600_master.obj
                                  fff86112  fff86814       703
  _R_RIIC_MasterTransmitHead
                                  fff86112       19c   func ,g         2
  _R_RIIC_MasterTransmit
                                  fff862ae       1a5   func ,g         1
  _R_RIIC_MasterReceive
                                  fff86453       223   func ,g         1
  _nack_detected
                                  fff86676        5a   func ,l         8
  _wait_for_status
                                  fff866d0       145   func ,l        15
FILE=.\r_glyph\src\r_glyph.obj
                                  fff86815  fff868bb        a7
  _R_GLYPH_Open
                                  fff86815        46   func ,g         1
  _R_GLYPH_CommandSend
                                  fff8685b         8   func ,g         1
  _R_GLYPH_DataSend
                                  fff86863         9   func ,g         1
  _glyph_send_byte
                                  fff8686c        50   func ,g         2
FILE=.\r_glyph\src\r_glyph_register.obj
                                  fff868bc  fff86919        5e
  _GlyphCommOpen
                                  fff868bc        2c   func ,g         1
  _GlyphLCDOpen
                                  fff868e8        32   func ,g         1
FILE=.\r_glyph\src\glyph\glyph.obj
                                  fff8691a  fff86c1e       305
  _GlyphOpen
                                  fff8691a        4c   func ,g         1
  _GlyphClose
                                  fff86966        40   func ,g         0
  _GlyphWrite
                                  fff869a6         7   func ,g         0
  _GlyphRead
                                  fff869ad         7   func ,g         0
  _GlyphGetStatus
                                  fff869b4         b   func ,g         0
  _GlyphSetX
                                  fff869bf         b   func ,g         0
  _GlyphSetY
                                  fff869ca         b   func ,g         0
  _GlyphSetXY
                                  fff869d5        25   func ,g         1
  _GlyphGetXY
                                  fff869fa        25   func ,g         0
  _GlyphSetFont
                                  fff86a1f         b   func ,g         1
  _GlyphGetFont
                                  fff86a2a         b   func ,g         0
  _GlyphSetDrawMode
                                  fff86a35         b   func ,g         5
  _GlyphChar
                                  fff86a40         b   func ,g         0
  _GlyphString
                                  fff86a4b        24   func ,g         1
  _GlyphGetVersionInfo
                                  fff86a6f        b6   func ,g         0
  _GlyphClearScreen
                                  fff86b25         b   func ,g         2
  _GlyphInvertScreen
                                  fff86b30         5   func ,g         0
  _GlyphNormalScreen
                                  fff86b35         5   func ,g         1
  _GlyphSleep
                                  fff86b3a         5   func ,g         0
  _GlyphWake
                                  fff86b3f         5   func ,g         0
  _GlyphDrawTestPattern
                                  fff86b44         5   func ,g         0
  _GlyphDrawBlock
                                  fff86b49        5f   func ,g         0
  _GlyphEraseBlock
                                  fff86ba8        5f   func ,g         1
  _GlyphSetContrast
                                  fff86c07         c   func ,g         0
  _GlyphSetContrastBoost
                                  fff86c13         c   func ,g         0
FILE=.\r_glyph\src\glyph\drivers\st7579_lcd.obj
                                  fff86c1f  fff87501       8e3
  _ST7579_Open
                                  fff86c1f        96   func ,g         1
  _ST7579_Close
                                  fff86cb5         3   func ,g         1
  _ST7579_Write
                                  fff86cb8       51b   func ,g         1
  _ST7579_Read
                                  fff871d3        ac   func ,g         1
  _ST7579_SetSystemBiasBooster
                                  fff8727f        ba   func ,g         2
  _ST7579_SetVO_Range
                                  fff87339        56   func ,g         2
  _ST7579_Config
                                  fff8738f        4e   func ,g         0
  _ST7579_Send16bitsCommand
                                  fff873dd        1c   func ,g         1
  _ST7579_Send8bitsData
                                  fff873f9         9   func ,g         0
  _ST7579_SetFrameRate
                                  fff87402        6f   func ,g         2
  _ST7579_SetPage
                                  fff87471        23   func ,g         3
  _ST7579_SetChar
                                  fff87494        21   func ,g         4
  _ST7579_SetLine
                                  fff874b5        4d   func ,g         1
FILE=.\r_bsp\board\rdkrx63n\lowlvl.obj
                                  fff87502  fff8752f        2e
  _charput
                                  fff87502         0   none ,g         1
  __C2ESTART
                                  fff87502         0   none ,l         0
  __TXLOOP
                                  fff8750b         0   none ,l         1
  __WRITEFC2E0
                                  fff87511         0   none ,l         0
  __CHARPUTEXIT
                                  fff87518         0   none ,l         0
  _charget
                                  fff87519         0   none ,g         1
  __E2CSTART
                                  fff87519         0   none ,l         0
  __RXLOOP
                                  fff87522         0   none ,l         1
  __READFE2C0
                                  fff87528         0   none ,l         0
  __CHARGETEXIT
                                  fff8752f         0   none ,l         0
FILE=.\r_bsp\board\rdkrx63n\hwsetup.obj
                                  fff87530  fff87679       14a
  _hardware_setup
                                  fff87530       14a   func ,g         1
FILE=.\r_bsp\board\rdkrx63n\lcd.obj
                                  fff8767a  fff87710        97
  _lcd_initialize
                                  fff8767a        35   func ,g         1
  _lcd_clear
                                  fff876af         c   func ,g         1
  _lcd_display
                                  fff876bb        56   func ,g         d
FILE=.\r_bsp\board\rdkrx63n\lowsrc.obj
                                  fff87711  fff878a9       199
  __INIT_IOLIB
                                  fff87711        77   func ,g         1
  __CLOSEALL
                                  fff87788        21   func ,g         1
  _open
                                  fff877a9        79   func ,g         1
  _close
                                  fff87822         3   func ,g         1
  _write
                                  fff87825        42   func ,g         1
  _read
                                  fff87867        3f   func ,g         0
  _lseek
                                  fff878a6         4   func ,g         0
FILE=.\r_bsp\board\rdkrx63n\resetprg.obj
                                  fff878aa  fff87953        aa
  _PowerON_Reset_PC
                                  fff878aa        aa   entry,g         1
FILE=.\r_bsp\board\rdkrx63n\sbrk.obj
                                  fff87954  fff87974        21
  _sbrk
                                  fff87954        21   func ,g         1
FILE=.\r_bsp\board\rdkrx63n\vecttbl.obj
                                  fff87975  fff87986        12
  _excep_supervisor_inst_isr
                                  fff87975         3   func ,g         1
  _excep_undefined_inst_isr
                                  fff87978         3   func ,g         1
  _excep_floating_point_isr
                                  fff8797b         3   func ,g         1
  _non_maskable_isr
                                  fff8797e         3   func ,g         1
  _undefined_interrupt_source_isr
                                  fff87981         3   func ,g         7
  _bus_error_isr
                                  fff87984         3   func ,g         0
FILE=asinf
                                  fff87987  fff87a83        fd
  _poly_asinf
                                  fff87987        4b   func ,l         1
  _asinf_special
                                  fff879d2        2d   func ,l         1
  _asinl
                                  fff879ff         2   func ,g         0
  _asin
                                  fff87a01         2   func ,g         3
  _asinf
                                  fff87a03        81   func ,g         1
FILE=atanf
                                  fff87a84  fff87ba4       121
  _poly_atanf
                                  fff87a84        73   func ,l         3
  _atanf_special_case
                                  fff87af7        25   func ,l         2
  _atanl
                                  fff87b1c         2   func ,g         0
  _atan
                                  fff87b1e         2   func ,g         5
  _atanf
                                  fff87b20        85   func ,g         1
FILE=atan2f
                                  fff87ba5  fff87bd1        2d
  _atan2l
                                  fff87ba5         2   func ,g         0
  _atan2
                                  fff87ba7         2   func ,g         5
  _atan2f
                                  fff87ba9        29   func ,g         1
FILE=cosf
                                  fff87bd2  fff87c05        34
  _cosl
                                  fff87bd2         2   func ,g         0
  _cos
                                  fff87bd4         2   func ,g         3
  _cosf
                                  fff87bd6        30   func ,g         1
FILE=sinf
                                  fff87c06  fff87c46        41
  _sinl
                                  fff87c06         2   func ,g         0
  _sin
                                  fff87c08         2   func ,g         3
  _sinf
                                  fff87c0a        3d   func ,g         1
FILE=powf
                                  fff87c47  fff87c73        2d
  _powl
                                  fff87c47         2   func ,g         0
  _pow
                                  fff87c49         2   func ,g         d
  _powf
                                  fff87c4b        29   func ,g         1
FILE=sqrtf
                                  fff87c74  fff87d47        d4
  _in_sqrtf1
                                  fff87c74        4f   func ,l         1
  _sqrt_rare0
                                  fff87cc3        27   func ,l         1
  _sqrtl
                                  fff87cea         2   func ,g         0
  _sqrt
                                  fff87cec         2   func ,g         4
  _sqrtf
                                  fff87cee        5a   func ,g         2
FILE=freopen
                                  fff87d48  fff87d76        2f
  _freopen
                                  fff87d48        2f   func ,g         3
FILE=fclose
                                  fff87d77  fff87dca        54
  _fclose
                                  fff87d77        54   func ,g         4
FILE=printf
                                  fff87dcb  fff87e09        3f
  _prout
                                  fff87dcb        1d   func ,l         1
  _printf
                                  fff87de8        22   func ,g         6
FILE=sprintf
                                  fff87e0a  fff87e40        37
  _prout
                                  fff87e0a         b   func ,l         1
  _sprintf
                                  fff87e15        2c   func ,g         7
FILE=vsprintf
                                  fff87e41  fff87e74        34
  _prout
                                  fff87e41         b   func ,l         1
  _vsprintf
                                  fff87e4c        29   func ,g         1
FILE=__initsct
                                  fff87e75  fff87ebe        4a
  __INITSCT
                                  fff87e75         0   none ,g         1
  loop1
                                  fff87e87         0   none ,l         1
  next_loop1
                                  fff87e95         0   none ,l         2
  loop3
                                  fff87ea7         0   none ,l         1
  next_loop3
                                  fff87eb8         0   none ,l         2
FILE=free
                                  fff87ebf  fff87f41        83
  _free
                                  fff87ebf        83   func ,g         7
FILE=malloc
                                  fff87f42  fff8801f        de
  _findmem
                                  fff87f42        7b   func ,l         1
  _malloc
                                  fff87fbd        63   func ,g         6
FILE=_i_atn2s
                                  fff88020  fff8804b        2c
  __in_atan2s
                                  fff88020        2c   func ,g         1
FILE=_in_pows
                                  fff8804c  fff88154       109
  __in_pows
                                  fff8804c       109   func ,g         1
FILE=asincosfsub
                                  fff88155  fff881e9        95
  ___poly_acosf
                                  fff88155        55   func ,g         1
  ___poly_acosf_neg
                                  fff881aa        40   func ,g         1
FILE=nanfval
                                  fff881ea  fff881f0         7
  ___nanf_value
                                  fff881ea         7   func ,g         3
FILE=sincosfsub
                                  fff881f1  fff882da        ea
  ___poly_sinf
                                  fff881f1        31   func ,g         3
  ___poly_cosf
                                  fff88222        28   func ,g         3
  _poly_cosfn
                                  fff8824a         7   func ,l         1
  _poly_sinfn
                                  fff88251         5   func ,l         1
  _sincosf_special
                                  fff88256        33   func ,l         1
  ___internal_sincosf
                                  fff88289        52   func ,g         4
FILE=fwrite
                                  fff882db  fff883ad        d3
  _fwrite
                                  fff882db        d3   func ,g         1
FILE=fflush
                                  fff883ae  fff88430        83
  _fflush
                                  fff883ae        83   func ,g         5
FILE=xfoprep
                                  fff88431  fff88508        d8
  __Foprep
                                  fff88431        d8   func ,g         1
FILE=xfofind
                                  fff88509  fff88596        8e
  __Fofind
                                  fff88509        45   func ,g         0
  __Fofree
                                  fff8854e        49   func ,g         2
FILE=xprintf
                                  fff88597  fff887fc       266
  __Printf
                                  fff88597       266   func ,g         3
FILE=xgetmem
                                  fff887fd  fff88817        1b
  __Getmem
                                  fff887fd        1b   func ,g         1
FILE=fmodf
                                  fff88818  fff88849        32
  _fmodl
                                  fff88818         2   func ,g         0
  _fmod
                                  fff8881a         2   func ,g         1
  _fmodf
                                  fff8881c        2e   func ,g         2
FILE=_i_atans
                                  fff8884a  fff889bb       172
  __in_atans
                                  fff8884a       172   func ,g         1
FILE=_i_ldes
                                  fff889bc  fff88a3a        7f
  __in_ldexps
                                  fff889bc        7f   func ,g         4
FILE=_in_exps
                                  fff88a3b  fff88b35        fb
  __in_exps
                                  fff88a3b        fb   func ,g         2
FILE=_in_logs
                                  fff88b36  fff88bfe        c9
  __in_logs
                                  fff88b36        c9   func ,g         2
FILE=xfwprep
                                  fff88bff  fff88c97        99
  __Fwprep
                                  fff88bff        99   func ,g         1
FILE=xputfld
                                  fff88c98  fff89130       499
  __Putfld
                                  fff88c98       499   func ,g         1
FILE=xfopen
                                  fff89131  fff89160        30
  __Fopen
                                  fff89131        30   func ,g         1
FILE=xvacopy
                                  fff89161  fff89168         8
  __Vacopy
                                  fff89161         8   func ,g         2
FILE=xputtxt
                                  fff89169  fff8944d       2e5
  __Puttxt
                                  fff89169       2e5   func ,g         3
FILE=strchr
                                  fff8944e  fff89463        16
  _strchr
                                  fff8944e        16   func ,g         2
FILE=xctype
                                  fff89464  fff89479        16
  __Getpctype
                                  fff89464        16   func ,g         0
FILE=_a_atans
                                  fff8947a  fff8949e        25
  __app_atans
                                  fff8947a        25   func ,g         4
FILE=_i_fmds
                                  fff8949f  fff89578        da
  __in_fmods
                                  fff8949f        da   func ,g         2
FILE=xldtob
                                  fff89579  fff899b0       438
  __Ldtob
                                  fff89579       438   func ,g         1
FILE=xputstr
                                  fff899b1  fff89a90        e0
  __Putstr
                                  fff899b1        e0   func ,g         1
FILE=xlitob
                                  fff89a91  fff89ba8       118
  __Litob
                                  fff89a91       118   func ,g         1
FILE=xgenld
                                  fff89ba9  fff89e56       2ae
  __Genld
                                  fff89ba9       2ae   func ,g         1
FILE=xwctomb
                                  fff89e57  fff89faf       159
  __Wctombx
                                  fff89e57       113   func ,g         1
  __Wctomb
                                  fff89f6a        46   func ,g         1
FILE=xstate
                                  fff89fb0  fff89fe1        32
  __Getmbcurmax
                                  fff89fb0        16   func ,g         2
  __Getpmbstate
                                  fff89fc6        1c   func ,g         0
FILE=xldscale
                                  fff89fe2  fff89fe5         4
  __LDscale
                                  fff89fe2         4   func ,g         1
FILE=xldunsca
                                  fff89fe6  fff89fe9         4
  __LDunscale
                                  fff89fe6         4   func ,g         1
FILE=__COM_DIV64u
                                  fff89fea  fff8a082        99
  __COM_DIV64u
                                  fff89fea         0   none ,g         2
  _Loop_Init
                                  fff89ff4         0   none ,l         2
  _Loop
                                  fff89ffc         0   none ,l         1
  _DivStart
                                  fff8a008         0   none ,l         3
  _Success
                                  fff8a016         0   none ,l         1
  _DivEnd
                                  fff8a022         0   none ,l         0
  IXI6DIV
                                  fff8a027         0   none ,l         1
  IXI4DIV
                                  fff8a039         0   none ,l         1
  IXI2DIV
                                  fff8a049         0   none ,l         1
  I8I2DIV
                                  fff8a051         0   none ,l         1
  I4I2DIV
                                  fff8a07f         0   none ,l         1
  _i8divU_End
                                  fff8a082         0   none ,l         0
FILE=__COM_MOD64u
                                  fff8a083  fff8a109        87
  __COM_MOD64u
                                  fff8a083         0   none ,g         1
  _Loop_Init
                                  fff8a08d         0   none ,l         2
  _Loop
                                  fff8a091         0   none ,l         1
  _DivStart
                                  fff8a09d         0   none ,l         3
  _Success
                                  fff8a0ab         0   none ,l         1
  _DivEnd
                                  fff8a0b3         0   none ,l         0
  IXI6DIV
                                  fff8a0b4         0   none ,l         1
  IXI4DIV
                                  fff8a0c6         0   none ,l         1
  IXI2DIV
                                  fff8a0d6         0   none ,l         1
  I8I2DIV
                                  fff8a0de         0   none ,l         1
  I4I2DIV
                                  fff8a0fe         0   none ,l         1
FILE=_div
                                  fff8a10a  fff8a115         c
  _ldiv
                                  fff8a10a         0   none ,g         1
  _div
                                  fff8a10a         0   none ,g         1
FILE=localeco
                                  fff8a116  fff8a11c         7
  _localeconv
                                  fff8a116         7   func ,g         1
FILE=xwcstate
                                  fff8a11d  fff8a138        1c
  __Getpwcstate
                                  fff8a11d        1c   func ,g         0
FILE=xfdscale
                                  fff8a139  fff8a25c       124
  __FDscale
                                  fff8a139       124   func ,g         1
FILE=xfdunsca
                                  fff8a25d  fff8a2b7        5b
  __FDunscale
                                  fff8a25d        5b   func ,g         1
FILE=xfdnorm
                                  fff8a2b8  fff8a336        7f
  __FDnorm
                                  fff8a2b8        7f   func ,g         2

SECTION=W_1
FILE=.\r_glyph\src\glyph\drivers\st7579_lcd.obj
                                  fff8a338  fff8a35b        24

SECTION=W_2
FILE=.\r_glyph\src\glyph\drivers\st7579_lcd.obj
                                  fff8a35c  fff8a3b1        56

SECTION=$ADDR_C_FFFFFF80
FILE=.\r_bsp\board\rdkrx63n\flash_options.obj
                                  ffffff80  ffffff8f        10
  _flash_options
                                  ffffff80        10   data ,g         0

SECTION=FIXEDVECT
FILE=.\r_bsp\board\rdkrx63n\vecttbl.obj
                                  ffffff90  ffffffff        70
  _Fixed_Vectors
                                  ffffff90        70   data ,g         0

Absolute value symbols
FILE=.\r_bsp\board\rdkrx63n\lowlvl.obj
  TXFL0EN
                                  00000100         0   none ,l         0
  RXFL0EN
                                  00001000         0   none ,l         0
  FE2C0
                                  00084090         0   none ,l         0
  DBGSTAT
                                  000840c0         0   none ,l         0
  FC2E0
                                  00084080         0   none ,l         0

*** Unfilled Areas ***

AREA                                START    END

*** Delete Symbols ***

SYMBOL                                SIZE    INFO
