Renesas Optimizing Linker (W2.04.00 )             26-Apr-2016 22:32:18

*** Options ***

-subcommand=LinkerSubCommand.tmp
-input="./src/S12ADC.obj"
-input="./src/main.obj"
-input="./src/LowLevelDrivers/MTU2a/MTU_C3.obj"
-input="./src/LowLevelDrivers/MTU2a/MTU_C4.obj"
-input="./src/LowLevelDrivers/MTU2a/MTU_C5.obj"
-input="./src/LowLevelDrivers/CMT.obj"
-input="./src/LowLevelDrivers/I2C.obj"
-input="./src/Ducted_Drivers/AHRS.obj"
-input="./src/Ducted_Drivers/AHRS_Mahony.obj"
-input="./src/Ducted_Drivers/AverageFilter.obj"
-input="./src/Ducted_Drivers/HMC5883L.obj"
-input="./src/Ducted_Drivers/IMU_write_read.obj"
-input="./src/Ducted_Drivers/Kalman.obj"
-input="./src/Ducted_Drivers/MPU6050.obj"
-input="./src/Ducted_Drivers/MS5611-01BA01.obj"
-input="./src/Ducted_Drivers/Motor.obj"
-input="./src/Ducted_Drivers/PID.obj"
-input="./src/Ducted_Drivers/Servo.obj"
-input="./src/Ducted_Drivers/Sonar.obj"
-input="./src/Ducted_Drivers/WatchDogTimer.obj"
-input="./r_rspi_rx600/src/r_rspi_rx600.obj"
-input="./r_riic_rx600/src/r_riic_rx600.obj"
-input="./r_riic_rx600/src/r_riic_rx600_master.obj"
-input="./r_glyph/src/r_glyph.obj"
-input="./r_glyph/src/r_glyph_register.obj"
-input="./r_glyph/src/glyph/glyph.obj"
-input="./r_glyph/src/glyph/fonts/font_8x8.obj"
-input="./r_glyph/src/glyph/drivers/st7579_lcd.obj"
-input="./r_bsp/board/rdkrx63n/lowlvl.obj"
-input="./r_bsp/board/rdkrx63n/dbsct.obj"
-input="./r_bsp/board/rdkrx63n/flash_options.obj"
-input="./r_bsp/board/rdkrx63n/hwsetup.obj"
-input="./r_bsp/board/rdkrx63n/lcd.obj"
-input="./r_bsp/board/rdkrx63n/lowsrc.obj"
-input="./r_bsp/board/rdkrx63n/resetprg.obj"
-input="./r_bsp/board/rdkrx63n/sbrk.obj"
-input="./r_bsp/board/rdkrx63n/vecttbl.obj"
-start=SI,SU,B_1,R_1,B_2,R_2,B,R/0,C_1,C_2,C,C$*,L*,D*,P,W*/0FFF80000,FIXEDVECT/0FFFFFF90
-library=C:\Users\Enrico\git\DUCTED~1\DUCTED~1\Debug\ADC_OneShot.lib
-noprelink
-list=ADC_OneShot.map
-show
-nooptimize
-debug
-output=C:\Users\Enrico\git\Ducted_Fan\Ducted_Fan\Debug\ADC_OneShot.abs
-nocompress
-nologo
-nomessage
-rom=D=R,D_1=R_1,D_2=R_2
-vect=_undefined_interrupt_source_isr

*** Error information ***

*** Mapping List ***

SECTION                            START      END         SIZE   ALIGN

SI
                                  00000000  000003ff       400   4
SU
                                  00000400  000013ff      1000   4
B_1
                                  00001400  00001495        96   1
R_1
                                  00001496  00001501        6c   1
B_2
                                  00001502  00001503         2   2
R_2
                                  00001504  00001513        10   2
B
                                  00001514  0000225b       d48   4
R
                                  0000225c  00002997       73c   4
$ADDR_C_FF7FFFE8
                                  ff7fffe8  ff7fffff        18   1
C_1
                                  fff80000  fff80ad1       ad2   1
C_2
                                  fff80ad2  fff80cd3       202   2
C
                                  fff80cd4  fff80edf       20c   4
C$DSEC
                                  fff80ee0  fff80f03        24   4
C$BSEC
                                  fff80f04  fff80f1b        18   4
C$VECT
                                  fff80f1c  fff8131b       400   4
L
                                  fff8131c  fff814d4       1b9   4
D
                                  fff814d8  fff81c13       73c   4
D_1
                                  fff81c14  fff81c7f        6c   1
D_2
                                  fff81c80  fff81c8f        10   2
P
                                  fff81c90  fff8a1fb      856c   1
W
                                  fff8a1fc  fff8a1fc         0   4
W_1
                                  fff8a1fc  fff8a21f        24   1
W_2
                                  fff8a220  fff8a275        56   2
$ADDR_C_FFFFFF80
                                  ffffff80  ffffff8f        10   1
FIXEDVECT
                                  ffffff90  ffffffff        70   4

*** Symbol List ***

SECTION=
FILE=                               START        END    SIZE
  SYMBOL                            ADDR        SIZE    INFO      COUNTS  OPT

SECTION=SI
FILE=.\r_bsp\board\rdkrx63n\resetprg.obj
                                  00000000  000003ff       400

SECTION=SU
FILE=.\r_bsp\board\rdkrx63n\resetprg.obj
                                  00000400  000013ff      1000

SECTION=B_1
FILE=.\src\main.obj
                                  00001400  0000145f        60
  _lcd_buffer
                                  00001400        60   data ,l         3
FILE=.\src\LowLevelDrivers\CMT.obj
                                  00001460  00001467         8
  _timers
                                  00001460         8   data ,g         2
FILE=.\src\Ducted_Drivers\MS5611-01BA01.obj
                                  00001468  0000146d         6
  _Buffer_Rx1
                                  00001468         3   data ,g         3
  _Buffer_Tx1
                                  0000146b         1   data ,g         3
  _Buffer_Rx2
                                  0000146c         1   data ,g         0
  _Buffer_Tx2
                                  0000146d         1   data ,g         1
FILE=.\r_bsp\board\rdkrx63n\lowsrc.obj
                                  0000146e  00001495        28
  _flmod
                                  0000146e        14   data ,g         5
  _sml_buf
                                  00001482        14   data ,g         0

SECTION=R_1
FILE=.\src\Ducted_Drivers\HMC5883L.obj
                                  00001496  000014a3         e
  _ENABLE_REG
                                  00001496         1   data ,g         1
  _DISABLE_REG
                                  00001497         1   data ,g         0
  _CONFIG_6A
                                  00001498         1   data ,g         1
  _CONFIG_MST_CTR
                                  00001499         1   data ,g         1
  _CONFIG_SLV0_ADDR_R
                                  0000149a         1   data ,g         1
  _CONFIG_SLV0_ADDR_W
                                  0000149b         1   data ,g         2
  _CONFIG_SLV0_REG_DATA
                                  0000149c         1   data ,g         1
  _CONFIG_SLV0_CTRL_1
                                  0000149d         1   data ,g         2
  _CONFIG_SLV0_CTRL_2
                                  0000149e         1   data ,g         1
  _CONFIG_SLV0_CTRL_Enable
                                  0000149f         1   data ,g         2
  _CONFIG_INT_PIN_CFG
                                  000014a0         1   data ,g         0
  _CONFIG_REG_A
                                  000014a1         1   data ,g         1
  _CONFIG_REG_B
                                  000014a2         1   data ,g         1
  _CONFIG_MODE_REG
                                  000014a3         1   data ,g         1
FILE=.\src\Ducted_Drivers\MPU6050.obj
                                  000014a4  000014a9         6
  _DISABLE
                                  000014a4         1   data ,g         1
  _INITIAL
                                  000014a5         1   data ,g         1
  _ENABLE
                                  000014a6         1   data ,g         1
  _RATE_1000
                                  000014a7         1   data ,g         1
  _D_GYRO_SELF_TEST
                                  000014a8         1   data ,g         1
  _GYRO_CLOCK
                                  000014a9         1   data ,g         1
FILE=.\r_rspi_rx600\src\r_rspi_rx600.obj
                                  000014aa  000014ac         3
  _rspi_initialized
                                  000014aa         3   data ,l         1
FILE=.\r_riic_rx600\src\r_riic_rx600.obj
                                  000014ad  000014b0         4
  _g_riic_locked
                                  000014ad         2   data ,l         5
  _riic_initialized
                                  000014af         2   data ,l         2
FILE=xfiles
                                  000014b1  00001500        50
  _ebuf
                                  000014b1        50   data ,l         5
FILE=xstate
                                  00001501  00001501         1
  __Mbcurmax
                                  00001501         1   data ,g         1

SECTION=B_2
FILE=.\src\main.obj
                                  00001502  00001503         2
  _analogRead
                                  00001502         2   data ,g         3

SECTION=R_2
FILE=.\src\Ducted_Drivers\Sonar.obj
                                  00001504  00001505         2
  _sonar_echo_count
                                  00001504         2   data ,l         3
FILE=sqrtf
                                  00001506  00001513         e
  _cf1S
                                  00001506         e   data ,l         1

SECTION=B
FILE=.\src\main.obj
                                  00001514  00001d53       840
  _desiredState
                                  00001514       310   data ,g         2
  _currentState
                                  00001824       310   data ,g         1
  _z_axis_PID
                                  00001b34        20   data ,g         2
  _Pitch_PID
                                  00001b54        20   data ,g         2
  _Roll_PID
                                  00001b74        20   data ,g         2
  _pitchAVG
                                  00001b94        cc   data ,g         2
  _rollAVG
                                  00001c60        cc   data ,g         2
  _outValue
                                  00001d2c         4   data ,g         1
  _altitudeValue
                                  00001d30         4   data ,g         4
  _sonarWDT
                                  00001d34        10   data ,g         4
  _mainWDT
                                  00001d44        10   data ,g         3
FILE=.\src\Ducted_Drivers\Kalman.obj
                                  00001d54  00001de3        90
  _pitchKalman
                                  00001d54         4   data ,g         2
  _rollKalman
                                  00001d58         4   data ,g         2
  _yawKalman
                                  00001d5c         4   data ,g         1
  _kalman1
                                  00001d60        2c   data ,g         1
  _kalman2
                                  00001d8c        2c   data ,g         1
  _kalman3
                                  00001db8        2c   data ,g         1
FILE=.\src\Ducted_Drivers\MS5611-01BA01.obj
                                  00001de4  00001e03        20
  _C
                                  00001de4        20   data ,g         2
FILE=.\r_bsp\board\rdkrx63n\lcd.obj
                                  00001e04  00001e07         4
  _lcd_handle
                                  00001e04         4   data ,g         3
FILE=.\r_bsp\board\rdkrx63n\lowsrc.obj
                                  00001e08  00001e57        50
  __Files
                                  00001e08        50   data ,g         4
FILE=.\r_bsp\board\rdkrx63n\sbrk.obj
                                  00001e58  00002257       400
  _heap_area
                                  00001e58       400   data ,l         2
FILE=_errno
                                  00002258  0000225b         4
  __errno
                                  00002258         4   data ,g         a

SECTION=R
FILE=.\src\main.obj
                                  0000225c  00002263         8
  _dt
                                  0000225c         4   data ,g         2
  _sonarDistance
                                  00002260         4   data ,l         3
FILE=.\src\LowLevelDrivers\CMT.obj
                                  00002264  00002267         4
  _general_timer_mS
                                  00002264         4   data ,g         3
FILE=.\src\Ducted_Drivers\AHRS.obj
                                  00002268  0000227b        14
  _q0
                                  00002268         4   data ,l         8
  _q1
                                  0000226c         4   data ,l         8
  _q2
                                  00002270         4   data ,l         8
  _q3
                                  00002274         4   data ,l         8
  _beta
                                  00002278         4   data ,g         3
FILE=.\src\Ducted_Drivers\AHRS_Mahony.obj
                                  0000227c  0000229f        24
  _q0
                                  0000227c         4   data ,g         7
  _q1
                                  00002280         4   data ,g         9
  _q2
                                  00002284         4   data ,g         7
  _q3
                                  00002288         4   data ,g         7
  _twoKp
                                  0000228c         4   data ,g         3
  _twoKi
                                  00002290         4   data ,g         3
  _integralFBx
                                  00002294         4   data ,g         6
  _integralFBy
                                  00002298         4   data ,g         6
  _integralFBz
                                  0000229c         4   data ,g         6
FILE=.\src\Ducted_Drivers\HMC5883L.obj
                                  000022a0  000022af        10
  _MAG_XOUT_OFFSET
                                  000022a0         4   data ,l         1
  _MAG_YOUT_OFFSET
                                  000022a4         4   data ,l         1
  _MAG_ZOUT_OFFSET
                                  000022a8         4   data ,l         1
  _HMC5883L_MG_PER_DIGIT
                                  000022ac         4   data ,l         1
FILE=.\src\Ducted_Drivers\MPU6050.obj
                                  000022b0  000022bf        10
  _GYRO_XOUT_OFFSET
                                  000022b0         4   data ,l         3
  _GYRO_YOUT_OFFSET
                                  000022b4         4   data ,l         3
  _GYRO_ZOUT_OFFSET
                                  000022b8         4   data ,l         3
  _OFFSET_ERROR
                                  000022bc         4   data ,l         1
FILE=.\src\Ducted_Drivers\Sonar.obj
                                  000022c0  000022c3         4
  _sonar_state
                                  000022c0         4   data ,l         7
FILE=.\r_rspi_rx600\src\r_rspi_rx600.obj
                                  000022c4  000022df        1c
  _g_rspi_locked_id
                                  000022c4         c   data ,l         9
  _rspi_semaphore
                                  000022d0         4   data ,l         1
  _g_rspi_channels
                                  000022d4         c   data ,g         5
FILE=.\r_riic_rx600\src\r_riic_rx600.obj
                                  000022e0  000022fb        1c
  _g_riic_channels
                                  000022e0         8   data ,g        17
  _g_riic_mode
                                  000022e8         8   data ,g         4
  _g_riic_state
                                  000022f0         8   data ,g         0
  _riic_semaphore
                                  000022f8         4   data ,l         2
FILE=.\r_glyph\src\glyph\fonts\font_8x8.obj
                                  000022fc  000026fb       400
  _Font8x8_table
                                  000022fc       400   data ,g         2
FILE=.\r_bsp\board\rdkrx63n\lowsrc.obj
                                  000026fc  0000270f        14
  _env_list
                                  000026fc        10   data ,g         1
  _environ
                                  0000270c         4   data ,g         0
FILE=.\r_bsp\board\rdkrx63n\sbrk.obj
                                  00002710  00002713         4
  _brk
                                  00002710         4   data ,l         1
FILE=sqrtf
                                  00002714  00002717         4
  _nan_value
                                  00002714         4   data ,l         1
FILE=xfiles
                                  00002718  000027ef        d8
  __Stdin
                                  00002718        48   data ,g         8
  __Stdout
                                  00002760        48   data ,g         9
  __Stderr
                                  000027a8        48   data ,g         4
FILE=malloc
                                  000027f0  000027f7         8
  __Aldata
                                  000027f0         8   data ,g         3
FILE=sincosfsub
                                  000027f8  00002833        3c
  _sinf_coeff
                                  000027f8        10   data ,l         1
  _cosf_coeff
                                  00002808        10   data ,l         1
  _pi4ptr_table
                                  00002818         c   data ,l         1
  _sub_table
                                  00002824        10   data ,l         1
FILE=xprintf
                                  00002834  00002837         4
  _stderr
                                  00002834         4   data ,g         0
FILE=xctype
                                  00002838  0000283f         8
  __Ctype
                                  00002838         4   data ,g         2
  __Tls_setup__Ctype
                                  0000283c         4   data ,g         1
FILE=xstate
                                  00002840  00002887        48
  __Tls_setup__Mbcurmax
                                  00002840         4   data ,g         1
  __Mbstate
                                  00002844        40   data ,g         2
  __Tls_setup__Mbstate
                                  00002884         4   data ,g         2
FILE=localeco
                                  00002888  000028db        54
  __Locale
                                  00002888        50   data ,g         1
  __Tls_setup__Locale
                                  000028d8         4   data ,g         0
FILE=xwcstate
                                  000028dc  0000291f        44
  __Wcstate
                                  000028dc        40   data ,g         2
  __Tls_setup__Wcstate
                                  0000291c         4   data ,g         2
FILE=xfvalues
                                  00002920  00002997        78
  __FDenorm
                                  00002920        10   data ,g         0
  __FEps
                                  00002930        10   data ,g         0
  __FHugeval
                                  00002940        10   data ,g         0
  __FInf
                                  00002950        10   data ,g         1
  __FNan
                                  00002960        10   data ,g         0
  __FSnan
                                  00002970        10   data ,g         0
  __FRteps
                                  00002980        10   data ,g         0
  __FXbig
                                  00002990         4   data ,g         0
  __FZero
                                  00002994         4   data ,g         0

SECTION=$ADDR_C_FF7FFFE8
FILE=.\r_bsp\board\rdkrx63n\flash_options.obj
                                  ff7fffe8  ff7fffff        18
  _user_boot_settings
                                  ff7fffe8        18   data ,g         0

SECTION=C_1
FILE=.\r_glyph\src\glyph\fonts\font_8x8.obj
                                  fff80000  fff809ff       a00
  _Font8x8_char_0
                                  fff80000         a   data ,g         1
  _Font8x8_char_1
                                  fff8000a         a   data ,g         1
  _Font8x8_char_2
                                  fff80014         a   data ,g         1
  _Font8x8_char_3
                                  fff8001e         a   data ,g         1
  _Font8x8_char_4
                                  fff80028         a   data ,g         1
  _Font8x8_char_5
                                  fff80032         a   data ,g         1
  _Font8x8_char_6
                                  fff8003c         a   data ,g         1
  _Font8x8_char_7
                                  fff80046         a   data ,g         1
  _Font8x8_char_8
                                  fff80050         a   data ,g         1
  _Font8x8_char_9
                                  fff8005a         a   data ,g         1
  _Font8x8_char_10
                                  fff80064         a   data ,g         1
  _Font8x8_char_11
                                  fff8006e         a   data ,g         1
  _Font8x8_char_12
                                  fff80078         a   data ,g         1
  _Font8x8_char_13
                                  fff80082         a   data ,g         1
  _Font8x8_char_14
                                  fff8008c         a   data ,g         1
  _Font8x8_char_15
                                  fff80096         a   data ,g         1
  _Font8x8_char_16
                                  fff800a0         a   data ,g         1
  _Font8x8_char_17
                                  fff800aa         a   data ,g         1
  _Font8x8_char_18
                                  fff800b4         a   data ,g         1
  _Font8x8_char_19
                                  fff800be         a   data ,g         1
  _Font8x8_char_20
                                  fff800c8         a   data ,g         1
  _Font8x8_char_21
                                  fff800d2         a   data ,g         1
  _Font8x8_char_22
                                  fff800dc         a   data ,g         1
  _Font8x8_char_23
                                  fff800e6         a   data ,g         1
  _Font8x8_char_24
                                  fff800f0         a   data ,g         1
  _Font8x8_char_25
                                  fff800fa         a   data ,g         1
  _Font8x8_char_26
                                  fff80104         a   data ,g         1
  _Font8x8_char_27
                                  fff8010e         a   data ,g         1
  _Font8x8_char_28
                                  fff80118         a   data ,g         1
  _Font8x8_char_29
                                  fff80122         a   data ,g         1
  _Font8x8_char_30
                                  fff8012c         a   data ,g         1
  _Font8x8_char_31
                                  fff80136         a   data ,g         1
  _Font8x8_char_32
                                  fff80140         a   data ,g         1
  _Font8x8_char_33
                                  fff8014a         a   data ,g         1
  _Font8x8_char_34
                                  fff80154         a   data ,g         1
  _Font8x8_char_35
                                  fff8015e         a   data ,g         1
  _Font8x8_char_36
                                  fff80168         a   data ,g         1
  _Font8x8_char_37
                                  fff80172         a   data ,g         1
  _Font8x8_char_38
                                  fff8017c         a   data ,g         1
  _Font8x8_char_39
                                  fff80186         a   data ,g         1
  _Font8x8_char_40
                                  fff80190         a   data ,g         1
  _Font8x8_char_41
                                  fff8019a         a   data ,g         1
  _Font8x8_char_42
                                  fff801a4         a   data ,g         1
  _Font8x8_char_43
                                  fff801ae         a   data ,g         1
  _Font8x8_char_44
                                  fff801b8         a   data ,g         1
  _Font8x8_char_45
                                  fff801c2         a   data ,g         1
  _Font8x8_char_46
                                  fff801cc         a   data ,g         1
  _Font8x8_char_47
                                  fff801d6         a   data ,g         1
  _Font8x8_char_48
                                  fff801e0         a   data ,g         1
  _Font8x8_char_49
                                  fff801ea         a   data ,g         1
  _Font8x8_char_50
                                  fff801f4         a   data ,g         1
  _Font8x8_char_51
                                  fff801fe         a   data ,g         1
  _Font8x8_char_52
                                  fff80208         a   data ,g         1
  _Font8x8_char_53
                                  fff80212         a   data ,g         1
  _Font8x8_char_54
                                  fff8021c         a   data ,g         1
  _Font8x8_char_55
                                  fff80226         a   data ,g         1
  _Font8x8_char_56
                                  fff80230         a   data ,g         1
  _Font8x8_char_57
                                  fff8023a         a   data ,g         1
  _Font8x8_char_58
                                  fff80244         a   data ,g         1
  _Font8x8_char_59
                                  fff8024e         a   data ,g         1
  _Font8x8_char_60
                                  fff80258         a   data ,g         1
  _Font8x8_char_61
                                  fff80262         a   data ,g         1
  _Font8x8_char_62
                                  fff8026c         a   data ,g         1
  _Font8x8_char_63
                                  fff80276         a   data ,g         1
  _Font8x8_char_64
                                  fff80280         a   data ,g         1
  _Font8x8_char_65
                                  fff8028a         a   data ,g         1
  _Font8x8_char_66
                                  fff80294         a   data ,g         1
  _Font8x8_char_67
                                  fff8029e         a   data ,g         1
  _Font8x8_char_68
                                  fff802a8         a   data ,g         1
  _Font8x8_char_69
                                  fff802b2         a   data ,g         1
  _Font8x8_char_70
                                  fff802bc         a   data ,g         1
  _Font8x8_char_71
                                  fff802c6         a   data ,g         1
  _Font8x8_char_72
                                  fff802d0         a   data ,g         1
  _Font8x8_char_73
                                  fff802da         a   data ,g         1
  _Font8x8_char_74
                                  fff802e4         a   data ,g         1
  _Font8x8_char_75
                                  fff802ee         a   data ,g         1
  _Font8x8_char_76
                                  fff802f8         a   data ,g         1
  _Font8x8_char_77
                                  fff80302         a   data ,g         1
  _Font8x8_char_78
                                  fff8030c         a   data ,g         1
  _Font8x8_char_79
                                  fff80316         a   data ,g         1
  _Font8x8_char_80
                                  fff80320         a   data ,g         1
  _Font8x8_char_81
                                  fff8032a         a   data ,g         1
  _Font8x8_char_82
                                  fff80334         a   data ,g         1
  _Font8x8_char_83
                                  fff8033e         a   data ,g         1
  _Font8x8_char_84
                                  fff80348         a   data ,g         1
  _Font8x8_char_85
                                  fff80352         a   data ,g         1
  _Font8x8_char_86
                                  fff8035c         a   data ,g         1
  _Font8x8_char_87
                                  fff80366         a   data ,g         1
  _Font8x8_char_88
                                  fff80370         a   data ,g         1
  _Font8x8_char_89
                                  fff8037a         a   data ,g         1
  _Font8x8_char_90
                                  fff80384         a   data ,g         1
  _Font8x8_char_91
                                  fff8038e         a   data ,g         1
  _Font8x8_char_92
                                  fff80398         a   data ,g         1
  _Font8x8_char_93
                                  fff803a2         a   data ,g         1
  _Font8x8_char_94
                                  fff803ac         a   data ,g         1
  _Font8x8_char_95
                                  fff803b6         a   data ,g         1
  _Font8x8_char_96
                                  fff803c0         a   data ,g         1
  _Font8x8_char_97
                                  fff803ca         a   data ,g         1
  _Font8x8_char_98
                                  fff803d4         a   data ,g         1
  _Font8x8_char_99
                                  fff803de         a   data ,g         1
  _Font8x8_char_100
                                  fff803e8         a   data ,g         1
  _Font8x8_char_101
                                  fff803f2         a   data ,g         1
  _Font8x8_char_102
                                  fff803fc         a   data ,g         1
  _Font8x8_char_103
                                  fff80406         a   data ,g         1
  _Font8x8_char_104
                                  fff80410         a   data ,g         1
  _Font8x8_char_105
                                  fff8041a         a   data ,g         1
  _Font8x8_char_106
                                  fff80424         a   data ,g         1
  _Font8x8_char_107
                                  fff8042e         a   data ,g         1
  _Font8x8_char_108
                                  fff80438         a   data ,g         1
  _Font8x8_char_109
                                  fff80442         a   data ,g         1
  _Font8x8_char_110
                                  fff8044c         a   data ,g         1
  _Font8x8_char_111
                                  fff80456         a   data ,g         1
  _Font8x8_char_112
                                  fff80460         a   data ,g         1
  _Font8x8_char_113
                                  fff8046a         a   data ,g         1
  _Font8x8_char_114
                                  fff80474         a   data ,g         1
  _Font8x8_char_115
                                  fff8047e         a   data ,g         1
  _Font8x8_char_116
                                  fff80488         a   data ,g         1
  _Font8x8_char_117
                                  fff80492         a   data ,g         1
  _Font8x8_char_118
                                  fff8049c         a   data ,g         1
  _Font8x8_char_119
                                  fff804a6         a   data ,g         1
  _Font8x8_char_120
                                  fff804b0         a   data ,g         1
  _Font8x8_char_121
                                  fff804ba         a   data ,g         1
  _Font8x8_char_122
                                  fff804c4         a   data ,g         1
  _Font8x8_char_123
                                  fff804ce         a   data ,g         1
  _Font8x8_char_124
                                  fff804d8         a   data ,g         1
  _Font8x8_char_125
                                  fff804e2         a   data ,g         1
  _Font8x8_char_126
                                  fff804ec         a   data ,g         1
  _Font8x8_char_127
                                  fff804f6         a   data ,g         1
  _Font8x8_char_128
                                  fff80500         a   data ,g         1
  _Font8x8_char_129
                                  fff8050a         a   data ,g         1
  _Font8x8_char_130
                                  fff80514         a   data ,g         1
  _Font8x8_char_131
                                  fff8051e         a   data ,g         1
  _Font8x8_char_132
                                  fff80528         a   data ,g         1
  _Font8x8_char_133
                                  fff80532         a   data ,g         1
  _Font8x8_char_134
                                  fff8053c         a   data ,g         1
  _Font8x8_char_135
                                  fff80546         a   data ,g         1
  _Font8x8_char_136
                                  fff80550         a   data ,g         1
  _Font8x8_char_137
                                  fff8055a         a   data ,g         1
  _Font8x8_char_138
                                  fff80564         a   data ,g         1
  _Font8x8_char_139
                                  fff8056e         a   data ,g         1
  _Font8x8_char_140
                                  fff80578         a   data ,g         1
  _Font8x8_char_141
                                  fff80582         a   data ,g         1
  _Font8x8_char_142
                                  fff8058c         a   data ,g         1
  _Font8x8_char_143
                                  fff80596         a   data ,g         1
  _Font8x8_char_144
                                  fff805a0         a   data ,g         1
  _Font8x8_char_145
                                  fff805aa         a   data ,g         1
  _Font8x8_char_146
                                  fff805b4         a   data ,g         1
  _Font8x8_char_147
                                  fff805be         a   data ,g         1
  _Font8x8_char_148
                                  fff805c8         a   data ,g         1
  _Font8x8_char_149
                                  fff805d2         a   data ,g         1
  _Font8x8_char_150
                                  fff805dc         a   data ,g         1
  _Font8x8_char_151
                                  fff805e6         a   data ,g         1
  _Font8x8_char_152
                                  fff805f0         a   data ,g         1
  _Font8x8_char_153
                                  fff805fa         a   data ,g         1
  _Font8x8_char_154
                                  fff80604         a   data ,g         1
  _Font8x8_char_155
                                  fff8060e         a   data ,g         1
  _Font8x8_char_156
                                  fff80618         a   data ,g         1
  _Font8x8_char_157
                                  fff80622         a   data ,g         1
  _Font8x8_char_158
                                  fff8062c         a   data ,g         1
  _Font8x8_char_159
                                  fff80636         a   data ,g         1
  _Font8x8_char_160
                                  fff80640         a   data ,g         1
  _Font8x8_char_161
                                  fff8064a         a   data ,g         1
  _Font8x8_char_162
                                  fff80654         a   data ,g         1
  _Font8x8_char_163
                                  fff8065e         a   data ,g         1
  _Font8x8_char_164
                                  fff80668         a   data ,g         1
  _Font8x8_char_165
                                  fff80672         a   data ,g         1
  _Font8x8_char_166
                                  fff8067c         a   data ,g         1
  _Font8x8_char_167
                                  fff80686         a   data ,g         1
  _Font8x8_char_168
                                  fff80690         a   data ,g         1
  _Font8x8_char_169
                                  fff8069a         a   data ,g         1
  _Font8x8_char_170
                                  fff806a4         a   data ,g         1
  _Font8x8_char_171
                                  fff806ae         a   data ,g         1
  _Font8x8_char_172
                                  fff806b8         a   data ,g         1
  _Font8x8_char_173
                                  fff806c2         a   data ,g         1
  _Font8x8_char_174
                                  fff806cc         a   data ,g         1
  _Font8x8_char_175
                                  fff806d6         a   data ,g         1
  _Font8x8_char_176
                                  fff806e0         a   data ,g         1
  _Font8x8_char_177
                                  fff806ea         a   data ,g         1
  _Font8x8_char_178
                                  fff806f4         a   data ,g         1
  _Font8x8_char_179
                                  fff806fe         a   data ,g         1
  _Font8x8_char_180
                                  fff80708         a   data ,g         1
  _Font8x8_char_181
                                  fff80712         a   data ,g         1
  _Font8x8_char_182
                                  fff8071c         a   data ,g         1
  _Font8x8_char_183
                                  fff80726         a   data ,g         1
  _Font8x8_char_184
                                  fff80730         a   data ,g         1
  _Font8x8_char_185
                                  fff8073a         a   data ,g         1
  _Font8x8_char_186
                                  fff80744         a   data ,g         1
  _Font8x8_char_187
                                  fff8074e         a   data ,g         1
  _Font8x8_char_188
                                  fff80758         a   data ,g         1
  _Font8x8_char_189
                                  fff80762         a   data ,g         1
  _Font8x8_char_190
                                  fff8076c         a   data ,g         1
  _Font8x8_char_191
                                  fff80776         a   data ,g         1
  _Font8x8_char_192
                                  fff80780         a   data ,g         1
  _Font8x8_char_193
                                  fff8078a         a   data ,g         1
  _Font8x8_char_194
                                  fff80794         a   data ,g         1
  _Font8x8_char_195
                                  fff8079e         a   data ,g         1
  _Font8x8_char_196
                                  fff807a8         a   data ,g         1
  _Font8x8_char_197
                                  fff807b2         a   data ,g         1
  _Font8x8_char_198
                                  fff807bc         a   data ,g         1
  _Font8x8_char_199
                                  fff807c6         a   data ,g         1
  _Font8x8_char_200
                                  fff807d0         a   data ,g         1
  _Font8x8_char_201
                                  fff807da         a   data ,g         1
  _Font8x8_char_202
                                  fff807e4         a   data ,g         1
  _Font8x8_char_203
                                  fff807ee         a   data ,g         1
  _Font8x8_char_204
                                  fff807f8         a   data ,g         1
  _Font8x8_char_205
                                  fff80802         a   data ,g         1
  _Font8x8_char_206
                                  fff8080c         a   data ,g         1
  _Font8x8_char_207
                                  fff80816         a   data ,g         1
  _Font8x8_char_208
                                  fff80820         a   data ,g         1
  _Font8x8_char_209
                                  fff8082a         a   data ,g         1
  _Font8x8_char_210
                                  fff80834         a   data ,g         1
  _Font8x8_char_211
                                  fff8083e         a   data ,g         1
  _Font8x8_char_212
                                  fff80848         a   data ,g         1
  _Font8x8_char_213
                                  fff80852         a   data ,g         1
  _Font8x8_char_214
                                  fff8085c         a   data ,g         1
  _Font8x8_char_215
                                  fff80866         a   data ,g         1
  _Font8x8_char_216
                                  fff80870         a   data ,g         1
  _Font8x8_char_217
                                  fff8087a         a   data ,g         1
  _Font8x8_char_218
                                  fff80884         a   data ,g         1
  _Font8x8_char_219
                                  fff8088e         a   data ,g         1
  _Font8x8_char_220
                                  fff80898         a   data ,g         1
  _Font8x8_char_221
                                  fff808a2         a   data ,g         1
  _Font8x8_char_222
                                  fff808ac         a   data ,g         1
  _Font8x8_char_223
                                  fff808b6         a   data ,g         1
  _Font8x8_char_224
                                  fff808c0         a   data ,g         1
  _Font8x8_char_225
                                  fff808ca         a   data ,g         1
  _Font8x8_char_226
                                  fff808d4         a   data ,g         1
  _Font8x8_char_227
                                  fff808de         a   data ,g         1
  _Font8x8_char_228
                                  fff808e8         a   data ,g         1
  _Font8x8_char_229
                                  fff808f2         a   data ,g         1
  _Font8x8_char_230
                                  fff808fc         a   data ,g         1
  _Font8x8_char_231
                                  fff80906         a   data ,g         1
  _Font8x8_char_232
                                  fff80910         a   data ,g         1
  _Font8x8_char_233
                                  fff8091a         a   data ,g         1
  _Font8x8_char_234
                                  fff80924         a   data ,g         1
  _Font8x8_char_235
                                  fff8092e         a   data ,g         1
  _Font8x8_char_236
                                  fff80938         a   data ,g         1
  _Font8x8_char_237
                                  fff80942         a   data ,g         1
  _Font8x8_char_238
                                  fff8094c         a   data ,g         1
  _Font8x8_char_239
                                  fff80956         a   data ,g         1
  _Font8x8_char_240
                                  fff80960         a   data ,g         1
  _Font8x8_char_241
                                  fff8096a         a   data ,g         1
  _Font8x8_char_242
                                  fff80974         a   data ,g         1
  _Font8x8_char_243
                                  fff8097e         a   data ,g         1
  _Font8x8_char_244
                                  fff80988         a   data ,g         1
  _Font8x8_char_245
                                  fff80992         a   data ,g         1
  _Font8x8_char_246
                                  fff8099c         a   data ,g         1
  _Font8x8_char_247
                                  fff809a6         a   data ,g         1
  _Font8x8_char_248
                                  fff809b0         a   data ,g         1
  _Font8x8_char_249
                                  fff809ba         a   data ,g         1
  _Font8x8_char_250
                                  fff809c4         a   data ,g         1
  _Font8x8_char_251
                                  fff809ce         a   data ,g         1
  _Font8x8_char_252
                                  fff809d8         a   data ,g         1
  _Font8x8_char_253
                                  fff809e2         a   data ,g         1
  _Font8x8_char_254
                                  fff809ec         a   data ,g         1
  _Font8x8_char_255
                                  fff809f6         a   data ,g         1
FILE=xprintf
                                  fff80a00  fff80a09         a
  _fchar$1
                                  fff80a00         a   data ,l         1
FILE=xputtxt
                                  fff80a0a  fff80aae        a5
  _spaces
                                  fff80a0a        21   data ,l         1
  _zeroes
                                  fff80a2b        21   data ,l         1
  _asterisk
                                  fff80a4c        21   data ,l         1
  _plus
                                  fff80a6d        21   data ,l         1
  _minus
                                  fff80a8e        21   data ,l         1
FILE=xlitob
                                  fff80aaf  fff80ad0        22
  _ldigs
                                  fff80aaf        11   data ,l         1
  _udigs
                                  fff80ac0        11   data ,l         1
FILE=localeco
                                  fff80ad1  fff80ad1         1
  _null
                                  fff80ad1         1   data ,l         d

SECTION=C_2
FILE=xctype
                                  fff80ad2  fff80cd3       202
  _ctyp_tab
                                  fff80ad2       202   data ,l         1

SECTION=C
FILE=.\src\Ducted_Drivers\Kalman.obj
                                  fff80cd4  fff80cdf         c
  _Q_angle
                                  fff80cd4         4   data ,g         0
  _Q_bias
                                  fff80cd8         4   data ,g         0
  _R_measure
                                  fff80cdc         4   data ,g         0
FILE=.\r_bsp\board\rdkrx63n\dbsct.obj
                                  fff80ce0  fff80cf7        18
  __CTBL
                                  fff80ce0        18   data ,g         0
FILE=.\r_bsp\board\rdkrx63n\lowsrc.obj
                                  fff80cf8  fff80cfb         4
  __nfiles
                                  fff80cf8         4   data ,g         3
FILE=atanf
                                  fff80cfc  fff80d13        18
  _const_tbl
                                  fff80cfc        18   data ,l         1
FILE=asincosfsub
                                  fff80d14  fff80d3f        2c
  ___asincosf_const_tbl
                                  fff80d14         8   data ,g         1
  ___asinf_coeff
                                  fff80d1c        24   data ,g         1
FILE=xfoprep
                                  fff80d40  fff80d87        48
  _init$1
                                  fff80d40        48   data ,l         1
FILE=xprintf
                                  fff80d88  fff80d9f        18
  _fbit$2
                                  fff80d88        18   data ,l         1
FILE=_sbrk_si
                                  fff80da0  fff80da3         4
  __sbrk_size
                                  fff80da0         4   data ,g         1
FILE=_in_exps
                                  fff80da4  fff80ddb        38
  _exp_lcoef$2
                                  fff80da4        1c   data ,l         1
  _exp_hcoef$1
                                  fff80dc0        1c   data ,l         1
FILE=_in_logs
                                  fff80ddc  fff80dfb        20
  _log_coef$3
                                  fff80ddc        20   data ,l         1
FILE=consts
                                  fff80dfc  fff80e53        58
  __IFZEROS
                                  fff80dfc         4   data ,g         5
  __IFONES
                                  fff80e00         4   data ,g         4
  __HALFS
                                  fff80e04         4   data ,g         1
  __QUOTS
                                  fff80e08         4   data ,g         0
  __TWOS
                                  fff80e0c         4   data ,g         0
  __FOURS
                                  fff80e10         4   data ,g         0
  __PAIS
                                  fff80e14         4   data ,g         1
  __2PAIS
                                  fff80e18         4   data ,g         0
  __HLFPAIS
                                  fff80e1c         4   data ,g         1
  __QUOPAIS
                                  fff80e20         4   data ,g         1
  __LOGE2S
                                  fff80e24         4   data ,g         2
  __NIFZEROS
                                  fff80e28         4   data ,g         1
  __NIFONES
                                  fff80e2c         4   data ,g         2
  __NHALFS
                                  fff80e30         4   data ,g         1
  __NQUOTS
                                  fff80e34         4   data ,g         1
  __NTWOS
                                  fff80e38         4   data ,g         0
  __NFOURS
                                  fff80e3c         4   data ,g         0
  __NPAIS
                                  fff80e40         4   data ,g         1
  __N2PAIS
                                  fff80e44         4   data ,g         0
  __NHLFPAIS
                                  fff80e48         4   data ,g         0
  __NQUOPAIS
                                  fff80e4c         4   data ,g         0
  __NLOGE2S
                                  fff80e50         4   data ,g         0
FILE=_const
                                  fff80e54  fff80e77        24
  __IFNAND
                                  fff80e54         0   none ,g         0
  __IFINFD
                                  fff80e5c         0   none ,g         0
  __NIFINFD
                                  fff80e64         0   none ,g         0
  __IFNANS
                                  fff80e6c         0   none ,g         6
  __IFINFS
                                  fff80e70         0   none ,g         3
  __NIFINFS
                                  fff80e74         0   none ,g         2
FILE=xfopen
                                  fff80e78  fff80e87        10
  _rwacc$1
                                  fff80e78        10   data ,l         1
FILE=_a_atans
                                  fff80e88  fff80e9f        18
  _atan_coef$1
                                  fff80e88        18   data ,l         1
FILE=xldtob
                                  fff80ea0  fff80eb7        18
  _pows
                                  fff80ea0        18   data ,l         1
FILE=floatval
                                  fff80eb8  fff80edf        28
  __FLT_MAX_VAL
                                  fff80eb8         0   none ,g         1
  __FLT_MIN_VAL
                                  fff80ebc         0   none ,g         0
  __DBL_MAX_VAL
                                  fff80ec0         0   none ,g         0
  __DBL_MIN_VAL
                                  fff80ec8         0   none ,g         0
  __LDBL_MAX_VAL
                                  fff80ed0         0   none ,g         0
  __LDBL_MIN_VAL
                                  fff80ed8         0   none ,g         0

SECTION=C$DSEC
FILE=.\r_bsp\board\rdkrx63n\dbsct.obj
                                  fff80ee0  fff80f03        24
  __DTBL
                                  fff80ee0        24   data ,g         0

SECTION=C$BSEC
FILE=.\r_bsp\board\rdkrx63n\dbsct.obj
                                  fff80f04  fff80f1b        18
  __BTBL
                                  fff80f04        18   data ,g         0

SECTION=C$VECT
FILE=.\r_bsp\board\rdkrx63n\resetprg.obj
                                  fff80f1c  fff8131b       400

SECTION=L
FILE=.\src\main.obj
                                  fff8131c  fff81361        46
FILE=.\src\Ducted_Drivers\MPU6050.obj
                                  fff81364  fff813d7        74
FILE=.\src\Ducted_Drivers\MS5611-01BA01.obj
                                  fff813d8  fff8141b        44
FILE=.\r_glyph\src\glyph\glyph.obj
                                  fff8141c  fff8144d        32
FILE=.\r_bsp\board\rdkrx63n\dbsct.obj
                                  fff81450  fff81453         4
  _deadSpace
                                  fff81450         4   data ,g         0
FILE=.\r_bsp\board\rdkrx63n\lowsrc.obj
                                  fff81454  fff81495        42
FILE=xprintf
                                  fff81498  fff8149e         7
FILE=xldtob
                                  fff814a0  fff814c1        22
FILE=xgenld
                                  fff814c4  fff814c5         2
FILE=localeco
                                  fff814c8  fff814d4         d

SECTION=D
FILE=.\src\main.obj
                                  fff814d8  fff814df         8
FILE=.\src\LowLevelDrivers\CMT.obj
                                  fff814e0  fff814e3         4
FILE=.\src\Ducted_Drivers\AHRS.obj
                                  fff814e4  fff814f7        14
FILE=.\src\Ducted_Drivers\AHRS_Mahony.obj
                                  fff814f8  fff8151b        24
FILE=.\src\Ducted_Drivers\HMC5883L.obj
                                  fff8151c  fff8152b        10
FILE=.\src\Ducted_Drivers\MPU6050.obj
                                  fff8152c  fff8153b        10
FILE=.\src\Ducted_Drivers\Sonar.obj
                                  fff8153c  fff8153f         4
FILE=.\r_rspi_rx600\src\r_rspi_rx600.obj
                                  fff81540  fff8155b        1c
FILE=.\r_riic_rx600\src\r_riic_rx600.obj
                                  fff8155c  fff81577        1c
FILE=.\r_glyph\src\glyph\fonts\font_8x8.obj
                                  fff81578  fff81977       400
FILE=.\r_bsp\board\rdkrx63n\lowsrc.obj
                                  fff81978  fff8198b        14
FILE=.\r_bsp\board\rdkrx63n\sbrk.obj
                                  fff8198c  fff8198f         4
FILE=sqrtf
                                  fff81990  fff81993         4
FILE=xfiles
                                  fff81994  fff81a6b        d8
FILE=malloc
                                  fff81a6c  fff81a73         8
FILE=sincosfsub
                                  fff81a74  fff81aaf        3c
FILE=xprintf
                                  fff81ab0  fff81ab3         4
FILE=xctype
                                  fff81ab4  fff81abb         8
FILE=xstate
                                  fff81abc  fff81b03        48
FILE=localeco
                                  fff81b04  fff81b57        54
FILE=xwcstate
                                  fff81b58  fff81b9b        44
FILE=xfvalues
                                  fff81b9c  fff81c13        78

SECTION=D_1
FILE=.\src\Ducted_Drivers\HMC5883L.obj
                                  fff81c14  fff81c21         e
FILE=.\src\Ducted_Drivers\MPU6050.obj
                                  fff81c22  fff81c27         6
FILE=.\r_rspi_rx600\src\r_rspi_rx600.obj
                                  fff81c28  fff81c2a         3
FILE=.\r_riic_rx600\src\r_riic_rx600.obj
                                  fff81c2b  fff81c2e         4
FILE=xfiles
                                  fff81c2f  fff81c7e        50
FILE=xstate
                                  fff81c7f  fff81c7f         1

SECTION=D_2
FILE=.\src\Ducted_Drivers\Sonar.obj
                                  fff81c80  fff81c81         2
FILE=sqrtf
                                  fff81c82  fff81c8f         e

SECTION=P
FILE=.\src\S12ADC.obj
                                  fff81c90  fff81d09        7a
  _S12ADC_init
                                  fff81c90        55   func ,g         1
  _S12ADC_start
                                  fff81ce5         8   func ,g         2
  _S12ADC_conversion_complete
                                  fff81ced         d   func ,g         2
  _S12ADC_read_AN002
                                  fff81cfa         8   func ,g         2
  _S12ADC_read_AN003
                                  fff81d02         8   func ,g         4
FILE=.\src\main.obj
                                  fff81d0a  fff8236d       664
  _map
                                  fff81d0a        15   func ,g         0
  _lcd_buffer_print
                                  fff81d1f        3c   func ,g         4
  _lcd_buffer_clear
                                  fff81d5b        23   func ,g         0
  _lcd_buffer_flush
                                  fff81d7e        20   func ,g         2
  _main
                                  fff81d9e       13f   func ,g         1
  _Setup
                                  fff81edd       167   func ,g         1
  _Callback_1ms
                                  fff82044        ac   func ,g         0
  _Callback_5ms
                                  fff820f0        1b   func ,g         0
  _Callback_10ms
                                  fff8210b         d   func ,g         0
  _Callback_20ms
                                  fff82118       1ed   func ,g         1
  _Callback_50ms
                                  fff82305         c   func ,g         0
  _Callback_100ms
                                  fff82311         1   func ,g         0
  _Callback_500ms
                                  fff82312         1   func ,g         0
  _Callback_1000ms
                                  fff82313         3   func ,g         0
  _Fallback
                                  fff82316        52   func ,g         2
  _Sonar_Fallback
                                  fff82368         6   func ,g         1
FILE=.\src\LowLevelDrivers\MTU2a\MTU_C3.obj
                                  fff8236e  fff82441        d4
  _Set_MTU_U0_C3
                                  fff8236e        66   func ,g         1
  _StartCount_MTU_U0_C3
                                  fff823d4        11   func ,g         1
  _HaltCount_MTU_U0_C3
                                  fff823e5        11   func ,g         1
  _GetTGR_A_MTU_U0_C3
                                  fff823f6         8   func ,g         1
  _SetTGR_A_MTU_U0_C3
                                  fff823fe        11   func ,g         0
  _SetTGR_B_MTU_U0_C3
                                  fff8240f        11   func ,g         1
  _SetTGR_C_MTU_U0_C3
                                  fff82420        11   func ,g         0
  _SetTGR_D_MTU_U0_C3
                                  fff82431        11   func ,g         1
FILE=.\src\LowLevelDrivers\MTU2a\MTU_C4.obj
                                  fff82442  fff82515        d4
  _Set_MTU_U0_C4
                                  fff82442        66   func ,g         1
  _StartCount_MTU_U0_C4
                                  fff824a8        11   func ,g         1
  _HaltCount_MTU_U0_C4
                                  fff824b9        11   func ,g         1
  _GetTGR_A_MTU_U0_C4
                                  fff824ca         8   func ,g         1
  _SetTGR_A_MTU_U0_C4
                                  fff824d2        11   func ,g         0
  _SetTGR_B_MTU_U0_C4
                                  fff824e3        11   func ,g         1
  _SetTGR_C_MTU_U0_C4
                                  fff824f4        11   func ,g         0
  _SetTGR_D_MTU_U0_C4
                                  fff82505        11   func ,g         1
FILE=.\src\LowLevelDrivers\MTU2a\MTU_C5.obj
                                  fff82516  fff825ba        a5
  _MTU5U_Start
                                  fff82516        19   func ,g         1
  _MTU5U_Stop
                                  fff8252f        19   func ,g         2
  _MTU5U_Setup
                                  fff82548        63   func ,g         1
  _MTU5U_SetTimerCounter
                                  fff825ab         8   func ,g         0
  _MTU5U_GetTimerCounter
                                  fff825b3         8   func ,g         2
FILE=.\src\LowLevelDrivers\CMT.obj
                                  fff825bb  fff826d6       11c
  _CMT_init
                                  fff825bb        51   func ,g         1
  _ms_delay
                                  fff8260c        11   func ,g         4
  _getTime
                                  fff8261d         9   func ,g         0
  _CMT_isr
                                  fff82626        b1   func ,l         0
FILE=.\src\LowLevelDrivers\I2C.obj
                                  fff826d7  fff826f6        20
  _riic_master_init
                                  fff826d7        20   func ,g         1
FILE=.\src\Ducted_Drivers\AHRS.obj
                                  fff826f7  fff83575       e7f
  _MadgwickAHRSupdate
                                  fff826f7       9f1   func ,g         1
  _MadgwickAHRSupdateIMU
                                  fff830e8       35e   func ,g         0
  _invSqrt
                                  fff83446        27   func ,g         0
  _get_Angle_AHRS
                                  fff8346d       109   func ,g         1
FILE=.\src\Ducted_Drivers\AHRS_Mahony.obj
                                  fff83576  fff8406d       af8
  _MahonyAHRSupdate
                                  fff83576       70a   func ,g         1
  _MahonyAHRSupdateIMU
                                  fff83c80       29a   func ,g         0
  _inversSqrt
                                  fff83f1a        27   func ,g         0
  _get_Angle_AHRS_Mahony
                                  fff83f41       12d   func ,g         0
FILE=.\src\Ducted_Drivers\AverageFilter.obj
                                  fff8406e  fff840c2        55
  _Init_AVG
                                  fff8406e        14   func ,g         2
  _Compute_AVG
                                  fff84082        41   func ,g         2
FILE=.\src\Ducted_Drivers\HMC5883L.obj
                                  fff840c3  fff84535       473
  _Get_Mag_Value
                                  fff840c3        c1   func ,g         1
  _Get_Mag_Value_Normalized
                                  fff84184        90   func ,g         2
  _Get_Mag_Heading
                                  fff84214        3c   func ,g         0
  _Setup_HMC5883L
                                  fff84250       1df   func ,g         1
  _IMU_write_AUXMASTER
                                  fff8442f        83   func ,g         1
  _Get_Mag_Heading_Compensated
                                  fff844b2        84   func ,g         0
FILE=.\src\Ducted_Drivers\IMU_write_read.obj
                                  fff84536  fff84589        54
  _IMU_write
                                  fff84536        28   func ,g        2a
  _IMU_read
                                  fff8455e        2c   func ,g        20
FILE=.\src\Ducted_Drivers\Kalman.obj
                                  fff8458a  fff846a7       11e
  _init_Kalman
                                  fff8458a        61   func ,g         1
  _getAngle
                                  fff845eb        b7   func ,g         2
  _setAngle
                                  fff846a2         3   func ,g         0
  _getRate
                                  fff846a5         3   func ,g         0
FILE=.\src\Ducted_Drivers\MPU6050.obj
                                  fff846a8  fff84f50       8a9
  _MPU6050_Test_I2C
                                  fff846a8        45   func ,g         1
  _Setup_MPU6050
                                  fff846ed       19b   func ,g         1
  _Calibrate_Accel
                                  fff84888        9c   func ,g         0
  _Get_Accel_Values
                                  fff84924        c1   func ,g         2
  _Get_Accel_Gravity_Power
                                  fff849e5        9f   func ,g         2
  _Get_Accel_Angles
                                  fff84a84        5e   func ,g         1
  _Calibrate_Gyros
                                  fff84ae2       2df   func ,g         1
  _Get_Gyro_Value
                                  fff84dc1        f1   func ,g         1
  _Get_Gyro_Rates
                                  fff84eb2        9f   func ,g         1
FILE=.\src\Ducted_Drivers\MS5611-01BA01.obj
                                  fff84f51  fff852ea       39a
  _MS5611_Init
                                  fff84f51         c   func ,g         0
  _MS5611_Reset
                                  fff84f5d        40   func ,g         1
  _MS5611_Convert_Dx
                                  fff84f9d        60   func ,g         0
  _MS5611_Read_Prom
                                  fff84ffd        52   func ,g         1
  _MS5611_Read_Coef
                                  fff8504f        2b   func ,g         1
  _MS5611_Read_PT
                                  fff8507a       271   func ,g         0
FILE=.\src\Ducted_Drivers\Motor.obj
                                  fff852eb  fff853a0        b6
  _Motors_Init
                                  fff852eb         4   func ,g         1
  _Motors_On
                                  fff852ef         4   func ,g         1
  _Motor_Arm
                                  fff852f3        11   func ,g         2
  _Motor_Write_PWM
                                  fff85304        80   func ,g         1
  _Motor_Write_us
                                  fff85384        19   func ,g         9
  _Motors_Off
                                  fff8539d         4   func ,g         3
FILE=.\src\Ducted_Drivers\PID.obj
                                  fff853a1  fff8541d        7d
  _PID_Init
                                  fff853a1        1d   func ,g         3
  _PID_Compute
                                  fff853be        60   func ,g         3
FILE=.\src\Ducted_Drivers\Servo.obj
                                  fff8541e  fff85546       129
  _Servos_Init
                                  fff8541e        20   func ,g         1
  _Servos_Off
                                  fff8543e         4   func ,g         3
  _Servo_Write_PWM
                                  fff85442        84   func ,g         2
  _Servo_Write_us
                                  fff854c6        19   func ,g         0
  _Servo_Write_deg
                                  fff854df        68   func ,g         a
FILE=.\src\Ducted_Drivers\Sonar.obj
                                  fff85547  fff8564c       106
  _sonarInitialize
                                  fff85547        56   func ,g         1
  _sonarGetState
                                  fff8559d         9   func ,g         6
  _sonarTriggerStart
                                  fff855a6        1e   func ,g         2
  _sonarTriggerStop
                                  fff855c4        1e   func ,g         2
  _sonarEchoCountStart
                                  fff855e2         e   func ,g         2
  _sonarEchoCountStop
                                  fff855f0        1a   func ,g         1
  _sonarGetDistance
                                  fff8560a        20   func ,g         2
  _sonarEchoISR
                                  fff8562a        23   func ,l         0
FILE=.\src\Ducted_Drivers\WatchDogTimer.obj
                                  fff8564d  fff85684        38
  _WDT_Init
                                  fff8564d        19   func ,g         2
  _WDT_Increase
                                  fff85666        17   func ,g         3
  _WDT_Reset
                                  fff8567d         4   func ,g         3
  _WDT_Start
                                  fff85681         4   func ,g         2
FILE=.\r_rspi_rx600\src\r_rspi_rx600.obj
                                  fff85685  fff85b03       47f
  _R_RSPI_Init
                                  fff85685       1c7   func ,g         2
  _R_RSPI_Select
                                  fff8584c        4f   func ,g         1
  _R_RSPI_Deselect
                                  fff8589b        4f   func ,g         1
  _R_RSPI_BaudRateSet
                                  fff858ea        1e   func ,g         0
  _R_RSPI_SendReceive
                                  fff85908        9e   func ,g         0
  _R_RSPI_Read
                                  fff859a6        80   func ,g         0
  _R_RSPI_Write
                                  fff85a26        80   func ,g         1
  _R_RSPI_Lock
                                  fff85aa6        38   func ,g         1
  _R_RSPI_Unlock
                                  fff85ade        17   func ,g         1
  _R_RSPI_CheckLock
                                  fff85af5         f   func ,g         0
FILE=.\r_riic_rx600\src\r_riic_rx600.obj
                                  fff85b04  fff85fd6       4d3
  _R_RIIC_Init
                                  fff85b04       312   func ,g         1
  _R_RIIC_ReleaseChannel
                                  fff85e16        15   func ,g         0
  _R_RIIC_Reset
                                  fff85e2b       161   func ,g         0
  _riic_lock
                                  fff85f8c        3d   func ,g         4
  _riic_unlock
                                  fff85fc9         e   func ,g        12
FILE=.\r_riic_rx600\src\r_riic_rx600_master.obj
                                  fff85fd7  fff866d9       703
  _R_RIIC_MasterTransmitHead
                                  fff85fd7       19c   func ,g         2
  _R_RIIC_MasterTransmit
                                  fff86173       1a5   func ,g         1
  _R_RIIC_MasterReceive
                                  fff86318       223   func ,g         1
  _nack_detected
                                  fff8653b        5a   func ,l         8
  _wait_for_status
                                  fff86595       145   func ,l        15
FILE=.\r_glyph\src\r_glyph.obj
                                  fff866da  fff86780        a7
  _R_GLYPH_Open
                                  fff866da        46   func ,g         1
  _R_GLYPH_CommandSend
                                  fff86720         8   func ,g         1
  _R_GLYPH_DataSend
                                  fff86728         9   func ,g         1
  _glyph_send_byte
                                  fff86731        50   func ,g         2
FILE=.\r_glyph\src\r_glyph_register.obj
                                  fff86781  fff867de        5e
  _GlyphCommOpen
                                  fff86781        2c   func ,g         1
  _GlyphLCDOpen
                                  fff867ad        32   func ,g         1
FILE=.\r_glyph\src\glyph\glyph.obj
                                  fff867df  fff86ae3       305
  _GlyphOpen
                                  fff867df        4c   func ,g         1
  _GlyphClose
                                  fff8682b        40   func ,g         0
  _GlyphWrite
                                  fff8686b         7   func ,g         0
  _GlyphRead
                                  fff86872         7   func ,g         0
  _GlyphGetStatus
                                  fff86879         b   func ,g         0
  _GlyphSetX
                                  fff86884         b   func ,g         0
  _GlyphSetY
                                  fff8688f         b   func ,g         0
  _GlyphSetXY
                                  fff8689a        25   func ,g         1
  _GlyphGetXY
                                  fff868bf        25   func ,g         0
  _GlyphSetFont
                                  fff868e4         b   func ,g         1
  _GlyphGetFont
                                  fff868ef         b   func ,g         0
  _GlyphSetDrawMode
                                  fff868fa         b   func ,g         5
  _GlyphChar
                                  fff86905         b   func ,g         0
  _GlyphString
                                  fff86910        24   func ,g         1
  _GlyphGetVersionInfo
                                  fff86934        b6   func ,g         0
  _GlyphClearScreen
                                  fff869ea         b   func ,g         2
  _GlyphInvertScreen
                                  fff869f5         5   func ,g         0
  _GlyphNormalScreen
                                  fff869fa         5   func ,g         1
  _GlyphSleep
                                  fff869ff         5   func ,g         0
  _GlyphWake
                                  fff86a04         5   func ,g         0
  _GlyphDrawTestPattern
                                  fff86a09         5   func ,g         0
  _GlyphDrawBlock
                                  fff86a0e        5f   func ,g         0
  _GlyphEraseBlock
                                  fff86a6d        5f   func ,g         1
  _GlyphSetContrast
                                  fff86acc         c   func ,g         0
  _GlyphSetContrastBoost
                                  fff86ad8         c   func ,g         0
FILE=.\r_glyph\src\glyph\drivers\st7579_lcd.obj
                                  fff86ae4  fff873c6       8e3
  _ST7579_Open
                                  fff86ae4        96   func ,g         1
  _ST7579_Close
                                  fff86b7a         3   func ,g         1
  _ST7579_Write
                                  fff86b7d       51b   func ,g         1
  _ST7579_Read
                                  fff87098        ac   func ,g         1
  _ST7579_SetSystemBiasBooster
                                  fff87144        ba   func ,g         2
  _ST7579_SetVO_Range
                                  fff871fe        56   func ,g         2
  _ST7579_Config
                                  fff87254        4e   func ,g         0
  _ST7579_Send16bitsCommand
                                  fff872a2        1c   func ,g         1
  _ST7579_Send8bitsData
                                  fff872be         9   func ,g         0
  _ST7579_SetFrameRate
                                  fff872c7        6f   func ,g         2
  _ST7579_SetPage
                                  fff87336        23   func ,g         3
  _ST7579_SetChar
                                  fff87359        21   func ,g         4
  _ST7579_SetLine
                                  fff8737a        4d   func ,g         1
FILE=.\r_bsp\board\rdkrx63n\lowlvl.obj
                                  fff873c7  fff873f4        2e
  _charput
                                  fff873c7         0   none ,g         1
  __C2ESTART
                                  fff873c7         0   none ,l         0
  __TXLOOP
                                  fff873d0         0   none ,l         1
  __WRITEFC2E0
                                  fff873d6         0   none ,l         0
  __CHARPUTEXIT
                                  fff873dd         0   none ,l         0
  _charget
                                  fff873de         0   none ,g         1
  __E2CSTART
                                  fff873de         0   none ,l         0
  __RXLOOP
                                  fff873e7         0   none ,l         1
  __READFE2C0
                                  fff873ed         0   none ,l         0
  __CHARGETEXIT
                                  fff873f4         0   none ,l         0
FILE=.\r_bsp\board\rdkrx63n\hwsetup.obj
                                  fff873f5  fff8753e       14a
  _hardware_setup
                                  fff873f5       14a   func ,g         1
FILE=.\r_bsp\board\rdkrx63n\lcd.obj
                                  fff8753f  fff875d5        97
  _lcd_initialize
                                  fff8753f        35   func ,g         1
  _lcd_clear
                                  fff87574         c   func ,g         1
  _lcd_display
                                  fff87580        56   func ,g         f
FILE=.\r_bsp\board\rdkrx63n\lowsrc.obj
                                  fff875d6  fff8776e       199
  __INIT_IOLIB
                                  fff875d6        77   func ,g         1
  __CLOSEALL
                                  fff8764d        21   func ,g         1
  _open
                                  fff8766e        79   func ,g         1
  _close
                                  fff876e7         3   func ,g         1
  _write
                                  fff876ea        42   func ,g         1
  _read
                                  fff8772c        3f   func ,g         0
  _lseek
                                  fff8776b         4   func ,g         0
FILE=.\r_bsp\board\rdkrx63n\resetprg.obj
                                  fff8776f  fff87818        aa
  _PowerON_Reset_PC
                                  fff8776f        aa   entry,g         1
FILE=.\r_bsp\board\rdkrx63n\sbrk.obj
                                  fff87819  fff87839        21
  _sbrk
                                  fff87819        21   func ,g         1
FILE=.\r_bsp\board\rdkrx63n\vecttbl.obj
                                  fff8783a  fff8784b        12
  _excep_supervisor_inst_isr
                                  fff8783a         3   func ,g         1
  _excep_undefined_inst_isr
                                  fff8783d         3   func ,g         1
  _excep_floating_point_isr
                                  fff87840         3   func ,g         1
  _non_maskable_isr
                                  fff87843         3   func ,g         1
  _undefined_interrupt_source_isr
                                  fff87846         3   func ,g         7
  _bus_error_isr
                                  fff87849         3   func ,g         0
FILE=asinf
                                  fff8784c  fff87948        fd
  _poly_asinf
                                  fff8784c        4b   func ,l         1
  _asinf_special
                                  fff87897        2d   func ,l         1
  _asinl
                                  fff878c4         2   func ,g         0
  _asin
                                  fff878c6         2   func ,g         3
  _asinf
                                  fff878c8        81   func ,g         1
FILE=atanf
                                  fff87949  fff87a69       121
  _poly_atanf
                                  fff87949        73   func ,l         3
  _atanf_special_case
                                  fff879bc        25   func ,l         2
  _atanl
                                  fff879e1         2   func ,g         0
  _atan
                                  fff879e3         2   func ,g         5
  _atanf
                                  fff879e5        85   func ,g         1
FILE=atan2f
                                  fff87a6a  fff87a96        2d
  _atan2l
                                  fff87a6a         2   func ,g         0
  _atan2
                                  fff87a6c         2   func ,g         5
  _atan2f
                                  fff87a6e        29   func ,g         1
FILE=cosf
                                  fff87a97  fff87aca        34
  _cosl
                                  fff87a97         2   func ,g         0
  _cos
                                  fff87a99         2   func ,g         3
  _cosf
                                  fff87a9b        30   func ,g         1
FILE=sinf
                                  fff87acb  fff87b0b        41
  _sinl
                                  fff87acb         2   func ,g         0
  _sin
                                  fff87acd         2   func ,g         3
  _sinf
                                  fff87acf        3d   func ,g         1
FILE=powf
                                  fff87b0c  fff87b38        2d
  _powl
                                  fff87b0c         2   func ,g         0
  _pow
                                  fff87b0e         2   func ,g         d
  _powf
                                  fff87b10        29   func ,g         1
FILE=sqrtf
                                  fff87b39  fff87c0c        d4
  _in_sqrtf1
                                  fff87b39        4f   func ,l         1
  _sqrt_rare0
                                  fff87b88        27   func ,l         1
  _sqrtl
                                  fff87baf         2   func ,g         0
  _sqrt
                                  fff87bb1         2   func ,g         4
  _sqrtf
                                  fff87bb3        5a   func ,g         2
FILE=freopen
                                  fff87c0d  fff87c3b        2f
  _freopen
                                  fff87c0d        2f   func ,g         3
FILE=fclose
                                  fff87c3c  fff87c8f        54
  _fclose
                                  fff87c3c        54   func ,g         4
FILE=printf
                                  fff87c90  fff87cce        3f
  _prout
                                  fff87c90        1d   func ,l         1
  _printf
                                  fff87cad        22   func ,g         6
FILE=sprintf
                                  fff87ccf  fff87d05        37
  _prout
                                  fff87ccf         b   func ,l         1
  _sprintf
                                  fff87cda        2c   func ,g         7
FILE=vsprintf
                                  fff87d06  fff87d39        34
  _prout
                                  fff87d06         b   func ,l         1
  _vsprintf
                                  fff87d11        29   func ,g         1
FILE=__initsct
                                  fff87d3a  fff87d83        4a
  __INITSCT
                                  fff87d3a         0   none ,g         1
  loop1
                                  fff87d4c         0   none ,l         1
  next_loop1
                                  fff87d5a         0   none ,l         2
  loop3
                                  fff87d6c         0   none ,l         1
  next_loop3
                                  fff87d7d         0   none ,l         2
FILE=free
                                  fff87d84  fff87e06        83
  _free
                                  fff87d84        83   func ,g         7
FILE=malloc
                                  fff87e07  fff87ee4        de
  _findmem
                                  fff87e07        7b   func ,l         1
  _malloc
                                  fff87e82        63   func ,g         6
FILE=_i_atn2s
                                  fff87ee5  fff87f10        2c
  __in_atan2s
                                  fff87ee5        2c   func ,g         1
FILE=_in_pows
                                  fff87f11  fff88019       109
  __in_pows
                                  fff87f11       109   func ,g         1
FILE=asincosfsub
                                  fff8801a  fff880ae        95
  ___poly_acosf
                                  fff8801a        55   func ,g         1
  ___poly_acosf_neg
                                  fff8806f        40   func ,g         1
FILE=nanfval
                                  fff880af  fff880b5         7
  ___nanf_value
                                  fff880af         7   func ,g         3
FILE=sincosfsub
                                  fff880b6  fff8819f        ea
  ___poly_sinf
                                  fff880b6        31   func ,g         3
  ___poly_cosf
                                  fff880e7        28   func ,g         3
  _poly_cosfn
                                  fff8810f         7   func ,l         1
  _poly_sinfn
                                  fff88116         5   func ,l         1
  _sincosf_special
                                  fff8811b        33   func ,l         1
  ___internal_sincosf
                                  fff8814e        52   func ,g         4
FILE=fwrite
                                  fff881a0  fff88272        d3
  _fwrite
                                  fff881a0        d3   func ,g         1
FILE=fflush
                                  fff88273  fff882f5        83
  _fflush
                                  fff88273        83   func ,g         5
FILE=xfoprep
                                  fff882f6  fff883cd        d8
  __Foprep
                                  fff882f6        d8   func ,g         1
FILE=xfofind
                                  fff883ce  fff8845b        8e
  __Fofind
                                  fff883ce        45   func ,g         0
  __Fofree
                                  fff88413        49   func ,g         2
FILE=xprintf
                                  fff8845c  fff886c1       266
  __Printf
                                  fff8845c       266   func ,g         3
FILE=xgetmem
                                  fff886c2  fff886dc        1b
  __Getmem
                                  fff886c2        1b   func ,g         1
FILE=fmodf
                                  fff886dd  fff8870e        32
  _fmodl
                                  fff886dd         2   func ,g         0
  _fmod
                                  fff886df         2   func ,g         1
  _fmodf
                                  fff886e1        2e   func ,g         2
FILE=_i_atans
                                  fff8870f  fff88880       172
  __in_atans
                                  fff8870f       172   func ,g         1
FILE=_i_ldes
                                  fff88881  fff888ff        7f
  __in_ldexps
                                  fff88881        7f   func ,g         4
FILE=_in_exps
                                  fff88900  fff889fa        fb
  __in_exps
                                  fff88900        fb   func ,g         2
FILE=_in_logs
                                  fff889fb  fff88ac3        c9
  __in_logs
                                  fff889fb        c9   func ,g         2
FILE=xfwprep
                                  fff88ac4  fff88b5c        99
  __Fwprep
                                  fff88ac4        99   func ,g         1
FILE=xputfld
                                  fff88b5d  fff88ff5       499
  __Putfld
                                  fff88b5d       499   func ,g         1
FILE=xfopen
                                  fff88ff6  fff89025        30
  __Fopen
                                  fff88ff6        30   func ,g         1
FILE=xvacopy
                                  fff89026  fff8902d         8
  __Vacopy
                                  fff89026         8   func ,g         2
FILE=xputtxt
                                  fff8902e  fff89312       2e5
  __Puttxt
                                  fff8902e       2e5   func ,g         3
FILE=strchr
                                  fff89313  fff89328        16
  _strchr
                                  fff89313        16   func ,g         2
FILE=xctype
                                  fff89329  fff8933e        16
  __Getpctype
                                  fff89329        16   func ,g         0
FILE=_a_atans
                                  fff8933f  fff89363        25
  __app_atans
                                  fff8933f        25   func ,g         4
FILE=_i_fmds
                                  fff89364  fff8943d        da
  __in_fmods
                                  fff89364        da   func ,g         2
FILE=xldtob
                                  fff8943e  fff89875       438
  __Ldtob
                                  fff8943e       438   func ,g         1
FILE=xputstr
                                  fff89876  fff89955        e0
  __Putstr
                                  fff89876        e0   func ,g         1
FILE=xlitob
                                  fff89956  fff89a6d       118
  __Litob
                                  fff89956       118   func ,g         1
FILE=xgenld
                                  fff89a6e  fff89d1b       2ae
  __Genld
                                  fff89a6e       2ae   func ,g         1
FILE=xwctomb
                                  fff89d1c  fff89e74       159
  __Wctombx
                                  fff89d1c       113   func ,g         1
  __Wctomb
                                  fff89e2f        46   func ,g         1
FILE=xstate
                                  fff89e75  fff89ea6        32
  __Getmbcurmax
                                  fff89e75        16   func ,g         2
  __Getpmbstate
                                  fff89e8b        1c   func ,g         0
FILE=xldscale
                                  fff89ea7  fff89eaa         4
  __LDscale
                                  fff89ea7         4   func ,g         1
FILE=xldunsca
                                  fff89eab  fff89eae         4
  __LDunscale
                                  fff89eab         4   func ,g         1
FILE=__COM_DIV64u
                                  fff89eaf  fff89f47        99
  __COM_DIV64u
                                  fff89eaf         0   none ,g         2
  _Loop_Init
                                  fff89eb9         0   none ,l         2
  _Loop
                                  fff89ec1         0   none ,l         1
  _DivStart
                                  fff89ecd         0   none ,l         3
  _Success
                                  fff89edb         0   none ,l         1
  _DivEnd
                                  fff89ee7         0   none ,l         0
  IXI6DIV
                                  fff89eec         0   none ,l         1
  IXI4DIV
                                  fff89efe         0   none ,l         1
  IXI2DIV
                                  fff89f0e         0   none ,l         1
  I8I2DIV
                                  fff89f16         0   none ,l         1
  I4I2DIV
                                  fff89f44         0   none ,l         1
  _i8divU_End
                                  fff89f47         0   none ,l         0
FILE=__COM_MOD64u
                                  fff89f48  fff89fce        87
  __COM_MOD64u
                                  fff89f48         0   none ,g         1
  _Loop_Init
                                  fff89f52         0   none ,l         2
  _Loop
                                  fff89f56         0   none ,l         1
  _DivStart
                                  fff89f62         0   none ,l         3
  _Success
                                  fff89f70         0   none ,l         1
  _DivEnd
                                  fff89f78         0   none ,l         0
  IXI6DIV
                                  fff89f79         0   none ,l         1
  IXI4DIV
                                  fff89f8b         0   none ,l         1
  IXI2DIV
                                  fff89f9b         0   none ,l         1
  I8I2DIV
                                  fff89fa3         0   none ,l         1
  I4I2DIV
                                  fff89fc3         0   none ,l         1
FILE=_div
                                  fff89fcf  fff89fda         c
  _ldiv
                                  fff89fcf         0   none ,g         1
  _div
                                  fff89fcf         0   none ,g         1
FILE=localeco
                                  fff89fdb  fff89fe1         7
  _localeconv
                                  fff89fdb         7   func ,g         1
FILE=xwcstate
                                  fff89fe2  fff89ffd        1c
  __Getpwcstate
                                  fff89fe2        1c   func ,g         0
FILE=xfdscale
                                  fff89ffe  fff8a121       124
  __FDscale
                                  fff89ffe       124   func ,g         1
FILE=xfdunsca
                                  fff8a122  fff8a17c        5b
  __FDunscale
                                  fff8a122        5b   func ,g         1
FILE=xfdnorm
                                  fff8a17d  fff8a1fb        7f
  __FDnorm
                                  fff8a17d        7f   func ,g         2

SECTION=W_1
FILE=.\r_glyph\src\glyph\drivers\st7579_lcd.obj
                                  fff8a1fc  fff8a21f        24

SECTION=W_2
FILE=.\r_glyph\src\glyph\drivers\st7579_lcd.obj
                                  fff8a220  fff8a275        56

SECTION=$ADDR_C_FFFFFF80
FILE=.\r_bsp\board\rdkrx63n\flash_options.obj
                                  ffffff80  ffffff8f        10
  _flash_options
                                  ffffff80        10   data ,g         0

SECTION=FIXEDVECT
FILE=.\r_bsp\board\rdkrx63n\vecttbl.obj
                                  ffffff90  ffffffff        70
  _Fixed_Vectors
                                  ffffff90        70   data ,g         0

Absolute value symbols
FILE=.\r_bsp\board\rdkrx63n\lowlvl.obj
  TXFL0EN
                                  00000100         0   none ,l         0
  RXFL0EN
                                  00001000         0   none ,l         0
  FE2C0
                                  00084090         0   none ,l         0
  DBGSTAT
                                  000840c0         0   none ,l         0
  FC2E0
                                  00084080         0   none ,l         0

*** Unfilled Areas ***

AREA                                START    END

*** Delete Symbols ***

SYMBOL                                SIZE    INFO
